Archive member included to satisfy reference by file (symbol)

libkiss_fftr.a(kiss_fftr.c.obj)
                              CMakeFiles/Studienarbeit_Display.dir/Studienarbeit_Display.c.obj (kiss_fftr_alloc)
libkiss_fft.a(kiss_fft.c.obj)
                              libkiss_fftr.a(kiss_fftr.c.obj) (kiss_fft_alloc)
c:/progra~2/gnuarm~1/102020~1/bin/../lib/gcc/arm-none-eabi/10.2.1/thumb/v6-m/nofp\libgcc.a(_dvmd_tls.o)
                              CMakeFiles/Studienarbeit_Display.dir/D_/Pico/pico-sdk/src/rp2_common/pico_divider/divider.S.obj (__aeabi_idiv0)
c:/progra~2/gnuarm~1/102020~1/bin/../lib/gcc/arm-none-eabi/10.2.1/../../../../arm-none-eabi/lib/thumb/v6-m/nofp\libg.a(lib_a-calloc.o)
                              CMakeFiles/Studienarbeit_Display.dir/D_/Pico/pico-sdk/src/rp2_common/pico_malloc/pico_malloc.c.obj (calloc)
c:/progra~2/gnuarm~1/102020~1/bin/../lib/gcc/arm-none-eabi/10.2.1/../../../../arm-none-eabi/lib/thumb/v6-m/nofp\libg.a(lib_a-callocr.o)
                              c:/progra~2/gnuarm~1/102020~1/bin/../lib/gcc/arm-none-eabi/10.2.1/../../../../arm-none-eabi/lib/thumb/v6-m/nofp\libg.a(lib_a-calloc.o) (_calloc_r)
c:/progra~2/gnuarm~1/102020~1/bin/../lib/gcc/arm-none-eabi/10.2.1/../../../../arm-none-eabi/lib/thumb/v6-m/nofp\libg.a(lib_a-ctype_.o)
                              CMakeFiles/Studienarbeit_Display.dir/D_/Pico/pico-sdk/lib/tinyusb/src/tusb.c.obj (_ctype_)
c:/progra~2/gnuarm~1/102020~1/bin/../lib/gcc/arm-none-eabi/10.2.1/../../../../arm-none-eabi/lib/thumb/v6-m/nofp\libg.a(lib_a-fwrite.o)
                              libkiss_fftr.a(kiss_fftr.c.obj) (fwrite)
c:/progra~2/gnuarm~1/102020~1/bin/../lib/gcc/arm-none-eabi/10.2.1/../../../../arm-none-eabi/lib/thumb/v6-m/nofp\libg.a(lib_a-impure.o)
                              libkiss_fftr.a(kiss_fftr.c.obj) (_impure_ptr)
c:/progra~2/gnuarm~1/102020~1/bin/../lib/gcc/arm-none-eabi/10.2.1/../../../../arm-none-eabi/lib/thumb/v6-m/nofp\libg.a(lib_a-init.o)
                              c:/progra~2/gnuarm~1/102020~1/bin/../lib/gcc/arm-none-eabi/10.2.1/../../../../arm-none-eabi/lib/thumb/v6-m/nofp/crt0.o (__libc_init_array)
c:/progra~2/gnuarm~1/102020~1/bin/../lib/gcc/arm-none-eabi/10.2.1/../../../../arm-none-eabi/lib/thumb/v6-m/nofp\libg.a(lib_a-lock.o)
                              c:/progra~2/gnuarm~1/102020~1/bin/../lib/gcc/arm-none-eabi/10.2.1/../../../../arm-none-eabi/lib/thumb/v6-m/nofp\libg.a(lib_a-fwrite.o) (__retarget_lock_acquire_recursive)
c:/progra~2/gnuarm~1/102020~1/bin/../lib/gcc/arm-none-eabi/10.2.1/../../../../arm-none-eabi/lib/thumb/v6-m/nofp\libg.a(lib_a-malloc.o)
                              CMakeFiles/Studienarbeit_Display.dir/D_/Pico/pico-sdk/src/rp2_common/pico_malloc/pico_malloc.c.obj (malloc)
c:/progra~2/gnuarm~1/102020~1/bin/../lib/gcc/arm-none-eabi/10.2.1/../../../../arm-none-eabi/lib/thumb/v6-m/nofp\libg.a(lib_a-mallocr.o)
                              c:/progra~2/gnuarm~1/102020~1/bin/../lib/gcc/arm-none-eabi/10.2.1/../../../../arm-none-eabi/lib/thumb/v6-m/nofp\libg.a(lib_a-callocr.o) (_malloc_r)
c:/progra~2/gnuarm~1/102020~1/bin/../lib/gcc/arm-none-eabi/10.2.1/../../../../arm-none-eabi/lib/thumb/v6-m/nofp\libg.a(lib_a-mlock.o)
                              c:/progra~2/gnuarm~1/102020~1/bin/../lib/gcc/arm-none-eabi/10.2.1/../../../../arm-none-eabi/lib/thumb/v6-m/nofp\libg.a(lib_a-mallocr.o) (__malloc_lock)
c:/progra~2/gnuarm~1/102020~1/bin/../lib/gcc/arm-none-eabi/10.2.1/../../../../arm-none-eabi/lib/thumb/v6-m/nofp\libg.a(lib_a-sbrkr.o)
                              c:/progra~2/gnuarm~1/102020~1/bin/../lib/gcc/arm-none-eabi/10.2.1/../../../../arm-none-eabi/lib/thumb/v6-m/nofp\libg.a(lib_a-mallocr.o) (_sbrk_r)
c:/progra~2/gnuarm~1/102020~1/bin/../lib/gcc/arm-none-eabi/10.2.1/../../../../arm-none-eabi/lib/thumb/v6-m/nofp\libg.a(lib_a-strcat.o)
                              CMakeFiles/Studienarbeit_Display.dir/Studienarbeit_Display.c.obj (strcat)
c:/progra~2/gnuarm~1/102020~1/bin/../lib/gcc/arm-none-eabi/10.2.1/../../../../arm-none-eabi/lib/thumb/v6-m/nofp\libg.a(lib_a-strcpy.o)
                              c:/progra~2/gnuarm~1/102020~1/bin/../lib/gcc/arm-none-eabi/10.2.1/../../../../arm-none-eabi/lib/thumb/v6-m/nofp\libg.a(lib_a-strcat.o) (strcpy)
c:/progra~2/gnuarm~1/102020~1/bin/../lib/gcc/arm-none-eabi/10.2.1/../../../../arm-none-eabi/lib/thumb/v6-m/nofp\libg.a(lib_a-strlen-stub.o)
                              CMakeFiles/Studienarbeit_Display.dir/D_/Pico/pico-sdk/src/rp2_common/pico_stdio/stdio.c.obj (strlen)
c:/progra~2/gnuarm~1/102020~1/bin/../lib/gcc/arm-none-eabi/10.2.1/../../../../arm-none-eabi/lib/thumb/v6-m/nofp\libg.a(lib_a-findfp.o)
                              c:/progra~2/gnuarm~1/102020~1/bin/../lib/gcc/arm-none-eabi/10.2.1/../../../../arm-none-eabi/lib/thumb/v6-m/nofp\libg.a(lib_a-fwrite.o) (__sinit)
c:/progra~2/gnuarm~1/102020~1/bin/../lib/gcc/arm-none-eabi/10.2.1/../../../../arm-none-eabi/lib/thumb/v6-m/nofp\libg.a(lib_a-freer.o)
[...]
Memory Configuration

Name             Origin             Length             Attributes
FLASH            0x10000000         0x00200000         xr
RAM              0x20000000         0x00040000         xrw
SCRATCH_X        0x20040000         0x00001000         xrw
SCRATCH_Y        0x20041000         0x00001000         xrw
*default*        0x00000000         0xffffffff

Linker script and memory map

LOAD c:/progra~2/gnuarm~1/102020~1/bin/../lib/gcc/arm-none-eabi/10.2.1/thumb/v6-m/nofp/crti.o
LOAD c:/progra~2/gnuarm~1/102020~1/bin/../lib/gcc/arm-none-eabi/10.2.1/thumb/v6-m/nofp/crtbegin.o
LOAD c:/progra~2/gnuarm~1/102020~1/bin/../lib/gcc/arm-none-eabi/10.2.1/../../../../arm-none-eabi/lib/thumb/v6-m/nofp/crt0.o

.flash_begin    0x10000000        0x0
                0x10000000                __flash_binary_start = .

.boot2          0x10000000      0x100
                0x10000000                __boot2_start__ = .
 *(.boot2)
 .boot2         0x10000000      0x100 C:\Users\Niklas\AppData\Local\Temp\ccx17aLk.o
                0x10000100                __boot2_end__ = .
                0x00000001                ASSERT (((__boot2_end__ - __boot2_start__) == 0x100), ERROR: Pico second stage bootloader must be 256 bytes in size)

.text           0x10000100     0xab40
                0x10000100                __logical_binary_start = .
 *(.vectors)
 .vectors       0x10000100       0xd4 CMakeFiles/Studienarbeit_Display.dir/D_/Pico/pico-sdk/src/rp2_common/pico_standard_link/crt0.S.obj
                0x10000100                __vectors
                0x100001c0                isr_invalid
                0x100001c2                isr_nmi
                0x100001c4                isr_hardfault
                0x100001c6                isr_svcall
                0x100001c8                isr_pendsv
                0x100001ca                isr_systick
                0x100001cc                isr_irq11
                0x100001cc                isr_irq5
                0x100001cc                isr_irq23
                0x100001cc                isr_irq18
                0x100001cc                isr_irq31
                0x100001cc                isr_irq28
                0x100001cc                isr_irq19
                0x100001cc                isr_irq0
                0x100001cc                isr_irq6
                0x100001cc                isr_irq27
                0x100001cc                isr_irq12
                0x100001cc                isr_irq22
                0x100001cc                isr_irq13
                0x100001cc                isr_irq17
                0x100001cc                isr_irq14
                0x100001cc                isr_irq2
                0x100001cc                isr_irq10
                0x100001cc                isr_irq8
                0x100001cc                isr_irq24
                0x100001cc                isr_irq1
                0x100001cc                isr_irq7
                0x100001cc                isr_irq21
                0x100001cc                isr_irq20
                0x100001cc                isr_irq15
                0x100001cc                isr_irq25
                0x100001cc                __unhandled_user_irq
                0x100001cc                isr_irq4
                0x100001cc                isr_irq16
                0x100001cc                isr_irq29
                0x100001cc                isr_irq26
                0x100001cc                isr_irq3
                0x100001cc                isr_irq30
                0x100001cc                isr_irq9
                0x100001d2                unhandled_user_irq_num_in_r0
 *(.binary_info_header)
 .binary_info_header
                0x100001d4       0x14 CMakeFiles/Studienarbeit_Display.dir/D_/Pico/pico-sdk/src/rp2_common/pico_standard_link/crt0.S.obj
                0x100001e8                __binary_info_header_end = .
 *(.reset)
 .reset         0x100001e8       0xa8 CMakeFiles/Studienarbeit_Display.dir/D_/Pico/pico-sdk/src/rp2_common/pico_standard_link/crt0.S.obj
                0x100001e8                _entry_point
                0x10000266                __get_current_exception
 .reset         0x10000290       0x30 CMakeFiles/Studienarbeit_Display.dir/D_/Pico/pico-sdk/src/rp2_common/pico_standard_link/binary_info.c.obj
 *(.init)
 .init          0x100002c0        0x4 c:/progra~2/gnuarm~1/102020~1/bin/../lib/gcc/arm-none-eabi/10.2.1/thumb/v6-m/nofp/crti.o
                0x100002c0                _init
 *(EXCLUDE_FILE(*libm.a: *libc.a:*lib_a-mem*.o *libgcc.a:) .text*)
 .text          0x100002c4       0x48 c:/progra~2/gnuarm~1/102020~1/bin/../lib/gcc/arm-none-eabi/10.2.1/thumb/v6-m/nofp/crtbegin.o
 .text.init_i2c
                0x1000030c       0x38 CMakeFiles/Studienarbeit_Display.dir/Studienarbeit_Display.c.obj
 .text.sample   0x10000344       0x84 CMakeFiles/Studienarbeit_Display.dir/Studienarbeit_Display.c.obj
                0x10000344                sample
 .text.setup_adc_fft
                0x100003c8      0x12c CMakeFiles/Studienarbeit_Display.dir/Studienarbeit_Display.c.obj
                0x100003c8                setup_adc_fft
 .text.pages    0x100004f4        0xc CMakeFiles/Studienarbeit_Display.dir/Studienarbeit_Display.c.obj
                0x100004f4                pages
 .text.fill_scr
                0x10000500       0x18 CMakeFiles/Studienarbeit_Display.dir/Studienarbeit_Display.c.obj
                0x10000500                fill_scr
 .text.send_data
                0x10000518       0x1c CMakeFiles/Studienarbeit_Display.dir/Studienarbeit_Display.c.obj
                0x10000518                send_data
 .text.send2    0x10000534       0x16 CMakeFiles/Studienarbeit_Display.dir/Studienarbeit_Display.c.obj
                0x10000534                send2
 .text.write_cmd
                0x1000054a        0xc CMakeFiles/Studienarbeit_Display.dir/Studienarbeit_Display.c.obj
                0x1000054a                write_cmd
 *fill*         0x10000556        0x2 
 .text.show_scr
                0x10000558       0x54 CMakeFiles/Studienarbeit_Display.dir/Studienarbeit_Display.c.obj
                0x10000558                show_scr
 .text.init_display
                0x100005ac       0x34 CMakeFiles/Studienarbeit_Display.dir/Studienarbeit_Display.c.obj
                0x100005ac                init_display
 .text.draw_pixel
                0x100005e0       0x6c CMakeFiles/Studienarbeit_Display.dir/Studienarbeit_Display.c.obj
                0x100005e0                draw_pixel
 .text.draw_letter_at
                0x1000064c       0x88 CMakeFiles/Studienarbeit_Display.dir/Studienarbeit_Display.c.obj
                0x1000064c                draw_letter_at
 .text.ssd1306_print
                0x100006d4       0x40 CMakeFiles/Studienarbeit_Display.dir/Studienarbeit_Display.c.obj
                0x100006d4                ssd1306_print
 .text.setCursorx
                0x10000714        0xc CMakeFiles/Studienarbeit_Display.dir/Studienarbeit_Display.c.obj
                0x10000714                setCursorx
 .text.setCursory
                0x10000720        0xc CMakeFiles/Studienarbeit_Display.dir/Studienarbeit_Display.c.obj
                0x10000720                setCursory
 .text.main     0x1000072c      0x1fc CMakeFiles/Studienarbeit_Display.dir/Studienarbeit_Display.c.obj
                0x1000072c                main
 .text.gpio_set_function
                0x10000928       0x30 CMakeFiles/Studienarbeit_Display.dir/D_/Pico/pico-sdk/src/rp2_common/hardware_gpio/gpio.c.obj
                0x10000928                gpio_set_function
 .text.gpio_set_pulls
                0x10000958       0x34 CMakeFiles/Studienarbeit_Display.dir/D_/Pico/pico-sdk/src/rp2_common/hardware_gpio/gpio.c.obj
                0x10000958                gpio_set_pulls
 .text.gpio_set_input_enabled
                0x1000098c       0x30 CMakeFiles/Studienarbeit_Display.dir/D_/Pico/pico-sdk/src/rp2_common/hardware_gpio/gpio.c.obj
                0x1000098c                gpio_set_input_enabled
 .text.gpio_init
                0x100009bc       0x16 CMakeFiles/Studienarbeit_Display.dir/D_/Pico/pico-sdk/src/rp2_common/hardware_gpio/gpio.c.obj
                0x100009bc                gpio_init
 *fill*         0x100009d2        0x2 
 .text.hw_claim_lock
                0x100009d4       0x18 CMakeFiles/Studienarbeit_Display.dir/D_/Pico/pico-sdk/src/rp2_common/hardware_claim/claim.c.obj
                0x100009d4                hw_claim_lock
 .text.hw_claim_unlock
                0x100009ec       0x14 CMakeFiles/Studienarbeit_Display.dir/D_/Pico/pico-sdk/src/rp2_common/hardware_claim/claim.c.obj
                0x100009ec                hw_claim_unlock
 .text.hw_claim_or_assert
                0x10000a00       0x36 CMakeFiles/Studienarbeit_Display.dir/D_/Pico/pico-sdk/src/rp2_common/hardware_claim/claim.c.obj
                0x10000a00                hw_claim_or_assert
 .text.hw_claim_unused_from_range
                0x10000a36       0x58 CMakeFiles/Studienarbeit_Display.dir/D_/Pico/pico-sdk/src/rp2_common/hardware_claim/claim.c.obj
                0x10000a36                hw_claim_unused_from_range
 *fill*         0x10000a8e        0x2 
 .text.spin_locks_reset
                0x10000a90       0x20 CMakeFiles/Studienarbeit_Display.dir/D_/Pico/pico-sdk/src/rp2_common/hardware_sync/sync.c.obj
                0x10000a90                spin_locks_reset
 .text.next_striped_spin_lock_num
                0x10000ab0       0x1c CMakeFiles/Studienarbeit_Display.dir/D_/Pico/pico-sdk/src/rp2_common/hardware_sync/sync.c.obj
                0x10000ab0                next_striped_spin_lock_num
 .text.spin_lock_claim_unused
                0x10000acc       0x20 CMakeFiles/Studienarbeit_Display.dir/D_/Pico/pico-sdk/src/rp2_common/hardware_sync/sync.c.obj
                0x10000acc                spin_lock_claim_unused
 .text.running_on_fpga
                0x10000aec       0x14 CMakeFiles/Studienarbeit_Display.dir/D_/Pico/pico-sdk/src/rp2_common/pico_platform/platform.c.obj
                0x10000aec                running_on_fpga
 .text.uart_set_baudrate
                0x10000b00       0x64 CMakeFiles/Studienarbeit_Display.dir/D_/Pico/pico-sdk/src/rp2_common/hardware_uart/uart.c.obj
                0x10000b00                uart_set_baudrate
 .text.uart_set_translate_crlf
                0x10000b64       0x28 CMakeFiles/Studienarbeit_Display.dir/D_/Pico/pico-sdk/src/rp2_common/hardware_uart/uart.c.obj
                0x10000b64                uart_set_translate_crlf
 .text.uart_init
                0x10000b8c       0x80 CMakeFiles/Studienarbeit_Display.dir/D_/Pico/pico-sdk/src/rp2_common/hardware_uart/uart.c.obj
                0x10000b8c                uart_init
 .text.sev_callback
                0x10000c0c        0x8 CMakeFiles/Studienarbeit_Display.dir/D_/Pico/pico-sdk/src/common/pico_time/time.c.obj
 .text.alarm_pool_post_alloc_init
                0x10000c14       0x40 CMakeFiles/Studienarbeit_Display.dir/D_/Pico/pico-sdk/src/common/pico_time/time.c.obj
 .text.timer_pool_entry_comparator
                0x10000c54       0x78 CMakeFiles/Studienarbeit_Display.dir/D_/Pico/pico-sdk/src/common/pico_time/time.c.obj
                0x10000c54                timer_pool_entry_comparator
 .text.ph_add_child_node
                0x10000ccc       0xa4 CMakeFiles/Studienarbeit_Display.dir/D_/Pico/pico-sdk/src/common/pico_time/time.c.obj
 .text.ph_merge_nodes
                0x10000d70       0x3e CMakeFiles/Studienarbeit_Display.dir/D_/Pico/pico-sdk/src/common/pico_time/time.c.obj
 *fill*         0x10000dae        0x2 
 .text.add_alarm_under_lock
                0x10000db0      0x174 CMakeFiles/Studienarbeit_Display.dir/D_/Pico/pico-sdk/src/common/pico_time/time.c.obj
 .text.alarm_pool_alarm_callback
                0x10000f24      0x308 CMakeFiles/Studienarbeit_Display.dir/D_/Pico/pico-sdk/src/common/pico_time/time.c.obj
 .text.alarm_pool_init_default
                0x1000122c       0x2c CMakeFiles/Studienarbeit_Display.dir/D_/Pico/pico-sdk/src/common/pico_time/time.c.obj
                0x1000122c                alarm_pool_init_default
 .text.alarm_pool_get_default
                0x10001258       0x2c CMakeFiles/Studienarbeit_Display.dir/D_/Pico/pico-sdk/src/common/pico_time/time.c.obj
                0x10001258                alarm_pool_get_default
 .text.alarm_pool_add_alarm_at
                0x10001284      0x140 CMakeFiles/Studienarbeit_Display.dir/D_/Pico/pico-sdk/src/common/pico_time/time.c.obj
                0x10001284                alarm_pool_add_alarm_at
 .text.alarm_pool_cancel_alarm
                0x100013c4       0xec CMakeFiles/Studienarbeit_Display.dir/D_/Pico/pico-sdk/src/common/pico_time/time.c.obj
                0x100013c4                alarm_pool_cancel_alarm
 .text.sleep_until
                0x100014b0       0xa0 CMakeFiles/Studienarbeit_Display.dir/D_/Pico/pico-sdk/src/common/pico_time/time.c.obj
                0x100014b0                sleep_until
 .text.sleep_us
                0x10001550       0x2e CMakeFiles/Studienarbeit_Display.dir/D_/Pico/pico-sdk/src/common/pico_time/time.c.obj
                0x10001550                sleep_us
 .text.sleep_ms
                0x1000157e       0x14 CMakeFiles/Studienarbeit_Display.dir/D_/Pico/pico-sdk/src/common/pico_time/time.c.obj
                0x1000157e                sleep_ms
 *fill*         0x10001592        0x2 
 .text.best_effort_wfe_or_timeout
                0x10001594       0x80 CMakeFiles/Studienarbeit_Display.dir/D_/Pico/pico-sdk/src/common/pico_time/time.c.obj
                0x10001594                best_effort_wfe_or_timeout
 .text.hardware_alarm_irq_handler
                0x10001614       0x8c CMakeFiles/Studienarbeit_Display.dir/D_/Pico/pico-sdk/src/rp2_common/hardware_timer/timer.c.obj
 .text.hardware_alarm_claim
                0x100016a0       0x18 CMakeFiles/Studienarbeit_Display.dir/D_/Pico/pico-sdk/src/rp2_common/hardware_timer/timer.c.obj
                0x100016a0                hardware_alarm_claim
 .text.time_us_64
                0x100016b8       0x18 CMakeFiles/Studienarbeit_Display.dir/D_/Pico/pico-sdk/src/rp2_common/hardware_timer/timer.c.obj
                0x100016b8                time_us_64
 .text.busy_wait_until
                0x100016d0       0x28 CMakeFiles/Studienarbeit_Display.dir/D_/Pico/pico-sdk/src/rp2_common/hardware_timer/timer.c.obj
                0x100016d0                busy_wait_until
 .text.hardware_alarm_set_callback
                0x100016f8       0x90 CMakeFiles/Studienarbeit_Display.dir/D_/Pico/pico-sdk/src/rp2_common/hardware_timer/timer.c.obj
                0x100016f8                hardware_alarm_set_callback
 .text.hardware_alarm_set_target
                0x10001788       0xc8 CMakeFiles/Studienarbeit_Display.dir/D_/Pico/pico-sdk/src/rp2_common/hardware_timer/timer.c.obj
                0x10001788                hardware_alarm_set_target
 .text.hardware_alarm_cancel
                0x10001850       0x40 CMakeFiles/Studienarbeit_Display.dir/D_/Pico/pico-sdk/src/rp2_common/hardware_timer/timer.c.obj
                0x10001850                hardware_alarm_cancel
 .text.lock_init
                0x10001890       0x10 CMakeFiles/Studienarbeit_Display.dir/D_/Pico/pico-sdk/src/common/pico_sync/lock_core.c.obj
                0x10001890                lock_init
 .text.mutex_init
                0x100018a0       0x1a CMakeFiles/Studienarbeit_Display.dir/D_/Pico/pico-sdk/src/common/pico_sync/mutex.c.obj
                0x100018a0                mutex_init
 .text.critical_section_init_with_lock_num
                0x100018ba        0xc CMakeFiles/Studienarbeit_Display.dir/D_/Pico/pico-sdk/src/common/pico_sync/critical_section.c.obj
                0x100018ba                critical_section_init_with_lock_num
 .text.critical_section_init
                0x100018c6       0x14 CMakeFiles/Studienarbeit_Display.dir/D_/Pico/pico-sdk/src/common/pico_sync/critical_section.c.obj
                0x100018c6                critical_section_init
 *fill*         0x100018da        0x2 
 .text.ph_add_child_node
                0x100018dc       0xa4 CMakeFiles/Studienarbeit_Display.dir/D_/Pico/pico-sdk/src/common/pico_util/pheap.c.obj
 .text.ph_merge_nodes
                0x10001980       0x3e CMakeFiles/Studienarbeit_Display.dir/D_/Pico/pico-sdk/src/common/pico_util/pheap.c.obj
 *fill*         0x100019be        0x2 
 .text.ph_clear
                0x100019c0       0x70 CMakeFiles/Studienarbeit_Display.dir/D_/Pico/pico-sdk/src/common/pico_util/pheap.c.obj
                0x100019c0                ph_clear
 .text.ph_post_alloc_init
                0x10001a30        0xe CMakeFiles/Studienarbeit_Display.dir/D_/Pico/pico-sdk/src/common/pico_util/pheap.c.obj
                0x10001a30                ph_post_alloc_init
 *fill*         0x10001a3e        0x2 
 .text.ph_merge_two_pass
                0x10001a40       0xa8 CMakeFiles/Studienarbeit_Display.dir/D_/Pico/pico-sdk/src/common/pico_util/pheap.c.obj
                0x10001a40                ph_merge_two_pass
 .text.ph_remove_any_head
                0x10001ae8      0x108 CMakeFiles/Studienarbeit_Display.dir/D_/Pico/pico-sdk/src/common/pico_util/pheap.c.obj
 .text.ph_remove_head
                0x10001bf0       0x14 CMakeFiles/Studienarbeit_Display.dir/D_/Pico/pico-sdk/src/common/pico_util/pheap.c.obj
                0x10001bf0                ph_remove_head
 .text.ph_remove_and_free_node
                0x10001c04       0xf8 CMakeFiles/Studienarbeit_Display.dir/D_/Pico/pico-sdk/src/common/pico_util/pheap.c.obj
                0x10001c04                ph_remove_and_free_node
 .text.runtime_init
                0x10001cfc       0xcc CMakeFiles/Studienarbeit_Display.dir/D_/Pico/pico-sdk/src/rp2_common/pico_runtime/runtime.c.obj
                0x10001cfc                runtime_init
 .text._exit    0x10001dc8        0x4 CMakeFiles/Studienarbeit_Display.dir/D_/Pico/pico-sdk/src/rp2_common/pico_runtime/runtime.c.obj
                0x10001dc8                _exit
 .text._sbrk    0x10001dcc       0x38 CMakeFiles/Studienarbeit_Display.dir/D_/Pico/pico-sdk/src/rp2_common/pico_runtime/runtime.c.obj
                0x10001dcc                _sbrk
 .text.exit     0x10001e04        0x6 CMakeFiles/Studienarbeit_Display.dir/D_/Pico/pico-sdk/src/rp2_common/pico_runtime/runtime.c.obj
                0x10001e04                exit
 *fill*         0x10001e0a        0x2 
 .text.__assert_func
                0x10001e0c       0x3c CMakeFiles/Studienarbeit_Display.dir/D_/Pico/pico-sdk/src/rp2_common/pico_runtime/runtime.c.obj
                0x10001e0c                __assert_func
 .text.panic    0x10001e48       0x30 CMakeFiles/Studienarbeit_Display.dir/D_/Pico/pico-sdk/src/rp2_common/pico_runtime/runtime.c.obj
                0x10001e48                panic
 .text.clock_configure
                0x10001e78       0xe8 CMakeFiles/Studienarbeit_Display.dir/D_/Pico/pico-sdk/src/rp2_common/hardware_clocks/clocks.c.obj
                0x10001e78                clock_configure
 .text.clocks_init
                0x10001f60      0x124 CMakeFiles/Studienarbeit_Display.dir/D_/Pico/pico-sdk/src/rp2_common/hardware_clocks/clocks.c.obj
                0x10001f60                clocks_init
 .text.clock_get_hz
                0x10002084        0xc CMakeFiles/Studienarbeit_Display.dir/D_/Pico/pico-sdk/src/rp2_common/hardware_clocks/clocks.c.obj
                0x10002084                clock_get_hz
 .text.watchdog_start_tick
                0x10002090       0x10 CMakeFiles/Studienarbeit_Display.dir/D_/Pico/pico-sdk/src/rp2_common/hardware_watchdog/watchdog.c.obj
                0x10002090                watchdog_start_tick
 .text.watchdog_update
                0x100020a0       0x14 CMakeFiles/Studienarbeit_Display.dir/D_/Pico/pico-sdk/src/rp2_common/hardware_watchdog/watchdog.c.obj
                0x100020a0                watchdog_update
 .text._watchdog_enable
                0x100020b4       0x70 CMakeFiles/Studienarbeit_Display.dir/D_/Pico/pico-sdk/src/rp2_common/hardware_watchdog/watchdog.c.obj
                0x100020b4                _watchdog_enable
 .text.watchdog_reboot
                0x10002124       0x48 CMakeFiles/Studienarbeit_Display.dir/D_/Pico/pico-sdk/src/rp2_common/hardware_watchdog/watchdog.c.obj
                0x10002124                watchdog_reboot
 .text.xosc_init
                0x1000216c       0x28 CMakeFiles/Studienarbeit_Display.dir/D_/Pico/pico-sdk/src/rp2_common/hardware_xosc/xosc.c.obj
                0x1000216c                xosc_init
 .text.pll_init
                0x10002194       0xd0 CMakeFiles/Studienarbeit_Display.dir/D_/Pico/pico-sdk/src/rp2_common/hardware_pll/pll.c.obj
                0x10002194                pll_init
 .text.set_raw_irq_handler_and_unlock
                0x10002264       0x28 CMakeFiles/Studienarbeit_Display.dir/D_/Pico/pico-sdk/src/rp2_common/hardware_irq/irq.c.obj
 .text.make_branch
                0x1000228c       0x34 CMakeFiles/Studienarbeit_Display.dir/D_/Pico/pico-sdk/src/rp2_common/hardware_irq/irq.c.obj
 .text.insert_branch_and_link
                0x100022c0       0x40 CMakeFiles/Studienarbeit_Display.dir/D_/Pico/pico-sdk/src/rp2_common/hardware_irq/irq.c.obj
 .text.irq_is_enabled
                0x10002300       0x18 CMakeFiles/Studienarbeit_Display.dir/D_/Pico/pico-sdk/src/rp2_common/hardware_irq/irq.c.obj
                0x10002300                irq_is_enabled
 .text.irq_set_mask_enabled
                0x10002318       0x20 CMakeFiles/Studienarbeit_Display.dir/D_/Pico/pico-sdk/src/rp2_common/hardware_irq/irq.c.obj
                0x10002318                irq_set_mask_enabled
 .text.irq_set_enabled
                0x10002338        0xe CMakeFiles/Studienarbeit_Display.dir/D_/Pico/pico-sdk/src/rp2_common/hardware_irq/irq.c.obj
                0x10002338                irq_set_enabled
 *fill*         0x10002346        0x2 
 .text.irq_set_pending
                0x10002348       0x10 CMakeFiles/Studienarbeit_Display.dir/D_/Pico/pico-sdk/src/rp2_common/hardware_irq/irq.c.obj
                0x10002348                irq_set_pending
 .text.irq_get_vtable_handler
                0x10002358       0x10 CMakeFiles/Studienarbeit_Display.dir/D_/Pico/pico-sdk/src/rp2_common/hardware_irq/irq.c.obj
                0x10002358                irq_get_vtable_handler
 .text.irq_set_exclusive_handler
                0x10002368       0x54 CMakeFiles/Studienarbeit_Display.dir/D_/Pico/pico-sdk/src/rp2_common/hardware_irq/irq.c.obj
                0x10002368                irq_set_exclusive_handler
 .text.irq_remove_handler
                0x100023bc      0x1ac CMakeFiles/Studienarbeit_Display.dir/D_/Pico/pico-sdk/src/rp2_common/hardware_irq/irq.c.obj
                0x100023bc                irq_remove_handler
 .text.irq_set_priority
                0x10002568       0x28 CMakeFiles/Studienarbeit_Display.dir/D_/Pico/pico-sdk/src/rp2_common/hardware_irq/irq.c.obj
                0x10002568                irq_set_priority
 .text.irq_add_tail_to_free_list
                0x10002590       0xf0 CMakeFiles/Studienarbeit_Display.dir/D_/Pico/pico-sdk/src/rp2_common/hardware_irq/irq.c.obj
                0x10002590                irq_add_tail_to_free_list
 .text.irq_init_priorities
                0x10002680       0x16 CMakeFiles/Studienarbeit_Display.dir/D_/Pico/pico-sdk/src/rp2_common/hardware_irq/irq.c.obj
                0x10002680                irq_init_priorities
 .text._out_buffer
                0x10002696        0x8 CMakeFiles/Studienarbeit_Display.dir/D_/Pico/pico-sdk/src/rp2_common/pico_printf/printf.c.obj
 .text._out_null
                0x1000269e        0x2 CMakeFiles/Studienarbeit_Display.dir/D_/Pico/pico-sdk/src/rp2_common/pico_printf/printf.c.obj
 .text._out_fct
                0x100026a0        0xe CMakeFiles/Studienarbeit_Display.dir/D_/Pico/pico-sdk/src/rp2_common/pico_printf/printf.c.obj
 .text._atoi    0x100026ae       0x24 CMakeFiles/Studienarbeit_Display.dir/D_/Pico/pico-sdk/src/rp2_common/pico_printf/printf.c.obj
 .text._out_rev
                0x100026d2       0xae CMakeFiles/Studienarbeit_Display.dir/D_/Pico/pico-sdk/src/rp2_common/pico_printf/printf.c.obj
 .text._ntoa_format
                0x10002780      0x112 CMakeFiles/Studienarbeit_Display.dir/D_/Pico/pico-sdk/src/rp2_common/pico_printf/printf.c.obj
 .text._ntoa_long
                0x10002892       0xbc CMakeFiles/Studienarbeit_Display.dir/D_/Pico/pico-sdk/src/rp2_common/pico_printf/printf.c.obj
 .text._ntoa_long_long
                0x1000294e       0xe2 CMakeFiles/Studienarbeit_Display.dir/D_/Pico/pico-sdk/src/rp2_common/pico_printf/printf.c.obj
 .text._etoa    0x10002a30      0x414 CMakeFiles/Studienarbeit_Display.dir/D_/Pico/pico-sdk/src/rp2_common/pico_printf/printf.c.obj
 .text._ftoa    0x10002e44      0x354 CMakeFiles/Studienarbeit_Display.dir/D_/Pico/pico-sdk/src/rp2_common/pico_printf/printf.c.obj
 .text._vsnprintf
                0x10003198      0x624 CMakeFiles/Studienarbeit_Display.dir/D_/Pico/pico-sdk/src/rp2_common/pico_printf/printf.c.obj
 .text.__wrap_sprintf
                0x100037bc       0x28 CMakeFiles/Studienarbeit_Display.dir/D_/Pico/pico-sdk/src/rp2_common/pico_printf/printf.c.obj
                0x100037bc                __wrap_sprintf
 .text.vfctprintf
                0x100037e4       0x20 CMakeFiles/Studienarbeit_Display.dir/D_/Pico/pico-sdk/src/rp2_common/pico_printf/printf.c.obj
                0x100037e4                vfctprintf
 .text          0x10003804       0x10 CMakeFiles/Studienarbeit_Display.dir/D_/Pico/pico-sdk/src/rp2_common/pico_bit_ops/bit_ops_aeabi.S.obj
 .text.rom_func_lookup
                0x10003814       0x10 CMakeFiles/Studienarbeit_Display.dir/D_/Pico/pico-sdk/src/rp2_common/pico_bootrom/bootrom.c.obj
                0x10003814                rom_func_lookup
 .text.rom_data_lookup
                0x10003824       0x10 CMakeFiles/Studienarbeit_Display.dir/D_/Pico/pico-sdk/src/rp2_common/pico_bootrom/bootrom.c.obj
                0x10003824                rom_data_lookup
 .text.rom_funcs_lookup
                0x10003834       0x36 CMakeFiles/Studienarbeit_Display.dir/D_/Pico/pico-sdk/src/rp2_common/pico_bootrom/bootrom.c.obj
                0x10003834                rom_funcs_lookup
 *fill*         0x1000386a        0x2 
 .text.__wrap___aeabi_idiv
                0x1000386c       0x58 CMakeFiles/Studienarbeit_Display.dir/D_/Pico/pico-sdk/src/rp2_common/pico_divider/divider.S.obj
                0x1000386c                __wrap___aeabi_idivmod
                0x1000386c                divmod_s32s32
                0x1000386c                div_s32s32
                0x1000386c                __wrap___aeabi_idiv
                0x10003874                divmod_s32s32_unsafe
                0x100038a0                divmod_s32s32_savestate
 .text.__wrap___aeabi_uidiv
                0x100038c4       0x54 CMakeFiles/Studienarbeit_Display.dir/D_/Pico/pico-sdk/src/rp2_common/pico_divider/divider.S.obj
                0x100038c4                __wrap___aeabi_uidiv
                0x100038c4                __wrap___aeabi_uidivmod
                0x100038c4                div_u32u32
                0x100038c4                divmod_u32u32
                0x100038cc                divmod_u32u32_unsafe
                0x100038f4                divmod_u32u32_savestate
 .text.__wrap___aeabi_ldiv
                0x10003918      0x430 CMakeFiles/Studienarbeit_Display.dir/D_/Pico/pico-sdk/src/rp2_common/pico_divider/divider.S.obj
                0x10003918                div_s64s64
                0x10003918                divmod_s64s64
                0x10003918                __wrap___aeabi_ldivmod
                0x10003950                divmod_u64u64
                0x10003950                div_u64u64
                0x10003950                __wrap___aeabi_uldivmod
                0x10003960                divmod_u64u64_savestate
                0x10003988                divmod_s64s64_unsafe
                0x10003a10                divmod_u64u64_unsafe
 .text.push_r8_r11
                0x10003d48        0xc CMakeFiles/Studienarbeit_Display.dir/D_/Pico/pico-sdk/src/rp2_common/pico_double/double_aeabi.S.obj
                0x10003d48                push_r8_r11
 .text.pop_r8_r11
                0x10003d54        0xc CMakeFiles/Studienarbeit_Display.dir/D_/Pico/pico-sdk/src/rp2_common/pico_double/double_aeabi.S.obj
                0x10003d54                pop_r8_r11
 .text.__wrap___aeabi_darithmetic
                0x10003d60       0x54 CMakeFiles/Studienarbeit_Display.dir/D_/Pico/pico-sdk/src/rp2_common/pico_double/double_aeabi.S.obj
                0x10003d60                __wrap___aeabi_drsub
                0x10003d66                __wrap___aeabi_dsub
                0x10003d78                __wrap___aeabi_dadd
                0x10003d8a                __wrap___aeabi_ddiv
                0x10003d9c                __wrap___aeabi_dmul
 .text.__wrap___aeabi_cdcmple
                0x10003db4       0x6c CMakeFiles/Studienarbeit_Display.dir/D_/Pico/pico-sdk/src/rp2_common/pico_double/double_aeabi.S.obj
                0x10003db4                __wrap___aeabi_cdrcmple
                0x10003dc4                __wrap___aeabi_cdcmpeq
                0x10003dc4                __wrap___aeabi_cdcmple
 .text.__wrap___aeabi_dcmplt
                0x10003e20        0xc CMakeFiles/Studienarbeit_Display.dir/D_/Pico/pico-sdk/src/rp2_common/pico_double/double_aeabi.S.obj
                0x10003e20                __wrap___aeabi_dcmplt
 .text.__wrap___aeabi_dcmple
                0x10003e2c       0x10 CMakeFiles/Studienarbeit_Display.dir/D_/Pico/pico-sdk/src/rp2_common/pico_double/double_aeabi.S.obj
                0x10003e2c                __wrap___aeabi_dcmple
 .text.__wrap___aeabi_dcmpge
                0x10003e3c       0x10 CMakeFiles/Studienarbeit_Display.dir/D_/Pico/pico-sdk/src/rp2_common/pico_double/double_aeabi.S.obj
                0x10003e3c                __wrap___aeabi_dcmpge
 .text.__wrap___aeabi_dcmpgt
                0x10003e4c        0xa CMakeFiles/Studienarbeit_Display.dir/D_/Pico/pico-sdk/src/rp2_common/pico_double/double_aeabi.S.obj
                0x10003e4c                __wrap___aeabi_dcmpgt
 .text.__wrap___aeabi_dcmpun
                0x10003e56       0x1c CMakeFiles/Studienarbeit_Display.dir/D_/Pico/pico-sdk/src/rp2_common/pico_double/double_aeabi.S.obj
                0x10003e56                __wrap___aeabi_dcmpun
 *fill*         0x10003e72        0x2 
 .text.__wrap___aeabi_i2d
                0x10003e74       0x38 CMakeFiles/Studienarbeit_Display.dir/D_/Pico/pico-sdk/src/rp2_common/pico_double/double_aeabi.S.obj
                0x10003e74                __wrap___aeabi_ui2d
                0x10003e7c                __wrap___aeabi_i2d
 .text.__wrap___aeabi_d2iz
                0x10003eac       0x48 CMakeFiles/Studienarbeit_Display.dir/D_/Pico/pico-sdk/src/rp2_common/pico_double/double_aeabi.S.obj
                0x10003eac                double2int_z
                0x10003eac                __wrap___aeabi_d2iz
 .text.__wrap___aeabi_d2uiz
                0x10003ef4       0x18 CMakeFiles/Studienarbeit_Display.dir/D_/Pico/pico-sdk/src/rp2_common/pico_double/double_aeabi.S.obj
                0x10003ef4                __wrap___aeabi_d2uiz
                0x10003ef4                double2uint
 .text.fix642double
                0x10003f0c       0x18 CMakeFiles/Studienarbeit_Display.dir/D_/Pico/pico-sdk/src/rp2_common/pico_double/double_aeabi.S.obj
                0x10003f0c                fix642double
 .text.__wrap___aeabi_d2f
                0x10003f24       0x18 CMakeFiles/Studienarbeit_Display.dir/D_/Pico/pico-sdk/src/rp2_common/pico_double/double_aeabi.S.obj
                0x10003f24                __wrap___aeabi_d2f
 .text.__wrap_srqt
                0x10003f3c       0x18 CMakeFiles/Studienarbeit_Display.dir/D_/Pico/pico-sdk/src/rp2_common/pico_double/double_aeabi.S.obj
                0x10003f3c                __wrap_sqrt
 .text.__wrap_sincostan_remainder
                0x10003f54       0x14 CMakeFiles/Studienarbeit_Display.dir/D_/Pico/pico-sdk/src/rp2_common/pico_double/double_aeabi.S.obj
                0x10003f54                sincostan_remainder
 .text.__wrap_cos
                0x10003f68       0x2c CMakeFiles/Studienarbeit_Display.dir/D_/Pico/pico-sdk/src/rp2_common/pico_double/double_aeabi.S.obj
                0x10003f68                __wrap_cos
 .text.__wrap_sin
                0x10003f94       0x2c CMakeFiles/Studienarbeit_Display.dir/D_/Pico/pico-sdk/src/rp2_common/pico_double/double_aeabi.S.obj
                0x10003f94                __wrap_sin
 .text.__aeabi_double_init
                0x10003fc0       0xb8 CMakeFiles/Studienarbeit_Display.dir/D_/Pico/pico-sdk/src/rp2_common/pico_double/double_init_rom.c.obj
                0x10003fc0                __aeabi_double_init
 .text.drem_0   0x10004078      0x130 CMakeFiles/Studienarbeit_Display.dir/D_/Pico/pico-sdk/src/rp2_common/pico_double/double_math.c.obj
 .text.__wrap_floor
                0x100041a8       0x9c CMakeFiles/Studienarbeit_Display.dir/D_/Pico/pico-sdk/src/rp2_common/pico_double/double_math.c.obj
                0x100041a8                __wrap_floor
 .text.__wrap_remquo
                0x10004244      0x17c CMakeFiles/Studienarbeit_Display.dir/D_/Pico/pico-sdk/src/rp2_common/pico_double/double_math.c.obj
                0x10004244                __wrap_remquo
 .text.__wrap_remainder
                0x100043c0       0x10 CMakeFiles/Studienarbeit_Display.dir/D_/Pico/pico-sdk/src/rp2_common/pico_double/double_math.c.obj
                0x100043c0                __wrap_remainder
 .text.double_table_shim_on_use_helper
                0x100043d0       0x34 CMakeFiles/Studienarbeit_Display.dir/D_/Pico/pico-sdk/src/rp2_common/pico_double/double_v1_rom_shim.S.obj
                0x100043d0                double_table_shim_on_use_helper
 .text.__wrap___aeabi_dsub
                0x10004404       0x10 CMakeFiles/Studienarbeit_Display.dir/D_/Pico/pico-sdk/src/rp2_common/pico_double/double_v1_rom_shim.S.obj
                0x10004404                drsub_shim
                0x1000440a                dsub_shim
 .text.dadd_shim
                0x10004414      0x15c CMakeFiles/Studienarbeit_Display.dir/D_/Pico/pico-sdk/src/rp2_common/pico_double/double_v1_rom_shim.S.obj
                0x10004414                dadd_shim
 .text.dmul_shim
                0x10004570      0x15c CMakeFiles/Studienarbeit_Display.dir/D_/Pico/pico-sdk/src/rp2_common/pico_double/double_v1_rom_shim.S.obj
                0x10004570                dmul_shim
 .text.ddiv_shim
                0x100046cc      0x1b0 CMakeFiles/Studienarbeit_Display.dir/D_/Pico/pico-sdk/src/rp2_common/pico_double/double_v1_rom_shim.S.obj
                0x100046cc                ddiv_shim
 .text.dsqrt_shim
                0x1000487c      0x1a8 CMakeFiles/Studienarbeit_Display.dir/D_/Pico/pico-sdk/src/rp2_common/pico_double/double_v1_rom_shim.S.obj
                0x10004898                dsqrt_shim
 .text.dcordic_vec_step
                0x10004a24        0xe CMakeFiles/Studienarbeit_Display.dir/D_/Pico/pico-sdk/src/rp2_common/pico_double/double_v1_rom_shim.S.obj
                0x10004a24                dcordic_vec_step
 .text.dcordic_rot_step
                0x10004a32       0x7c CMakeFiles/Studienarbeit_Display.dir/D_/Pico/pico-sdk/src/rp2_common/pico_double/double_v1_rom_shim.S.obj
                0x10004a32                dcordic_rot_step
 .text.double2uint_shim
                0x10004aae        0xe CMakeFiles/Studienarbeit_Display.dir/D_/Pico/pico-sdk/src/rp2_common/pico_double/double_v1_rom_shim.S.obj
                0x10004aae                double2uint_shim
                0x10004ab0                double2ufix_shim
 .text.double2int64_shim
                0x10004abc       0x1a CMakeFiles/Studienarbeit_Display.dir/D_/Pico/pico-sdk/src/rp2_common/pico_double/double_v1_rom_shim.S.obj
                0x10004abc                double2int64_shim
                0x10004abe                double2fix64_shim
 *fill*         0x10004ad6        0x2 
 .text.double2uint64_shim
                0x10004ad8       0x6c CMakeFiles/Studienarbeit_Display.dir/D_/Pico/pico-sdk/src/rp2_common/pico_double/double_v1_rom_shim.S.obj
                0x10004ad8                double2uint64_shim
                0x10004ada                double2ufix64_shim
                0x10004af4                d2fix_a
 .text.double2float_shim
                0x10004b44       0x5c CMakeFiles/Studienarbeit_Display.dir/D_/Pico/pico-sdk/src/rp2_common/pico_double/double_v1_rom_shim.S.obj
                0x10004b44                double2float_shim
 .text.x2double_shims
                0x10004ba0       0x90 CMakeFiles/Studienarbeit_Display.dir/D_/Pico/pico-sdk/src/rp2_common/pico_double/double_v1_rom_shim.S.obj
                0x10004ba0                uint2double_shim
                0x10004ba2                ufix2double_shim
                0x10004ba8                int2double_shim
                0x10004baa                fix2double_shim
                0x10004bb0                uint642double_shim
                0x10004bb2                ufix642double_shim
                0x10004bb8                int642double_shim
                0x10004bba                fix642double_shim
 .text.dunpacks
                0x10004c30       0x3c CMakeFiles/Studienarbeit_Display.dir/D_/Pico/pico-sdk/src/rp2_common/pico_double/double_v1_rom_shim.S.obj
                0x10004c30                dunpacks
 .text.dreduce  0x10004c6c       0x82 CMakeFiles/Studienarbeit_Display.dir/D_/Pico/pico-sdk/src/rp2_common/pico_double/double_v1_rom_shim.S.obj
                0x10004c6c                dreduce
 .text.dcos_shim
                0x10004cee       0x10 CMakeFiles/Studienarbeit_Display.dir/D_/Pico/pico-sdk/src/rp2_common/pico_double/double_v1_rom_shim.S.obj
                0x10004cee                dcos_shim
 .text.dsin_shim
                0x10004cfe       0x14 CMakeFiles/Studienarbeit_Display.dir/D_/Pico/pico-sdk/src/rp2_common/pico_double/double_v1_rom_shim.S.obj
                0x10004cfe                dsin_shim
 *fill*         0x10004d12        0x2 
 .text.dtrig_guts
                0x10004d14      0x2ec CMakeFiles/Studienarbeit_Display.dir/D_/Pico/pico-sdk/src/rp2_common/pico_double/double_v1_rom_shim.S.obj
                0x10004dec                datan2_shim
 .text.__aeabi_lmul
                0x10005000       0x32 CMakeFiles/Studienarbeit_Display.dir/D_/Pico/pico-sdk/src/rp2_common/pico_int64_ops/pico_int64_ops_aeabi.S.obj
                0x10005000                __wrap___aeabi_lmul
 *fill*         0x10005032        0x2 
 .text.__wrap___aeabi_farithmetic
                0x10005034       0x34 CMakeFiles/Studienarbeit_Display.dir/D_/Pico/pico-sdk/src/rp2_common/pico_float/float_aeabi.S.obj
                0x10005034                __wrap___aeabi_frsub
                0x1000503a                __wrap___aeabi_fsub
                0x10005044                __wrap___aeabi_fadd
                0x1000504e                __wrap___aeabi_fdiv
                0x10005058                __wrap___aeabi_fmul
 .text.__wrap___aeabi_cfcmple
                0x10005068       0x50 CMakeFiles/Studienarbeit_Display.dir/D_/Pico/pico-sdk/src/rp2_common/pico_float/float_aeabi.S.obj
                0x10005068                __wrap___aeabi_cfrcmple
                0x10005074                __wrap___aeabi_cfcmple
                0x10005074                __wrap___aeabi_cfcmpeq
 .text.__wrap___aeabi_fcmplt
                0x100050b8        0xc CMakeFiles/Studienarbeit_Display.dir/D_/Pico/pico-sdk/src/rp2_common/pico_float/float_aeabi.S.obj
                0x100050b8                __wrap___aeabi_fcmplt
 .text.__wrap___aeabi_ui2f
                0x100050c4        0xa CMakeFiles/Studienarbeit_Display.dir/D_/Pico/pico-sdk/src/rp2_common/pico_float/float_aeabi.S.obj
                0x100050c4                __wrap___aeabi_ui2f
 *fill*         0x100050ce        0x2 
 .text.__wrap___aeabi_i2f
                0x100050d0       0x44 CMakeFiles/Studienarbeit_Display.dir/D_/Pico/pico-sdk/src/rp2_common/pico_float/float_aeabi.S.obj
                0x100050d0                __wrap___aeabi_i2f
 .text.__wrap___aeabi_ul2f
                0x10005114       0x20 CMakeFiles/Studienarbeit_Display.dir/D_/Pico/pico-sdk/src/rp2_common/pico_float/float_aeabi.S.obj
                0x10005118                __wrap___aeabi_ul2f
 .text.__wrap___aeabi_f2d
                0x10005134       0x14 CMakeFiles/Studienarbeit_Display.dir/D_/Pico/pico-sdk/src/rp2_common/pico_float/float_aeabi.S.obj
                0x10005134                __wrap___aeabi_f2d
 .text.__aeabi_float_init
                0x10005148       0xfc CMakeFiles/Studienarbeit_Display.dir/D_/Pico/pico-sdk/src/rp2_common/pico_float/float_init_rom.c.obj
                0x10005148                __aeabi_float_init
 .text.float_table_shim_on_use_helper
                0x10005244       0x34 CMakeFiles/Studienarbeit_Display.dir/D_/Pico/pico-sdk/src/rp2_common/pico_float/float_v1_rom_shim.S.obj
                0x10005244                float_table_shim_on_use_helper
 .text.642float_shims
                0x10005278       0x44 CMakeFiles/Studienarbeit_Display.dir/D_/Pico/pico-sdk/src/rp2_common/pico_float/float_v1_rom_shim.S.obj
                0x10005278                uint642float_shim
                0x1000527a                ufix642float_shim
                0x1000528a                int642float_shim
                0x1000528c                fix642float_shim
 .text.float2double_shim
                0x100052bc       0x30 CMakeFiles/Studienarbeit_Display.dir/D_/Pico/pico-sdk/src/rp2_common/pico_float/float_v1_rom_shim.S.obj
                0x100052bc                float2double_shim
 .text.__wrap_malloc
                0x100052ec       0x24 CMakeFiles/Studienarbeit_Display.dir/D_/Pico/pico-sdk/src/rp2_common/pico_malloc/pico_malloc.c.obj
                0x100052ec                __wrap_malloc
 .text.__wrap_free
                0x10005310        0x8 CMakeFiles/Studienarbeit_Display.dir/D_/Pico/pico-sdk/src/rp2_common/pico_malloc/pico_malloc.c.obj
                0x10005310                __wrap_free
 .text          0x10005318       0x10 CMakeFiles/Studienarbeit_Display.dir/D_/Pico/pico-sdk/src/rp2_common/pico_mem_ops/mem_ops_aeabi.S.obj
                0x10005318                __aeabi_mem_init
 .text.memset   0x10005328        0xc CMakeFiles/Studienarbeit_Display.dir/D_/Pico/pico-sdk/src/rp2_common/pico_mem_ops/mem_ops_aeabi.S.obj
                0x10005328                __wrap_memset
 .text.memcpy   0x10005334        0xc CMakeFiles/Studienarbeit_Display.dir/D_/Pico/pico-sdk/src/rp2_common/pico_mem_ops/mem_ops_aeabi.S.obj
                0x10005334                __wrap_memcpy
                0x10005334                __wrap___aeabi_memcpy
 .text.stdio_out_chars_crlf
                0x10005340       0x80 CMakeFiles/Studienarbeit_Display.dir/D_/Pico/pico-sdk/src/rp2_common/pico_stdio/stdio.c.obj
 .text.stdio_get_until
                0x100053c0       0x80 CMakeFiles/Studienarbeit_Display.dir/D_/Pico/pico-sdk/src/rp2_common/pico_stdio/stdio.c.obj
 .text.stdio_stack_buffer_flush
                0x10005440       0x44 CMakeFiles/Studienarbeit_Display.dir/D_/Pico/pico-sdk/src/rp2_common/pico_stdio/stdio.c.obj
 .text.stdio_buffered_printer
                0x10005484       0x20 CMakeFiles/Studienarbeit_Display.dir/D_/Pico/pico-sdk/src/rp2_common/pico_stdio/stdio.c.obj
 .text.stdout_serialize_begin
                0x100054a4       0x2c CMakeFiles/Studienarbeit_Display.dir/D_/Pico/pico-sdk/src/rp2_common/pico_stdio/stdio.c.obj
                0x100054a4                stdout_serialize_begin
 .text.stdout_serialize_end
                0x100054d0       0x10 CMakeFiles/Studienarbeit_Display.dir/D_/Pico/pico-sdk/src/rp2_common/pico_stdio/stdio.c.obj
                0x100054d0                stdout_serialize_end
 .text.stdio_put_string
                0x100054e0       0x84 CMakeFiles/Studienarbeit_Display.dir/D_/Pico/pico-sdk/src/rp2_common/pico_stdio/stdio.c.obj
 .text._read    0x10005564       0x24 CMakeFiles/Studienarbeit_Display.dir/D_/Pico/pico-sdk/src/rp2_common/pico_stdio/stdio.c.obj
                0x10005564                _read
 .text._write   0x10005588       0x1e CMakeFiles/Studienarbeit_Display.dir/D_/Pico/pico-sdk/src/rp2_common/pico_stdio/stdio.c.obj
                0x10005588                _write
 *fill*         0x100055a6        0x2 
 .text.stdio_set_driver_enabled
                0x100055a8       0x38 CMakeFiles/Studienarbeit_Display.dir/D_/Pico/pico-sdk/src/rp2_common/pico_stdio/stdio.c.obj
                0x100055a8                stdio_set_driver_enabled
 .text.stdio_flush
                0x100055e0       0x20 CMakeFiles/Studienarbeit_Display.dir/D_/Pico/pico-sdk/src/rp2_common/pico_stdio/stdio.c.obj
                0x100055e0                stdio_flush
 .text.__wrap_puts
                0x10005600       0x1c CMakeFiles/Studienarbeit_Display.dir/D_/Pico/pico-sdk/src/rp2_common/pico_stdio/stdio.c.obj
                0x10005600                __wrap_puts
 .text.__wrap_vprintf
                0x1000561c       0x44 CMakeFiles/Studienarbeit_Display.dir/D_/Pico/pico-sdk/src/rp2_common/pico_stdio/stdio.c.obj
                0x1000561c                __wrap_vprintf
 .text.__wrap_printf
                0x10005660       0x18 CMakeFiles/Studienarbeit_Display.dir/D_/Pico/pico-sdk/src/rp2_common/pico_stdio/stdio.c.obj
                0x10005660                __wrap_printf
 .text.stdio_init_all
                0x10005678        0xc CMakeFiles/Studienarbeit_Display.dir/D_/Pico/pico-sdk/src/rp2_common/pico_stdio/stdio.c.obj
                0x10005678                stdio_init_all
 .text.stdio_uart_out_chars
                0x10005684       0x74 CMakeFiles/Studienarbeit_Display.dir/D_/Pico/pico-sdk/src/rp2_common/pico_stdio_uart/stdio_uart.c.obj
 .text.stdio_uart_in_chars
                0x100056f8       0x58 CMakeFiles/Studienarbeit_Display.dir/D_/Pico/pico-sdk/src/rp2_common/pico_stdio_uart/stdio_uart.c.obj
                0x100056f8                stdio_uart_in_chars
 .text.stdio_uart_init_full
                0x10005750       0x3c CMakeFiles/Studienarbeit_Display.dir/D_/Pico/pico-sdk/src/rp2_common/pico_stdio_uart/stdio_uart.c.obj
                0x10005750                stdio_uart_init_full
 .text.stdio_uart_init
                0x1000578c       0x28 CMakeFiles/Studienarbeit_Display.dir/D_/Pico/pico-sdk/src/rp2_common/pico_stdio_uart/stdio_uart.c.obj
                0x1000578c                stdio_uart_init
 .text.resetd_init
                0x100057b4        0x2 CMakeFiles/Studienarbeit_Display.dir/D_/Pico/pico-sdk/src/rp2_common/pico_stdio_usb/reset_interface.c.obj
 *fill*         0x100057b6        0x2 
 .text.resetd_reset
                0x100057b8        0xc CMakeFiles/Studienarbeit_Display.dir/D_/Pico/pico-sdk/src/rp2_common/pico_stdio_usb/reset_interface.c.obj
 .text.resetd_open
                0x100057c4       0x34 CMakeFiles/Studienarbeit_Display.dir/D_/Pico/pico-sdk/src/rp2_common/pico_stdio_usb/reset_interface.c.obj
 .text.resetd_control_complete_cb
                0x100057f8        0x4 CMakeFiles/Studienarbeit_Display.dir/D_/Pico/pico-sdk/src/rp2_common/pico_stdio_usb/reset_interface.c.obj
 .text.resetd_xfer_cb
                0x100057fc        0x4 CMakeFiles/Studienarbeit_Display.dir/D_/Pico/pico-sdk/src/rp2_common/pico_stdio_usb/reset_interface.c.obj
 .text.reset_usb_boot
                0x10005800       0x18 CMakeFiles/Studienarbeit_Display.dir/D_/Pico/pico-sdk/src/rp2_common/pico_stdio_usb/reset_interface.c.obj
 .text.resetd_control_request_cb
                0x10005818       0x5c CMakeFiles/Studienarbeit_Display.dir/D_/Pico/pico-sdk/src/rp2_common/pico_stdio_usb/reset_interface.c.obj
 .text.usbd_app_driver_get_cb
                0x10005874        0xc CMakeFiles/Studienarbeit_Display.dir/D_/Pico/pico-sdk/src/rp2_common/pico_stdio_usb/reset_interface.c.obj
                0x10005874                usbd_app_driver_get_cb
 .text.tud_cdc_line_coding_cb
                0x10005880       0x28 CMakeFiles/Studienarbeit_Display.dir/D_/Pico/pico-sdk/src/rp2_common/pico_stdio_usb/reset_interface.c.obj
                0x10005880                tud_cdc_line_coding_cb
 .text.stdio_usb_in_chars
                0x100058a8       0x70 CMakeFiles/Studienarbeit_Display.dir/D_/Pico/pico-sdk/src/rp2_common/pico_stdio_usb/stdio_usb.c.obj
                0x100058a8                stdio_usb_in_chars
 .text.low_priority_worker_irq
                0x10005918       0x20 CMakeFiles/Studienarbeit_Display.dir/D_/Pico/pico-sdk/src/rp2_common/pico_stdio_usb/stdio_usb.c.obj
 .text.stdio_usb_out_chars
                0x10005938       0xd4 CMakeFiles/Studienarbeit_Display.dir/D_/Pico/pico-sdk/src/rp2_common/pico_stdio_usb/stdio_usb.c.obj
 .text.timer_task
                0x10005a0c       0x10 CMakeFiles/Studienarbeit_Display.dir/D_/Pico/pico-sdk/src/rp2_common/pico_stdio_usb/stdio_usb.c.obj
 .text.stdio_usb_init
                0x10005a1c       0x90 CMakeFiles/Studienarbeit_Display.dir/D_/Pico/pico-sdk/src/rp2_common/pico_stdio_usb/stdio_usb.c.obj
                0x10005a1c                stdio_usb_init
 .text.tud_descriptor_device_cb
                0x10005aac        0x8 CMakeFiles/Studienarbeit_Display.dir/D_/Pico/pico-sdk/src/rp2_common/pico_stdio_usb/stdio_usb_descriptors.c.obj
                0x10005aac                tud_descriptor_device_cb
 .text.tud_descriptor_configuration_cb
                0x10005ab4        0x8 CMakeFiles/Studienarbeit_Display.dir/D_/Pico/pico-sdk/src/rp2_common/pico_stdio_usb/stdio_usb_descriptors.c.obj
                0x10005ab4                tud_descriptor_configuration_cb
 .text.tud_descriptor_string_cb
                0x10005abc       0x50 CMakeFiles/Studienarbeit_Display.dir/D_/Pico/pico-sdk/src/rp2_common/pico_stdio_usb/stdio_usb_descriptors.c.obj
                0x10005abc                tud_descriptor_string_cb
 .text.hw_endpoint_get_by_addr
                0x10005b0c       0x1c CMakeFiles/Studienarbeit_Display.dir/D_/Pico/pico-sdk/lib/tinyusb/src/portable/raspberrypi/rp2040/dcd_rp2040.c.obj
 .text.reset_ep0
                0x10005b28       0x2c CMakeFiles/Studienarbeit_Display.dir/D_/Pico/pico-sdk/lib/tinyusb/src/portable/raspberrypi/rp2040/dcd_rp2040.c.obj
 .text._hw_endpoint_alloc
                0x10005b54       0x7c CMakeFiles/Studienarbeit_Display.dir/D_/Pico/pico-sdk/lib/tinyusb/src/portable/raspberrypi/rp2040/dcd_rp2040.c.obj
 .text._hw_endpoint_init
                0x10005bd0       0xbc CMakeFiles/Studienarbeit_Display.dir/D_/Pico/pico-sdk/lib/tinyusb/src/portable/raspberrypi/rp2040/dcd_rp2040.c.obj
 .text.hw_endpoint_init
                0x10005c8c       0x18 CMakeFiles/Studienarbeit_Display.dir/D_/Pico/pico-sdk/lib/tinyusb/src/portable/raspberrypi/rp2040/dcd_rp2040.c.obj
 .text.hw_handle_buff_status
                0x10005ca4       0xb8 CMakeFiles/Studienarbeit_Display.dir/D_/Pico/pico-sdk/lib/tinyusb/src/portable/raspberrypi/rp2040/dcd_rp2040.c.obj
 .text.dcd_rp2040_irq
                0x10005d5c       0x8c CMakeFiles/Studienarbeit_Display.dir/D_/Pico/pico-sdk/lib/tinyusb/src/portable/raspberrypi/rp2040/dcd_rp2040.c.obj
 .text.hw_endpoint_xfer
                0x10005de8       0x18 CMakeFiles/Studienarbeit_Display.dir/D_/Pico/pico-sdk/lib/tinyusb/src/portable/raspberrypi/rp2040/dcd_rp2040.c.obj
 .text.ep0_0len_status
                0x10005e00       0x14 CMakeFiles/Studienarbeit_Display.dir/D_/Pico/pico-sdk/lib/tinyusb/src/portable/raspberrypi/rp2040/dcd_rp2040.c.obj
 .text._hw_endpoint_stall
                0x10005e14       0x54 CMakeFiles/Studienarbeit_Display.dir/D_/Pico/pico-sdk/lib/tinyusb/src/portable/raspberrypi/rp2040/dcd_rp2040.c.obj
 .text.hw_endpoint_stall
                0x10005e68        0xc CMakeFiles/Studienarbeit_Display.dir/D_/Pico/pico-sdk/lib/tinyusb/src/portable/raspberrypi/rp2040/dcd_rp2040.c.obj
 .text._hw_endpoint_clear_stall
                0x10005e74       0x34 CMakeFiles/Studienarbeit_Display.dir/D_/Pico/pico-sdk/lib/tinyusb/src/portable/raspberrypi/rp2040/dcd_rp2040.c.obj
 .text.hw_endpoint_clear_stall
                0x10005ea8        0xc CMakeFiles/Studienarbeit_Display.dir/D_/Pico/pico-sdk/lib/tinyusb/src/portable/raspberrypi/rp2040/dcd_rp2040.c.obj
 .text.dcd_int_enable
                0x10005eb4       0x2c CMakeFiles/Studienarbeit_Display.dir/D_/Pico/pico-sdk/lib/tinyusb/src/portable/raspberrypi/rp2040/dcd_rp2040.c.obj
                0x10005eb4                dcd_int_enable
 .text.dcd_set_address
                0x10005ee0       0x30 CMakeFiles/Studienarbeit_Display.dir/D_/Pico/pico-sdk/lib/tinyusb/src/portable/raspberrypi/rp2040/dcd_rp2040.c.obj
                0x10005ee0                dcd_set_address
 .text.dcd_connect
                0x10005f10       0x30 CMakeFiles/Studienarbeit_Display.dir/D_/Pico/pico-sdk/lib/tinyusb/src/portable/raspberrypi/rp2040/dcd_rp2040.c.obj
                0x10005f10                dcd_connect
 .text.dcd_init
                0x10005f40       0x90 CMakeFiles/Studienarbeit_Display.dir/D_/Pico/pico-sdk/lib/tinyusb/src/portable/raspberrypi/rp2040/dcd_rp2040.c.obj
                0x10005f40                dcd_init
 .text.dcd_edpt0_status_complete
                0x10005fd0       0x44 CMakeFiles/Studienarbeit_Display.dir/D_/Pico/pico-sdk/lib/tinyusb/src/portable/raspberrypi/rp2040/dcd_rp2040.c.obj
                0x10005fd0                dcd_edpt0_status_complete
 .text.dcd_edpt_open
                0x10006014       0x40 CMakeFiles/Studienarbeit_Display.dir/D_/Pico/pico-sdk/lib/tinyusb/src/portable/raspberrypi/rp2040/dcd_rp2040.c.obj
                0x10006014                dcd_edpt_open
 .text.dcd_edpt_xfer
                0x10006054       0x34 CMakeFiles/Studienarbeit_Display.dir/D_/Pico/pico-sdk/lib/tinyusb/src/portable/raspberrypi/rp2040/dcd_rp2040.c.obj
                0x10006054                dcd_edpt_xfer
 .text.dcd_edpt_stall
                0x10006088       0x28 CMakeFiles/Studienarbeit_Display.dir/D_/Pico/pico-sdk/lib/tinyusb/src/portable/raspberrypi/rp2040/dcd_rp2040.c.obj
                0x10006088                dcd_edpt_stall
 .text.dcd_edpt_clear_stall
                0x100060b0       0x28 CMakeFiles/Studienarbeit_Display.dir/D_/Pico/pico-sdk/lib/tinyusb/src/portable/raspberrypi/rp2040/dcd_rp2040.c.obj
                0x100060b0                dcd_edpt_clear_stall
 .text.rp2040_usb_init
                0x100060d8       0x50 CMakeFiles/Studienarbeit_Display.dir/D_/Pico/pico-sdk/lib/tinyusb/src/portable/raspberrypi/rp2040/rp2040_usb.c.obj
                0x100060d8                rp2040_usb_init
 .text.hw_endpoint_reset_transfer
                0x10006128       0x14 CMakeFiles/Studienarbeit_Display.dir/D_/Pico/pico-sdk/lib/tinyusb/src/portable/raspberrypi/rp2040/rp2040_usb.c.obj
                0x10006128                hw_endpoint_reset_transfer
 .text._hw_endpoint_buffer_control_update32
                0x1000613c       0x54 CMakeFiles/Studienarbeit_Display.dir/D_/Pico/pico-sdk/lib/tinyusb/src/portable/raspberrypi/rp2040/rp2040_usb.c.obj
                0x1000613c                _hw_endpoint_buffer_control_update32
 .text._hw_endpoint_start_next_buffer
                0x10006190       0x5a CMakeFiles/Studienarbeit_Display.dir/D_/Pico/pico-sdk/lib/tinyusb/src/portable/raspberrypi/rp2040/rp2040_usb.c.obj
                0x10006190                _hw_endpoint_start_next_buffer
 .text._hw_endpoint_xfer_start
                0x100061ea       0x46 CMakeFiles/Studienarbeit_Display.dir/D_/Pico/pico-sdk/lib/tinyusb/src/portable/raspberrypi/rp2040/rp2040_usb.c.obj
                0x100061ea                _hw_endpoint_xfer_start
 .text._hw_endpoint_xfer_sync
                0x10006230       0x74 CMakeFiles/Studienarbeit_Display.dir/D_/Pico/pico-sdk/lib/tinyusb/src/portable/raspberrypi/rp2040/rp2040_usb.c.obj
                0x10006230                _hw_endpoint_xfer_sync
 .text._hw_endpoint_xfer_continue
                0x100062a4       0x58 CMakeFiles/Studienarbeit_Display.dir/D_/Pico/pico-sdk/lib/tinyusb/src/portable/raspberrypi/rp2040/rp2040_usb.c.obj
                0x100062a4                _hw_endpoint_xfer_continue
 .text._hw_endpoint_xfer
                0x100062fc       0x34 CMakeFiles/Studienarbeit_Display.dir/D_/Pico/pico-sdk/lib/tinyusb/src/portable/raspberrypi/rp2040/rp2040_usb.c.obj
                0x100062fc                _hw_endpoint_xfer
 .text.mark_interface_endpoint
                0x10006330       0x2a CMakeFiles/Studienarbeit_Display.dir/D_/Pico/pico-sdk/lib/tinyusb/src/device/usbd.c.obj
 *fill*         0x1000635a        0x2 
 .text.usbd_reset
                0x1000635c       0x88 CMakeFiles/Studienarbeit_Display.dir/D_/Pico/pico-sdk/lib/tinyusb/src/device/usbd.c.obj
 .text.invoke_class_control
                0x100063e4       0x18 CMakeFiles/Studienarbeit_Display.dir/D_/Pico/pico-sdk/lib/tinyusb/src/device/usbd.c.obj
 .text.process_set_config
                0x100063fc      0x1d0 CMakeFiles/Studienarbeit_Display.dir/D_/Pico/pico-sdk/lib/tinyusb/src/device/usbd.c.obj
 .text.process_get_descriptor
                0x100065cc       0xf4 CMakeFiles/Studienarbeit_Display.dir/D_/Pico/pico-sdk/lib/tinyusb/src/device/usbd.c.obj
 .text.tud_mounted
                0x100066c0       0x10 CMakeFiles/Studienarbeit_Display.dir/D_/Pico/pico-sdk/lib/tinyusb/src/device/usbd.c.obj
                0x100066c0                tud_mounted
 .text.tud_suspended
                0x100066d0       0x10 CMakeFiles/Studienarbeit_Display.dir/D_/Pico/pico-sdk/lib/tinyusb/src/device/usbd.c.obj
                0x100066d0                tud_suspended
 .text.tud_init
                0x100066e0       0xb8 CMakeFiles/Studienarbeit_Display.dir/D_/Pico/pico-sdk/lib/tinyusb/src/device/usbd.c.obj
                0x100066e0                tud_init
 .text.dcd_event_handler
                0x10006798      0x1c4 CMakeFiles/Studienarbeit_Display.dir/D_/Pico/pico-sdk/lib/tinyusb/src/device/usbd.c.obj
                0x10006798                dcd_event_handler
 .text.dcd_event_bus_signal
                0x1000695c       0x26 CMakeFiles/Studienarbeit_Display.dir/D_/Pico/pico-sdk/lib/tinyusb/src/device/usbd.c.obj
                0x1000695c                dcd_event_bus_signal
 .text.dcd_event_setup_received
                0x10006982       0x34 CMakeFiles/Studienarbeit_Display.dir/D_/Pico/pico-sdk/lib/tinyusb/src/device/usbd.c.obj
                0x10006982                dcd_event_setup_received
 .text.dcd_event_xfer_complete
                0x100069b6       0x44 CMakeFiles/Studienarbeit_Display.dir/D_/Pico/pico-sdk/lib/tinyusb/src/device/usbd.c.obj
                0x100069b6                dcd_event_xfer_complete
 .text.usbd_edpt_open
                0x100069fa        0x8 CMakeFiles/Studienarbeit_Display.dir/D_/Pico/pico-sdk/lib/tinyusb/src/device/usbd.c.obj
                0x100069fa                usbd_edpt_open
 *fill*         0x10006a02        0x2 
 .text.usbd_open_edpt_pair
                0x10006a04       0x8c CMakeFiles/Studienarbeit_Display.dir/D_/Pico/pico-sdk/lib/tinyusb/src/device/usbd.c.obj
                0x10006a04                usbd_open_edpt_pair
 .text.usbd_edpt_claim
                0x10006a90       0x8c CMakeFiles/Studienarbeit_Display.dir/D_/Pico/pico-sdk/lib/tinyusb/src/device/usbd.c.obj
                0x10006a90                usbd_edpt_claim
 .text.usbd_edpt_release
                0x10006b1c       0x68 CMakeFiles/Studienarbeit_Display.dir/D_/Pico/pico-sdk/lib/tinyusb/src/device/usbd.c.obj
                0x10006b1c                usbd_edpt_release
 .text.usbd_edpt_xfer
                0x10006b84       0x80 CMakeFiles/Studienarbeit_Display.dir/D_/Pico/pico-sdk/lib/tinyusb/src/device/usbd.c.obj
                0x10006b84                usbd_edpt_xfer
 .text.usbd_edpt_stall
                0x10006c04       0x2c CMakeFiles/Studienarbeit_Display.dir/D_/Pico/pico-sdk/lib/tinyusb/src/device/usbd.c.obj
                0x10006c04                usbd_edpt_stall
 .text.usbd_edpt_clear_stall
                0x10006c30       0x2c CMakeFiles/Studienarbeit_Display.dir/D_/Pico/pico-sdk/lib/tinyusb/src/device/usbd.c.obj
                0x10006c30                usbd_edpt_clear_stall
 .text.usbd_edpt_stalled
                0x10006c5c       0x1c CMakeFiles/Studienarbeit_Display.dir/D_/Pico/pico-sdk/lib/tinyusb/src/device/usbd.c.obj
                0x10006c5c                usbd_edpt_stalled
 .text.process_control_request
                0x10006c78      0x37c CMakeFiles/Studienarbeit_Display.dir/D_/Pico/pico-sdk/lib/tinyusb/src/device/usbd.c.obj
 .text.tud_task
                0x10006ff4      0x204 CMakeFiles/Studienarbeit_Display.dir/D_/Pico/pico-sdk/lib/tinyusb/src/device/usbd.c.obj
                0x10006ff4                tud_task
 .text._data_stage_xact
                0x100071f8       0x58 CMakeFiles/Studienarbeit_Display.dir/D_/Pico/pico-sdk/lib/tinyusb/src/device/usbd_control.c.obj
 .text.tud_control_status
                0x10007250       0x38 CMakeFiles/Studienarbeit_Display.dir/D_/Pico/pico-sdk/lib/tinyusb/src/device/usbd_control.c.obj
                0x10007250                tud_control_status
 .text.tud_control_xfer
                0x10007288       0xa8 CMakeFiles/Studienarbeit_Display.dir/D_/Pico/pico-sdk/lib/tinyusb/src/device/usbd_control.c.obj
                0x10007288                tud_control_xfer
 .text.usbd_control_reset
                0x10007330       0x14 CMakeFiles/Studienarbeit_Display.dir/D_/Pico/pico-sdk/lib/tinyusb/src/device/usbd_control.c.obj
                0x10007330                usbd_control_reset
 .text.usbd_control_set_complete_callback
                0x10007344        0xc CMakeFiles/Studienarbeit_Display.dir/D_/Pico/pico-sdk/lib/tinyusb/src/device/usbd_control.c.obj
                0x10007344                usbd_control_set_complete_callback
 .text.usbd_control_set_request
                0x10007350       0x1c CMakeFiles/Studienarbeit_Display.dir/D_/Pico/pico-sdk/lib/tinyusb/src/device/usbd_control.c.obj
                0x10007350                usbd_control_set_request
 .text.usbd_control_xfer_cb
                0x1000736c       0xe8 CMakeFiles/Studienarbeit_Display.dir/D_/Pico/pico-sdk/lib/tinyusb/src/device/usbd_control.c.obj
                0x1000736c                usbd_control_xfer_cb
 .text._prep_out_transaction
                0x10007454       0x46 CMakeFiles/Studienarbeit_Display.dir/D_/Pico/pico-sdk/lib/tinyusb/src/class/cdc/cdc_device.c.obj
 *fill*         0x1000749a        0x2 
 .text.tud_cdc_n_connected
                0x1000749c       0x48 CMakeFiles/Studienarbeit_Display.dir/D_/Pico/pico-sdk/lib/tinyusb/src/class/cdc/cdc_device.c.obj
                0x1000749c                tud_cdc_n_connected
 .text.tud_cdc_n_available
                0x100074e4       0x20 CMakeFiles/Studienarbeit_Display.dir/D_/Pico/pico-sdk/lib/tinyusb/src/class/cdc/cdc_device.c.obj
                0x100074e4                tud_cdc_n_available
 .text.tud_cdc_n_read
                0x10007504       0x30 CMakeFiles/Studienarbeit_Display.dir/D_/Pico/pico-sdk/lib/tinyusb/src/class/cdc/cdc_device.c.obj
                0x10007504                tud_cdc_n_read
 .text.tud_cdc_n_write_flush
                0x10007534       0xc4 CMakeFiles/Studienarbeit_Display.dir/D_/Pico/pico-sdk/lib/tinyusb/src/class/cdc/cdc_device.c.obj
                0x10007534                tud_cdc_n_write_flush
 .text.tud_cdc_n_write
                0x100075f8       0x38 CMakeFiles/Studienarbeit_Display.dir/D_/Pico/pico-sdk/lib/tinyusb/src/class/cdc/cdc_device.c.obj
                0x100075f8                tud_cdc_n_write
 .text.tud_cdc_n_write_available
                0x10007630       0x20 CMakeFiles/Studienarbeit_Display.dir/D_/Pico/pico-sdk/lib/tinyusb/src/class/cdc/cdc_device.c.obj
                0x10007630                tud_cdc_n_write_available
 .text.cdcd_init
                0x10007650       0xdc CMakeFiles/Studienarbeit_Display.dir/D_/Pico/pico-sdk/lib/tinyusb/src/class/cdc/cdc_device.c.obj
                0x10007650                cdcd_init
 .text.cdcd_reset
                0x1000772c       0x44 CMakeFiles/Studienarbeit_Display.dir/D_/Pico/pico-sdk/lib/tinyusb/src/class/cdc/cdc_device.c.obj
                0x1000772c                cdcd_reset
 .text.cdcd_open
                0x10007770      0x118 CMakeFiles/Studienarbeit_Display.dir/D_/Pico/pico-sdk/lib/tinyusb/src/class/cdc/cdc_device.c.obj
                0x10007770                cdcd_open
 .text.cdcd_control_complete
                0x10007888       0x60 CMakeFiles/Studienarbeit_Display.dir/D_/Pico/pico-sdk/lib/tinyusb/src/class/cdc/cdc_device.c.obj
                0x10007888                cdcd_control_complete
 .text.cdcd_control_request
                0x100078e8       0x9c CMakeFiles/Studienarbeit_Display.dir/D_/Pico/pico-sdk/lib/tinyusb/src/class/cdc/cdc_device.c.obj
                0x100078e8                cdcd_control_request
 .text.cdcd_xfer_cb
                0x10007984      0x130 CMakeFiles/Studienarbeit_Display.dir/D_/Pico/pico-sdk/lib/tinyusb/src/class/cdc/cdc_device.c.obj
                0x10007984                cdcd_xfer_cb
 .text.tusb_init
                0x10007ab4       0x38 CMakeFiles/Studienarbeit_Display.dir/D_/Pico/pico-sdk/lib/tinyusb/src/tusb.c.obj
                0x10007ab4                tusb_init
 .text.tusb_inited
                0x10007aec        0xc CMakeFiles/Studienarbeit_Display.dir/D_/Pico/pico-sdk/lib/tinyusb/src/tusb.c.obj
                0x10007aec                tusb_inited
 .text.advance_pointer
                0x10007af8       0x1e CMakeFiles/Studienarbeit_Display.dir/D_/Pico/pico-sdk/lib/tinyusb/src/common/tusb_fifo.c.obj
 .text.backward_pointer
                0x10007b16       0x1a CMakeFiles/Studienarbeit_Display.dir/D_/Pico/pico-sdk/lib/tinyusb/src/common/tusb_fifo.c.obj
 .text.get_relative_pointer
                0x10007b30       0x16 CMakeFiles/Studienarbeit_Display.dir/D_/Pico/pico-sdk/lib/tinyusb/src/common/tusb_fifo.c.obj
 .text.tu_fifo_lock
                0x10007b46       0x12 CMakeFiles/Studienarbeit_Display.dir/D_/Pico/pico-sdk/lib/tinyusb/src/common/tusb_fifo.c.obj
 .text.tu_fifo_unlock
                0x10007b58        0xe CMakeFiles/Studienarbeit_Display.dir/D_/Pico/pico-sdk/lib/tinyusb/src/common/tusb_fifo.c.obj
 .text._tu_fifo_peek_at
                0x10007b66       0x66 CMakeFiles/Studienarbeit_Display.dir/D_/Pico/pico-sdk/lib/tinyusb/src/common/tusb_fifo.c.obj
 .text._ff_pull_n
                0x10007bcc       0x4a CMakeFiles/Studienarbeit_Display.dir/D_/Pico/pico-sdk/lib/tinyusb/src/common/tusb_fifo.c.obj
 .text._tu_fifo_peek_at_n
                0x10007c16       0x72 CMakeFiles/Studienarbeit_Display.dir/D_/Pico/pico-sdk/lib/tinyusb/src/common/tusb_fifo.c.obj
 .text._ff_push_n
                0x10007c88       0x4a CMakeFiles/Studienarbeit_Display.dir/D_/Pico/pico-sdk/lib/tinyusb/src/common/tusb_fifo.c.obj
 .text.tu_fifo_config
                0x10007cd2       0x48 CMakeFiles/Studienarbeit_Display.dir/D_/Pico/pico-sdk/lib/tinyusb/src/common/tusb_fifo.c.obj
                0x10007cd2                tu_fifo_config
 .text.tu_fifo_count
                0x10007d1a       0x1c CMakeFiles/Studienarbeit_Display.dir/D_/Pico/pico-sdk/lib/tinyusb/src/common/tusb_fifo.c.obj
                0x10007d1a                tu_fifo_count
 .text.tu_fifo_remaining
                0x10007d36       0x20 CMakeFiles/Studienarbeit_Display.dir/D_/Pico/pico-sdk/lib/tinyusb/src/common/tusb_fifo.c.obj
                0x10007d36                tu_fifo_remaining
 .text.tu_fifo_read
                0x10007d56       0x3a CMakeFiles/Studienarbeit_Display.dir/D_/Pico/pico-sdk/lib/tinyusb/src/common/tusb_fifo.c.obj
                0x10007d56                tu_fifo_read
 .text.tu_fifo_read_n
                0x10007d90       0x3e CMakeFiles/Studienarbeit_Display.dir/D_/Pico/pico-sdk/lib/tinyusb/src/common/tusb_fifo.c.obj
                0x10007d90                tu_fifo_read_n
 .text.tu_fifo_write
                0x10007dce       0x5c CMakeFiles/Studienarbeit_Display.dir/D_/Pico/pico-sdk/lib/tinyusb/src/common/tusb_fifo.c.obj
                0x10007dce                tu_fifo_write
 .text.tu_fifo_write_n
                0x10007e2a       0x7c CMakeFiles/Studienarbeit_Display.dir/D_/Pico/pico-sdk/lib/tinyusb/src/common/tusb_fifo.c.obj
                0x10007e2a                tu_fifo_write_n
 .text.tu_fifo_clear
                0x10007ea6       0x18 CMakeFiles/Studienarbeit_Display.dir/D_/Pico/pico-sdk/lib/tinyusb/src/common/tusb_fifo.c.obj
                0x10007ea6                tu_fifo_clear
 .text.i2c_write_blocking_internal
                0x10007ebe       0xfa CMakeFiles/Studienarbeit_Display.dir/D_/Pico/pico-sdk/src/rp2_common/hardware_i2c/i2c.c.obj
 .text.i2c_set_baudrate
                0x10007fb8       0x68 CMakeFiles/Studienarbeit_Display.dir/D_/Pico/pico-sdk/src/rp2_common/hardware_i2c/i2c.c.obj
                0x10007fb8                i2c_set_baudrate
 .text.i2c_init
                0x10008020       0x54 CMakeFiles/Studienarbeit_Display.dir/D_/Pico/pico-sdk/src/rp2_common/hardware_i2c/i2c.c.obj
                0x10008020                i2c_init
 .text.i2c_write_blocking
                0x10008074       0x18 CMakeFiles/Studienarbeit_Display.dir/D_/Pico/pico-sdk/src/rp2_common/hardware_i2c/i2c.c.obj
                0x10008074                i2c_write_blocking
 .text.adc_init
                0x1000808c       0x34 CMakeFiles/Studienarbeit_Display.dir/D_/Pico/pico-sdk/src/rp2_common/hardware_adc/adc.c.obj
                0x1000808c                adc_init
 .text.dma_claim_unused_channel
                0x100080c0       0x20 CMakeFiles/Studienarbeit_Display.dir/D_/Pico/pico-sdk/src/rp2_common/hardware_dma/dma.c.obj
                0x100080c0                dma_claim_unused_channel
 .text          0x100080e0      0x4a0 libkiss_fftr.a(kiss_fftr.c.obj)
                0x100080e0                kiss_fftr_alloc
                0x10008214                kiss_fftr
                0x100083c8                kiss_fftri
 .text          0x10008580      0xd64 libkiss_fft.a(kiss_fft.c.obj)
                0x1000916a                kiss_fft_alloc
                0x1000922c                kiss_fft_stride
                0x1000928a                kiss_fft
                0x10009294                kiss_fft_cleanup
                0x10009296                kiss_fft_next_fast_size
 .text._fwrite_r
                0x100092e4       0xb0 c:/progra~2/gnuarm~1/102020~1/bin/../lib/gcc/arm-none-eabi/10.2.1/../../../../arm-none-eabi/lib/thumb/v6-m/nofp\libg.a(lib_a-fwrite.o)
                0x100092e4                _fwrite_r
 .text.fwrite   0x10009394       0x20 c:/progra~2/gnuarm~1/102020~1/bin/../lib/gcc/arm-none-eabi/10.2.1/../../../../arm-none-eabi/lib/thumb/v6-m/nofp\libg.a(lib_a-fwrite.o)
                0x10009394                fwrite
 .text.__retarget_lock_init_recursive
                0x100093b4        0x4 c:/progra~2/gnuarm~1/102020~1/bin/../lib/gcc/arm-none-eabi/10.2.1/../../../../arm-none-eabi/lib/thumb/v6-m/nofp\libg.a(lib_a-lock.o)
                0x100093b4                __retarget_lock_init_recursive
 .text.__retarget_lock_close_recursive
                0x100093b8        0x4 c:/progra~2/gnuarm~1/102020~1/bin/../lib/gcc/arm-none-eabi/10.2.1/../../../../arm-none-eabi/lib/thumb/v6-m/nofp\libg.a(lib_a-lock.o)
                0x100093b8                __retarget_lock_close_recursive
 .text.__retarget_lock_acquire_recursive
                0x100093bc        0x4 c:/progra~2/gnuarm~1/102020~1/bin/../lib/gcc/arm-none-eabi/10.2.1/../../../../arm-none-eabi/lib/thumb/v6-m/nofp\libg.a(lib_a-lock.o)
                0x100093bc                __retarget_lock_acquire_recursive
 .text.__retarget_lock_release_recursive
                0x100093c0        0x4 c:/progra~2/gnuarm~1/102020~1/bin/../lib/gcc/arm-none-eabi/10.2.1/../../../../arm-none-eabi/lib/thumb/v6-m/nofp\libg.a(lib_a-lock.o)
                0x100093c0                __retarget_lock_release_recursive
 .text.malloc   0x100093c4       0x14 c:/progra~2/gnuarm~1/102020~1/bin/../lib/gcc/arm-none-eabi/10.2.1/../../../../arm-none-eabi/lib/thumb/v6-m/nofp\libg.a(lib_a-malloc.o)
                0x100093c4                malloc
 .text.free     0x100093d8       0x14 c:/progra~2/gnuarm~1/102020~1/bin/../lib/gcc/arm-none-eabi/10.2.1/../../../../arm-none-eabi/lib/thumb/v6-m/nofp\libg.a(lib_a-malloc.o)
                0x100093d8                free
 .text._malloc_r
                0x100093ec      0x580 c:/progra~2/gnuarm~1/102020~1/bin/../lib/gcc/arm-none-eabi/10.2.1/../../../../arm-none-eabi/lib/thumb/v6-m/nofp\libg.a(lib_a-mallocr.o)
                0x100093ec                _malloc_r
 .text.__malloc_lock
                0x1000996c       0x10 c:/progra~2/gnuarm~1/102020~1/bin/../lib/gcc/arm-none-eabi/10.2.1/../../../../arm-none-eabi/lib/thumb/v6-m/nofp\libg.a(lib_a-mlock.o)
                0x1000996c                __malloc_lock
 .text.__malloc_unlock
                0x1000997c       0x10 c:/progra~2/gnuarm~1/102020~1/bin/../lib/gcc/arm-none-eabi/10.2.1/../../../../arm-none-eabi/lib/thumb/v6-m/nofp\libg.a(lib_a-mlock.o)
                0x1000997c                __malloc_unlock
 .text._sbrk_r  0x1000998c       0x24 c:/progra~2/gnuarm~1/102020~1/bin/../lib/gcc/arm-none-eabi/10.2.1/../../../../arm-none-eabi/lib/thumb/v6-m/nofp\libg.a(lib_a-sbrkr.o)
                0x1000998c                _sbrk_r
 .text.strcat   0x100099b0       0x4c c:/progra~2/gnuarm~1/102020~1/bin/../lib/gcc/arm-none-eabi/10.2.1/../../../../arm-none-eabi/lib/thumb/v6-m/nofp\libg.a(lib_a-strcat.o)
                0x100099b0                strcat
 .text.strcpy   0x100099fc       0x10 c:/progra~2/gnuarm~1/102020~1/bin/../lib/gcc/arm-none-eabi/10.2.1/../../../../arm-none-eabi/lib/thumb/v6-m/nofp\libg.a(lib_a-strcpy.o)
                0x100099fc                strcpy
 .text.strlen   0x10009a0c       0x5c c:/progra~2/gnuarm~1/102020~1/bin/../lib/gcc/arm-none-eabi/10.2.1/../../../../arm-none-eabi/lib/thumb/v6-m/nofp\libg.a(lib_a-strlen-stub.o)
                0x10009a0c                strlen
 .text._cleanup_r
                0x10009a68       0x10 c:/progra~2/gnuarm~1/102020~1/bin/../lib/gcc/arm-none-eabi/10.2.1/../../../../arm-none-eabi/lib/thumb/v6-m/nofp\libg.a(lib_a-findfp.o)
                0x10009a68                _cleanup_r
 .text.__sinit  0x10009a78      0x120 c:/progra~2/gnuarm~1/102020~1/bin/../lib/gcc/arm-none-eabi/10.2.1/../../../../arm-none-eabi/lib/thumb/v6-m/nofp\libg.a(lib_a-findfp.o)
                0x10009a78                __sinit
 .text.__sfp_lock_acquire
                0x10009b98       0x10 c:/progra~2/gnuarm~1/102020~1/bin/../lib/gcc/arm-none-eabi/10.2.1/../../../../arm-none-eabi/lib/thumb/v6-m/nofp\libg.a(lib_a-findfp.o)
                0x10009b98                __sfp_lock_acquire
 .text.__sfp_lock_release
                0x10009ba8       0x10 c:/progra~2/gnuarm~1/102020~1/bin/../lib/gcc/arm-none-eabi/10.2.1/../../../../arm-none-eabi/lib/thumb/v6-m/nofp\libg.a(lib_a-findfp.o)
                0x10009ba8                __sfp_lock_release
 .text._malloc_trim_r
                0x10009bb8       0x9c c:/progra~2/gnuarm~1/102020~1/bin/../lib/gcc/arm-none-eabi/10.2.1/../../../../arm-none-eabi/lib/thumb/v6-m/nofp\libg.a(lib_a-freer.o)
                0x10009bb8                _malloc_trim_r
 .text._free_r  0x10009c54      0x1c4 c:/progra~2/gnuarm~1/102020~1/bin/../lib/gcc/arm-none-eabi/10.2.1/../../../../arm-none-eabi/lib/thumb/v6-m/nofp\libg.a(lib_a-freer.o)
                0x10009c54                _free_r
 .text.__sfvwrite_r
                0x10009e18      0x2f4 c:/progra~2/gnuarm~1/102020~1/bin/../lib/gcc/arm-none-eabi/10.2.1/../../../../arm-none-eabi/lib/thumb/v6-m/nofp\libg.a(lib_a-fvwrite.o)
                0x10009e18                __sfvwrite_r
 .text._fwalk_reent
                0x1000a10c       0x48 c:/progra~2/gnuarm~1/102020~1/bin/../lib/gcc/arm-none-eabi/10.2.1/../../../../arm-none-eabi/lib/thumb/v6-m/nofp\libg.a(lib_a-fwalk.o)
                0x1000a10c                _fwalk_reent
 .text.memchr   0x1000a154       0x74 c:/progra~2/gnuarm~1/102020~1/bin/../lib/gcc/arm-none-eabi/10.2.1/../../../../arm-none-eabi/lib/thumb/v6-m/nofp\libg.a(lib_a-memchr-stub.o)
                0x1000a154                memchr
 .text.memmove  0x1000a1c8       0xac c:/progra~2/gnuarm~1/102020~1/bin/../lib/gcc/arm-none-eabi/10.2.1/../../../../arm-none-eabi/lib/thumb/v6-m/nofp\libg.a(lib_a-memmove.o)
                0x1000a1c8                memmove
 .text._realloc_r
                0x1000a274      0x358 c:/progra~2/gnuarm~1/102020~1/bin/../lib/gcc/arm-none-eabi/10.2.1/../../../../arm-none-eabi/lib/thumb/v6-m/nofp\libg.a(lib_a-reallocr.o)
                0x1000a274                _realloc_r
 .text.__sread  0x1000a5cc       0x28 c:/progra~2/gnuarm~1/102020~1/bin/../lib/gcc/arm-none-eabi/10.2.1/../../../../arm-none-eabi/lib/thumb/v6-m/nofp\libg.a(lib_a-stdio.o)
                0x1000a5cc                __sread
 .text.__swrite
                0x1000a5f4       0x40 c:/progra~2/gnuarm~1/102020~1/bin/../lib/gcc/arm-none-eabi/10.2.1/../../../../arm-none-eabi/lib/thumb/v6-m/nofp\libg.a(lib_a-stdio.o)
                0x1000a5f4                __swrite
 .text.__sseek  0x1000a634       0x2c c:/progra~2/gnuarm~1/102020~1/bin/../lib/gcc/arm-none-eabi/10.2.1/../../../../arm-none-eabi/lib/thumb/v6-m/nofp\libg.a(lib_a-stdio.o)
                0x1000a634                __sseek
 .text.__sclose
                0x1000a660        0xc c:/progra~2/gnuarm~1/102020~1/bin/../lib/gcc/arm-none-eabi/10.2.1/../../../../arm-none-eabi/lib/thumb/v6-m/nofp\libg.a(lib_a-stdio.o)
                0x1000a660                __sclose
 .text._write_r
                0x1000a66c       0x28 c:/progra~2/gnuarm~1/102020~1/bin/../lib/gcc/arm-none-eabi/10.2.1/../../../../arm-none-eabi/lib/thumb/v6-m/nofp\libg.a(lib_a-writer.o)
                0x1000a66c                _write_r
 .text.__swsetup_r
                0x1000a694       0xdc c:/progra~2/gnuarm~1/102020~1/bin/../lib/gcc/arm-none-eabi/10.2.1/../../../../arm-none-eabi/lib/thumb/v6-m/nofp\libg.a(lib_a-wsetup.o)
                0x1000a694                __swsetup_r
 .text._close_r
                0x1000a770       0x24 c:/progra~2/gnuarm~1/102020~1/bin/../lib/gcc/arm-none-eabi/10.2.1/../../../../arm-none-eabi/lib/thumb/v6-m/nofp\libg.a(lib_a-closer.o)
                0x1000a770                _close_r
 .text._fclose_r
                0x1000a794       0xdc c:/progra~2/gnuarm~1/102020~1/bin/../lib/gcc/arm-none-eabi/10.2.1/../../../../arm-none-eabi/lib/thumb/v6-m/nofp\libg.a(lib_a-fclose.o)
                0x1000a794                _fclose_r
 .text.__sflush_r
                0x1000a870      0x140 c:/progra~2/gnuarm~1/102020~1/bin/../lib/gcc/arm-none-eabi/10.2.1/../../../../arm-none-eabi/lib/thumb/v6-m/nofp\libg.a(lib_a-fflush.o)
                0x1000a870                __sflush_r
 .text._fflush_r
                0x1000a9b0       0x6c c:/progra~2/gnuarm~1/102020~1/bin/../lib/gcc/arm-none-eabi/10.2.1/../../../../arm-none-eabi/lib/thumb/v6-m/nofp\libg.a(lib_a-fflush.o)
                0x1000a9b0                _fflush_r
 .text._lseek_r
                0x1000aa1c       0x28 c:/progra~2/gnuarm~1/102020~1/bin/../lib/gcc/arm-none-eabi/10.2.1/../../../../arm-none-eabi/lib/thumb/v6-m/nofp\libg.a(lib_a-lseekr.o)
                0x1000aa1c                _lseek_r
 .text.__smakebuf_r
                0x1000aa44       0xe4 c:/progra~2/gnuarm~1/102020~1/bin/../lib/gcc/arm-none-eabi/10.2.1/../../../../arm-none-eabi/lib/thumb/v6-m/nofp\libg.a(lib_a-makebuf.o)
                0x1000aa44                __smakebuf_r
 .text._read_r  0x1000ab28       0x28 c:/progra~2/gnuarm~1/102020~1/bin/../lib/gcc/arm-none-eabi/10.2.1/../../../../arm-none-eabi/lib/thumb/v6-m/nofp\libg.a(lib_a-readr.o)
                0x1000ab28                _read_r
 .text._fstat_r
                0x1000ab50       0x28 c:/progra~2/gnuarm~1/102020~1/bin/../lib/gcc/arm-none-eabi/10.2.1/../../../../arm-none-eabi/lib/thumb/v6-m/nofp\libg.a(lib_a-fstatr.o)
                0x1000ab50                _fstat_r
 .text._isatty_r
                0x1000ab78       0x24 c:/progra~2/gnuarm~1/102020~1/bin/../lib/gcc/arm-none-eabi/10.2.1/../../../../arm-none-eabi/lib/thumb/v6-m/nofp\libg.a(lib_a-isattyr.o)
                0x1000ab78                _isatty_r
 .text._close   0x1000ab9c       0x10 c:/progra~2/gnuarm~1/102020~1/bin/../lib/gcc/arm-none-eabi/10.2.1/../../../../arm-none-eabi/lib/thumb/v6-m/nofp\libnosys.a(close.o)
                0x1000ab9c                _close
 .text._fstat   0x1000abac       0x10 c:/progra~2/gnuarm~1/102020~1/bin/../lib/gcc/arm-none-eabi/10.2.1/../../../../arm-none-eabi/lib/thumb/v6-m/nofp\libnosys.a(fstat.o)
                0x1000abac                _fstat
 .text._isatty  0x1000abbc       0x10 c:/progra~2/gnuarm~1/102020~1/bin/../lib/gcc/arm-none-eabi/10.2.1/../../../../arm-none-eabi/lib/thumb/v6-m/nofp\libnosys.a(isatty.o)
                0x1000abbc                _isatty
 .text._lseek   0x1000abcc       0x10 c:/progra~2/gnuarm~1/102020~1/bin/../lib/gcc/arm-none-eabi/10.2.1/../../../../arm-none-eabi/lib/thumb/v6-m/nofp\libnosys.a(lseek.o)
                0x1000abcc                _lseek
 *(.fini)
 .fini          0x1000abdc        0x4 c:/progra~2/gnuarm~1/102020~1/bin/../lib/gcc/arm-none-eabi/10.2.1/thumb/v6-m/nofp/crti.o
                0x1000abdc                _fini
 .fini.__stub   0x1000abe0       0x60 linker stubs
 *crtbegin.o(.ctors)
 *crtbegin?.o(.ctors)
 *(EXCLUDE_FILE(*crtend.o *crtend?.o) .ctors)
 *(SORT_BY_NAME(.ctors.*))
 *(.ctors)
 *crtbegin.o(.dtors)
 *crtbegin?.o(.dtors)
 *(EXCLUDE_FILE(*crtend.o *crtend?.o) .dtors)
 *(SORT_BY_NAME(.dtors.*))
 *(.dtors)
 *(.eh_frame*)
 .eh_frame      0x1000ac40        0x0 c:/progra~2/gnuarm~1/102020~1/bin/../lib/gcc/arm-none-eabi/10.2.1/thumb/v6-m/nofp/crtbegin.o
                0x1000ac40                . = ALIGN (0x4)

.glue_7         0x1000ac40        0x0
 .glue_7        0x1000ac40        0x0 linker stubs

.glue_7t        0x1000ac40        0x0
 .glue_7t       0x1000ac40        0x0 linker stubs

.vfp11_veneer   0x1000ac40        0x0
 .vfp11_veneer  0x1000ac40        0x0 linker stubs

.v4_bx          0x1000ac40        0x0
 .v4_bx         0x1000ac40        0x0 linker stubs

.iplt           0x1000ac40        0x0
 .iplt          0x1000ac40        0x0 c:/progra~2/gnuarm~1/102020~1/bin/../lib/gcc/arm-none-eabi/10.2.1/thumb/v6-m/nofp/crtbegin.o

.rodata         0x1000ac40     0x171c
 *(EXCLUDE_FILE(*libm.a: *libc.a:*lib_a-mem*.o *libgcc.a:) .rodata*)
 .rodata.setup_adc_fft.str1.4
                0x1000ac40       0x64 CMakeFiles/Studienarbeit_Display.dir/Studienarbeit_Display.c.obj
 .rodata.main.str1.4
                0x1000aca4       0x4e CMakeFiles/Studienarbeit_Display.dir/Studienarbeit_Display.c.obj
 *fill*         0x1000acf2        0x2 
 .rodata.__func__.4
                0x1000acf4       0x1c CMakeFiles/Studienarbeit_Display.dir/Studienarbeit_Display.c.obj
 .rodata.cmds.0
                0x1000ad10       0x19 CMakeFiles/Studienarbeit_Display.dir/Studienarbeit_Display.c.obj
 *fill*         0x1000ad29        0x3 
 .rodata.ssd1306_font6x8
                0x1000ad2c      0x245 CMakeFiles/Studienarbeit_Display.dir/Studienarbeit_Display.c.obj
                0x1000ad2c                ssd1306_font6x8
 *fill*         0x1000af71        0x3 
 .rodata.spin_lock_claim_unused.str1.4
                0x1000af74       0x1b CMakeFiles/Studienarbeit_Display.dir/D_/Pico/pico-sdk/src/rp2_common/hardware_sync/sync.c.obj
 *fill*         0x1000af8f        0x1 
 .rodata.repeating_timer_callback.str1.4
                0x1000af90       0x41 CMakeFiles/Studienarbeit_Display.dir/D_/Pico/pico-sdk/src/common/pico_time/time.c.obj
 *fill*         0x1000afd1        0x3 
 .rodata.timer_pool_entry_comparator.str1.4
                0x1000afd4       0x22 CMakeFiles/Studienarbeit_Display.dir/D_/Pico/pico-sdk/src/common/pico_time/time.c.obj
 *fill*         0x1000aff6        0x2 
 .rodata.ph_add_child_node.str1.4
                0x1000aff8       0x8a CMakeFiles/Studienarbeit_Display.dir/D_/Pico/pico-sdk/src/common/pico_time/time.c.obj
 *fill*         0x1000b082        0x2 
 .rodata.add_alarm_under_lock.str1.4
                0x1000b084       0x28 CMakeFiles/Studienarbeit_Display.dir/D_/Pico/pico-sdk/src/common/pico_time/time.c.obj
                                 0x2b (size before relaxing)
 .rodata.alarm_pool_alarm_callback.str1.4
                0x1000b0ac       0x82 CMakeFiles/Studienarbeit_Display.dir/D_/Pico/pico-sdk/src/common/pico_time/time.c.obj
 *fill*         0x1000b12e        0x2 
 .rodata.alarm_pool_get_default.str1.4
                0x1000b130       0x21 CMakeFiles/Studienarbeit_Display.dir/D_/Pico/pico-sdk/src/common/pico_time/time.c.obj
 *fill*         0x1000b151        0x3 
 .rodata.alarm_pool_cancel_alarm.str1.4
                0x1000b154       0x27 CMakeFiles/Studienarbeit_Display.dir/D_/Pico/pico-sdk/src/common/pico_time/time.c.obj
 *fill*         0x1000b17b        0x1 
 .rodata.sleep_until.str1.4
                0x1000b17c       0x4d CMakeFiles/Studienarbeit_Display.dir/D_/Pico/pico-sdk/src/common/pico_time/time.c.obj
 *fill*         0x1000b1c9        0x3 
 .rodata.__func__.1
                0x1000b1cc       0x18 CMakeFiles/Studienarbeit_Display.dir/D_/Pico/pico-sdk/src/common/pico_time/time.c.obj
 .rodata.__func__.10
                0x1000b1e4       0x1a CMakeFiles/Studienarbeit_Display.dir/D_/Pico/pico-sdk/src/common/pico_time/time.c.obj
 *fill*         0x1000b1fe        0x2 
 .rodata.__func__.11
                0x1000b200        0xa CMakeFiles/Studienarbeit_Display.dir/D_/Pico/pico-sdk/src/common/pico_time/time.c.obj
 *fill*         0x1000b20a        0x2 
 .rodata.__func__.3
                0x1000b20c       0x17 CMakeFiles/Studienarbeit_Display.dir/D_/Pico/pico-sdk/src/common/pico_time/time.c.obj
 *fill*         0x1000b223        0x1 
 .rodata.__func__.4
                0x1000b224       0x12 CMakeFiles/Studienarbeit_Display.dir/D_/Pico/pico-sdk/src/common/pico_time/time.c.obj
 *fill*         0x1000b236        0x2 
 .rodata.__func__.5
                0x1000b238        0xd CMakeFiles/Studienarbeit_Display.dir/D_/Pico/pico-sdk/src/common/pico_time/time.c.obj
 *fill*         0x1000b245        0x3 
 .rodata.__func__.6
                0x1000b248       0x12 CMakeFiles/Studienarbeit_Display.dir/D_/Pico/pico-sdk/src/common/pico_time/time.c.obj
 *fill*         0x1000b25a        0x2 
 .rodata.__func__.7
                0x1000b25c        0xf CMakeFiles/Studienarbeit_Display.dir/D_/Pico/pico-sdk/src/common/pico_time/time.c.obj
 *fill*         0x1000b26b        0x1 
 .rodata.__func__.8
                0x1000b26c        0xc CMakeFiles/Studienarbeit_Display.dir/D_/Pico/pico-sdk/src/common/pico_time/time.c.obj
 .rodata.__func__.9
                0x1000b278       0x15 CMakeFiles/Studienarbeit_Display.dir/D_/Pico/pico-sdk/src/common/pico_time/time.c.obj
 *fill*         0x1000b28d        0x3 
 .rodata.at_the_end_of_time
                0x1000b290        0x8 CMakeFiles/Studienarbeit_Display.dir/D_/Pico/pico-sdk/src/common/pico_time/time.c.obj
                0x1000b290                at_the_end_of_time
 .rodata.hardware_alarm_claim.str1.4
                0x1000b298       0x22 CMakeFiles/Studienarbeit_Display.dir/D_/Pico/pico-sdk/src/rp2_common/hardware_timer/timer.c.obj
 *fill*         0x1000b2ba        0x2 
 .rodata.hardware_alarm_set_target.str1.4
                0x1000b2bc       0x5b CMakeFiles/Studienarbeit_Display.dir/D_/Pico/pico-sdk/src/rp2_common/hardware_timer/timer.c.obj
 *fill*         0x1000b317        0x1 
 .rodata.__func__.0
                0x1000b318       0x1a CMakeFiles/Studienarbeit_Display.dir/D_/Pico/pico-sdk/src/rp2_common/hardware_timer/timer.c.obj
 *fill*         0x1000b332        0x2 
 .rodata.str1.4
                0x1000b334       0x54 CMakeFiles/Studienarbeit_Display.dir/D_/Pico/pico-sdk/src/common/pico_sync/mutex.c.obj
 .rodata.__func__.0
                0x1000b388        0xb CMakeFiles/Studienarbeit_Display.dir/D_/Pico/pico-sdk/src/common/pico_sync/mutex.c.obj
 *fill*         0x1000b393        0x1 
 .rodata.__func__.1
                0x1000b394       0x18 CMakeFiles/Studienarbeit_Display.dir/D_/Pico/pico-sdk/src/common/pico_sync/mutex.c.obj
 .rodata.__func__.2
                0x1000b3ac       0x15 CMakeFiles/Studienarbeit_Display.dir/D_/Pico/pico-sdk/src/common/pico_sync/mutex.c.obj
 .rodata.ph_add_child_node.str1.4
                0x1000b3c1       0x8a CMakeFiles/Studienarbeit_Display.dir/D_/Pico/pico-sdk/src/common/pico_util/pheap.c.obj
 *fill*         0x1000b3c1        0x3 
 .rodata.ph_remove_any_head.str1.4
                0x1000b3c4       0x84 CMakeFiles/Studienarbeit_Display.dir/D_/Pico/pico-sdk/src/common/pico_util/pheap.c.obj
 .rodata.ph_remove_and_free_node.str1.4
                0x1000b448       0x26 CMakeFiles/Studienarbeit_Display.dir/D_/Pico/pico-sdk/src/common/pico_util/pheap.c.obj
 *fill*         0x1000b46e        0x2 
 .rodata.__func__.0
                0x1000b470       0x18 CMakeFiles/Studienarbeit_Display.dir/D_/Pico/pico-sdk/src/common/pico_util/pheap.c.obj
 .rodata.__func__.1
                0x1000b488       0x13 CMakeFiles/Studienarbeit_Display.dir/D_/Pico/pico-sdk/src/common/pico_util/pheap.c.obj
 *fill*         0x1000b49b        0x1 
 .rodata.__func__.2
                0x1000b49c       0x12 CMakeFiles/Studienarbeit_Display.dir/D_/Pico/pico-sdk/src/common/pico_util/pheap.c.obj
 *fill*         0x1000b4ae        0x2 
 .rodata.__func__.3
                0x1000b4b0        0xc CMakeFiles/Studienarbeit_Display.dir/D_/Pico/pico-sdk/src/common/pico_util/pheap.c.obj
 .rodata.__assert_func.str1.4
                0x1000b4bc       0x3f CMakeFiles/Studienarbeit_Display.dir/D_/Pico/pico-sdk/src/rp2_common/pico_runtime/runtime.c.obj
                                 0x43 (size before relaxing)
 *fill*         0x1000b4fb        0x1 
 .rodata.panic.str1.4
                0x1000b4fc       0x10 CMakeFiles/Studienarbeit_Display.dir/D_/Pico/pico-sdk/src/rp2_common/pico_runtime/runtime.c.obj
                                 0x12 (size before relaxing)
 .rodata.clock_configure.str1.4
                0x1000b50c       0x4d CMakeFiles/Studienarbeit_Display.dir/D_/Pico/pico-sdk/src/rp2_common/hardware_clocks/clocks.c.obj
 *fill*         0x1000b559        0x3 
 .rodata.__func__.1
                0x1000b55c       0x10 CMakeFiles/Studienarbeit_Display.dir/D_/Pico/pico-sdk/src/rp2_common/hardware_clocks/clocks.c.obj
 .rodata.pll_init.str1.4
                0x1000b56c       0xcf CMakeFiles/Studienarbeit_Display.dir/D_/Pico/pico-sdk/src/rp2_common/hardware_pll/pll.c.obj
 *fill*         0x1000b63b        0x1 
 .rodata.__func__.0
                0x1000b63c        0x9 CMakeFiles/Studienarbeit_Display.dir/D_/Pico/pico-sdk/src/rp2_common/hardware_pll/pll.c.obj
 *fill*         0x1000b645        0x3 
 .rodata.make_branch.str1.4
                0x1000b648       0x43 CMakeFiles/Studienarbeit_Display.dir/D_/Pico/pico-sdk/src/rp2_common/hardware_irq/irq.c.obj
 *fill*         0x1000b68b        0x1 
 .rodata.irq_set_exclusive_handler.str1.4
                0x1000b68c       0x36 CMakeFiles/Studienarbeit_Display.dir/D_/Pico/pico-sdk/src/rp2_common/hardware_irq/irq.c.obj
 *fill*         0x1000b6c2        0x2 
 .rodata.irq_add_shared_handler.str1.4
                0x1000b6c4       0xd9 CMakeFiles/Studienarbeit_Display.dir/D_/Pico/pico-sdk/src/rp2_common/hardware_irq/irq.c.obj
 *fill*         0x1000b79d        0x3 
 .rodata.irq_remove_handler.str1.4
                0x1000b7a0       0x2a CMakeFiles/Studienarbeit_Display.dir/D_/Pico/pico-sdk/src/rp2_common/hardware_irq/irq.c.obj
 *fill*         0x1000b7ca        0x2 
 .rodata.irq_add_tail_to_free_list.str1.4
                0x1000b7cc       0x32 CMakeFiles/Studienarbeit_Display.dir/D_/Pico/pico-sdk/src/rp2_common/hardware_irq/irq.c.obj
                                 0x3a (size before relaxing)
 *fill*         0x1000b7fe        0x2 
 .rodata.__func__.0
                0x1000b800       0x1a CMakeFiles/Studienarbeit_Display.dir/D_/Pico/pico-sdk/src/rp2_common/hardware_irq/irq.c.obj
 *fill*         0x1000b81a        0x2 
 .rodata.__func__.1
                0x1000b81c       0x17 CMakeFiles/Studienarbeit_Display.dir/D_/Pico/pico-sdk/src/rp2_common/hardware_irq/irq.c.obj
 *fill*         0x1000b833        0x1 
 .rodata.__func__.2
                0x1000b834       0x13 CMakeFiles/Studienarbeit_Display.dir/D_/Pico/pico-sdk/src/rp2_common/hardware_irq/irq.c.obj
 *fill*         0x1000b847        0x1 
 .rodata.__func__.3
                0x1000b848        0xc CMakeFiles/Studienarbeit_Display.dir/D_/Pico/pico-sdk/src/rp2_common/hardware_irq/irq.c.obj
 .rodata.__func__.4
                0x1000b854        0xf CMakeFiles/Studienarbeit_Display.dir/D_/Pico/pico-sdk/src/rp2_common/hardware_irq/irq.c.obj
 *fill*         0x1000b863        0x1 
 .rodata.__func__.6
                0x1000b864       0x1a CMakeFiles/Studienarbeit_Display.dir/D_/Pico/pico-sdk/src/rp2_common/hardware_irq/irq.c.obj
 *fill*         0x1000b87e        0x2 
 .rodata._ftoa.str1.4
                0x1000b880       0x15 CMakeFiles/Studienarbeit_Display.dir/D_/Pico/pico-sdk/src/rp2_common/pico_printf/printf.c.obj
 *fill*         0x1000b895        0x3 
 .rodata._vsnprintf
                0x1000b898      0x1e0 CMakeFiles/Studienarbeit_Display.dir/D_/Pico/pico-sdk/src/rp2_common/pico_printf/printf.c.obj
 .rodata.pow10.0
                0x1000ba78       0x50 CMakeFiles/Studienarbeit_Display.dir/D_/Pico/pico-sdk/src/rp2_common/pico_printf/printf.c.obj
 .rodata.__aeabi_double_init.str1.4
                0x1000bac8       0x9e CMakeFiles/Studienarbeit_Display.dir/D_/Pico/pico-sdk/src/rp2_common/pico_double/double_init_rom.c.obj