Archive member included to satisfy reference by file (symbol)

c:/progra~2/gnuarm~1/102020~1/bin/../lib/gcc/arm-none-eabi/10.2.1/thumb/v6-m/nofp\libgcc.a(_dvmd_tls.o)
                              CMakeFiles/Studienarbeit_Display.dir/D_/Pico/pico-sdk/src/rp2_common/pico_divider/divider.S.obj (__aeabi_idiv0)
c:/progra~2/gnuarm~1/102020~1/bin/../lib/gcc/arm-none-eabi/10.2.1/../../../../arm-none-eabi/lib/thumb/v6-m/nofp\libg.a(lib_a-calloc.o)
                              CMakeFiles/Studienarbeit_Display.dir/D_/Pico/pico-sdk/src/rp2_common/pico_malloc/pico_malloc.c.obj (calloc)
c:/progra~2/gnuarm~1/102020~1/bin/../lib/gcc/arm-none-eabi/10.2.1/../../../../arm-none-eabi/lib/thumb/v6-m/nofp\libg.a(lib_a-callocr.o)
                              c:/progra~2/gnuarm~1/102020~1/bin/../lib/gcc/arm-none-eabi/10.2.1/../../../../arm-none-eabi/lib/thumb/v6-m/nofp\libg.a(lib_a-calloc.o) (_calloc_r)
c:/progra~2/gnuarm~1/102020~1/bin/../lib/gcc/arm-none-eabi/10.2.1/../../../../arm-none-eabi/lib/thumb/v6-m/nofp\libg.a(lib_a-impure.o)
                              c:/progra~2/gnuarm~1/102020~1/bin/../lib/gcc/arm-none-eabi/10.2.1/../../../../arm-none-eabi/lib/thumb/v6-m/nofp\libg.a(lib_a-calloc.o) (_impure_ptr)
c:/progra~2/gnuarm~1/102020~1/bin/../lib/gcc/arm-none-eabi/10.2.1/../../../../arm-none-eabi/lib/thumb/v6-m/nofp\libg.a(lib_a-init.o)
                              c:/progra~2/gnuarm~1/102020~1/bin/../lib/gcc/arm-none-eabi/10.2.1/../../../../arm-none-eabi/lib/thumb/v6-m/nofp/crt0.o (__libc_init_array)
c:/progra~2/gnuarm~1/102020~1/bin/../lib/gcc/arm-none-eabi/10.2.1/../../../../arm-none-eabi/lib/thumb/v6-m/nofp\libg.a(lib_a-malloc.o)
                              CMakeFiles/Studienarbeit_Display.dir/D_/Pico/pico-sdk/src/rp2_common/pico_malloc/pico_malloc.c.obj (malloc)
c:/progra~2/gnuarm~1/102020~1/bin/../lib/gcc/arm-none-eabi/10.2.1/../../../../arm-none-eabi/lib/thumb/v6-m/nofp\libg.a(lib_a-mallocr.o)
                              c:/progra~2/gnuarm~1/102020~1/bin/../lib/gcc/arm-none-eabi/10.2.1/../../../../arm-none-eabi/lib/thumb/v6-m/nofp\libg.a(lib_a-callocr.o) (_malloc_r)
c:/progra~2/gnuarm~1/102020~1/bin/../lib/gcc/arm-none-eabi/10.2.1/../../../../arm-none-eabi/lib/thumb/v6-m/nofp\libg.a(lib_a-mlock.o)
                              c:/progra~2/gnuarm~1/102020~1/bin/../lib/gcc/arm-none-eabi/10.2.1/../../../../arm-none-eabi/lib/thumb/v6-m/nofp\libg.a(lib_a-mallocr.o) (__malloc_lock)
c:/progra~2/gnuarm~1/102020~1/bin/../lib/gcc/arm-none-eabi/10.2.1/../../../../arm-none-eabi/lib/thumb/v6-m/nofp\libg.a(lib_a-sbrkr.o)
                              c:/progra~2/gnuarm~1/102020~1/bin/../lib/gcc/arm-none-eabi/10.2.1/../../../../arm-none-eabi/lib/thumb/v6-m/nofp\libg.a(lib_a-mallocr.o) (_sbrk_r)
c:/progra~2/gnuarm~1/102020~1/bin/../lib/gcc/arm-none-eabi/10.2.1/../../../../arm-none-eabi/lib/thumb/v6-m/nofp\libg.a(lib_a-strcat.o)
                              CMakeFiles/Studienarbeit_Display.dir/Studienarbeit_Display.c.obj (strcat)
c:/progra~2/gnuarm~1/102020~1/bin/../lib/gcc/arm-none-eabi/10.2.1/../../../../arm-none-eabi/lib/thumb/v6-m/nofp\libg.a(lib_a-strcpy.o)
                              c:/progra~2/gnuarm~1/102020~1/bin/../lib/gcc/arm-none-eabi/10.2.1/../../../../arm-none-eabi/lib/thumb/v6-m/nofp\libg.a(lib_a-strcat.o) (strcpy)
c:/progra~2/gnuarm~1/102020~1/bin/../lib/gcc/arm-none-eabi/10.2.1/../../../../arm-none-eabi/lib/thumb/v6-m/nofp\libg.a(lib_a-strlen-stub.o)
                              CMakeFiles/Studienarbeit_Display.dir/D_/Pico/pico-sdk/src/rp2_common/pico_stdio/stdio.c.obj (strlen)
c:/progra~2/gnuarm~1/102020~1/bin/../lib/gcc/arm-none-eabi/10.2.1/../../../../arm-none-eabi/lib/thumb/v6-m/nofp\libg.a(lib_a-freer.o)
                              c:/progra~2/gnuarm~1/102020~1/bin/../lib/gcc/arm-none-eabi/10.2.1/../../../../arm-none-eabi/lib/thumb/v6-m/nofp\libg.a(lib_a-malloc.o) (_free_r)
c:/progra~2/gnuarm~1/102020~1/bin/../lib/gcc/arm-none-eabi/10.2.1/../../../../arm-none-eabi/lib/thumb/v6-m/nofp\libg.a(lib_a-lock.o)
                              c:/progra~2/gnuarm~1/102020~1/bin/../lib/gcc/arm-none-eabi/10.2.1/../../../../arm-none-eabi/lib/thumb/v6-m/nofp\libg.a(lib_a-mlock.o) (__retarget_lock_acquire_recursive)
c:/progra~2/gnuarm~1/102020~1/bin/../lib/gcc/arm-none-eabi/10.2.1/../../../../arm-none-eabi/lib/thumb/v6-m/nofp\libg.a(lib_a-reent.o)
                              c:/progra~2/gnuarm~1/102020~1/bin/../lib/gcc/arm-none-eabi/10.2.1/../../../../arm-none-eabi/lib/thumb/v6-m/nofp\libg.a(lib_a-sbrkr.o) (errno)

Discarded input sections

 .text          0x00000000        0x0 c:/progra~2/gnuarm~1/102020~1/bin/../lib/gcc/arm-none-eabi/10.2.1/thumb/v6-m/nofp/crti.o
 .data          0x00000000        0x0 c:/progra~2/gnuarm~1/102020~1/bin/../lib/gcc/arm-none-eabi/10.2.1/thumb/v6-m/nofp/crti.o
 .bss           0x00000000        0x0 c:/progra~2/gnuarm~1/102020~1/bin/../lib/gcc/arm-none-eabi/10.2.1/thumb/v6-m/nofp/crti.o
[...]
Memory Configuration

Name             Origin             Length             Attributes
FLASH            0x10000000         0x00200000         xr
RAM              0x20000000         0x00040000         xrw
SCRATCH_X        0x20040000         0x00001000         xrw
SCRATCH_Y        0x20041000         0x00001000         xrw
*default*        0x00000000         0xffffffff

Linker script and memory map

LOAD c:/progra~2/gnuarm~1/102020~1/bin/../lib/gcc/arm-none-eabi/10.2.1/thumb/v6-m/nofp/crti.o
LOAD c:/progra~2/gnuarm~1/102020~1/bin/../lib/gcc/arm-none-eabi/10.2.1/thumb/v6-m/nofp/crtbegin.o
LOAD c:/progra~2/gnuarm~1/102020~1/bin/../lib/gcc/arm-none-eabi/10.2.1/../../../../arm-none-eabi/lib/thumb/v6-m/nofp/crt0.o

.flash_begin    0x10000000        0x0
                0x10000000                __flash_binary_start = .

.boot2          0x10000000      0x100
                0x10000000                __boot2_start__ = .
 *(.boot2)
 .boot2         0x10000000      0x100 C:\Users\Niklas\AppData\Local\Temp\ccS8GMRD.o
                0x10000100                __boot2_end__ = .
                0x00000001                ASSERT (((__boot2_end__ - __boot2_start__) == 0x100), ERROR: Pico second stage bootloader must be 256 bytes in size)

.text           0x10000100     0x4430
                0x10000100                __logical_binary_start = .
 *(.vectors)
 .vectors       0x10000100       0xd4 CMakeFiles/Studienarbeit_Display.dir/D_/Pico/pico-sdk/src/rp2_common/pico_standard_link/crt0.S.obj
                0x10000100                __vectors
                0x100001c0                isr_invalid
                0x100001c2                isr_nmi
                0x100001c4                isr_hardfault
                0x100001c6                isr_svcall
                0x100001c8                isr_pendsv
                0x100001ca                isr_systick
                0x100001cc                isr_irq11
                0x100001cc                isr_irq5
                0x100001cc                isr_irq23
                0x100001cc                isr_irq18
                0x100001cc                isr_irq31
                0x100001cc                isr_irq28
                0x100001cc                isr_irq19
                0x100001cc                isr_irq0
                0x100001cc                isr_irq6
                0x100001cc                isr_irq27
                0x100001cc                isr_irq12
                0x100001cc                isr_irq22
                0x100001cc                isr_irq13
                0x100001cc                isr_irq17
                0x100001cc                isr_irq14
                0x100001cc                isr_irq2
                0x100001cc                isr_irq10
                0x100001cc                isr_irq8
                0x100001cc                isr_irq24
                0x100001cc                isr_irq1
                0x100001cc                isr_irq7
                0x100001cc                isr_irq21
                0x100001cc                isr_irq20
                0x100001cc                isr_irq15
                0x100001cc                isr_irq25
                0x100001cc                __unhandled_user_irq
                0x100001cc                isr_irq4
                0x100001cc                isr_irq16
                0x100001cc                isr_irq29
                0x100001cc                isr_irq26
                0x100001cc                isr_irq3
                0x100001cc                isr_irq30
                0x100001cc                isr_irq9
                0x100001d2                unhandled_user_irq_num_in_r0
 *(.binary_info_header)
 .binary_info_header
                0x100001d4       0x14 CMakeFiles/Studienarbeit_Display.dir/D_/Pico/pico-sdk/src/rp2_common/pico_standard_link/crt0.S.obj
                0x100001e8                __binary_info_header_end = .
 *(.reset)
 .reset         0x100001e8       0xa8 CMakeFiles/Studienarbeit_Display.dir/D_/Pico/pico-sdk/src/rp2_common/pico_standard_link/crt0.S.obj
                0x100001e8                _entry_point
                0x10000266                __get_current_exception
 .reset         0x10000290       0x30 CMakeFiles/Studienarbeit_Display.dir/D_/Pico/pico-sdk/src/rp2_common/pico_standard_link/binary_info.c.obj
 *(.init)
 .init          0x100002c0        0x4 c:/progra~2/gnuarm~1/102020~1/bin/../lib/gcc/arm-none-eabi/10.2.1/thumb/v6-m/nofp/crti.o
                0x100002c0                _init
 *(EXCLUDE_FILE(*libm.a: *libc.a:*lib_a-mem*.o *libgcc.a:) .text*)
 .text          0x100002c4       0x48 c:/progra~2/gnuarm~1/102020~1/bin/../lib/gcc/arm-none-eabi/10.2.1/thumb/v6-m/nofp/crtbegin.o
 .text.init_i2c
                0x1000030c       0x38 CMakeFiles/Studienarbeit_Display.dir/Studienarbeit_Display.c.obj
 .text.pages    0x10000344        0xc CMakeFiles/Studienarbeit_Display.dir/Studienarbeit_Display.c.obj
                0x10000344                pages
 .text.fill_scr
                0x10000350       0x18 CMakeFiles/Studienarbeit_Display.dir/Studienarbeit_Display.c.obj
                0x10000350                fill_scr
 .text.send_data
                0x10000368       0x1c CMakeFiles/Studienarbeit_Display.dir/Studienarbeit_Display.c.obj
                0x10000368                send_data
 .text.send2    0x10000384       0x16 CMakeFiles/Studienarbeit_Display.dir/Studienarbeit_Display.c.obj
                0x10000384                send2
 .text.write_cmd
                0x1000039a        0xc CMakeFiles/Studienarbeit_Display.dir/Studienarbeit_Display.c.obj
                0x1000039a                write_cmd
 *fill*         0x100003a6        0x2 
 .text.show_scr
                0x100003a8       0x54 CMakeFiles/Studienarbeit_Display.dir/Studienarbeit_Display.c.obj
                0x100003a8                show_scr
 .text.init_display
                0x100003fc       0x34 CMakeFiles/Studienarbeit_Display.dir/Studienarbeit_Display.c.obj
                0x100003fc                init_display
 .text.draw_pixel
                0x10000430       0x6c CMakeFiles/Studienarbeit_Display.dir/Studienarbeit_Display.c.obj
                0x10000430                draw_pixel
 .text.drawBitmap
                0x1000049c       0x9a CMakeFiles/Studienarbeit_Display.dir/Studienarbeit_Display.c.obj
                0x1000049c                drawBitmap
 *fill*         0x10000536        0x2 
 .text.draw_letter_at
                0x10000538       0x88 CMakeFiles/Studienarbeit_Display.dir/Studienarbeit_Display.c.obj
                0x10000538                draw_letter_at
 .text.ssd1306_print
                0x100005c0       0x40 CMakeFiles/Studienarbeit_Display.dir/Studienarbeit_Display.c.obj
                0x100005c0                ssd1306_print
 .text.main     0x10000600       0x90 CMakeFiles/Studienarbeit_Display.dir/Studienarbeit_Display.c.obj
                0x10000600                main
 .text.gpio_set_function
                0x10000690       0x30 CMakeFiles/Studienarbeit_Display.dir/D_/Pico/pico-sdk/src/rp2_common/hardware_gpio/gpio.c.obj
                0x10000690                gpio_set_function
 .text.gpio_set_pulls
                0x100006c0       0x34 CMakeFiles/Studienarbeit_Display.dir/D_/Pico/pico-sdk/src/rp2_common/hardware_gpio/gpio.c.obj
                0x100006c0                gpio_set_pulls
 .text.hw_claim_lock
                0x100006f4       0x18 CMakeFiles/Studienarbeit_Display.dir/D_/Pico/pico-sdk/src/rp2_common/hardware_claim/claim.c.obj
                0x100006f4                hw_claim_lock
 .text.hw_claim_unlock
                0x1000070c       0x14 CMakeFiles/Studienarbeit_Display.dir/D_/Pico/pico-sdk/src/rp2_common/hardware_claim/claim.c.obj
                0x1000070c                hw_claim_unlock
 .text.hw_claim_or_assert
                0x10000720       0x36 CMakeFiles/Studienarbeit_Display.dir/D_/Pico/pico-sdk/src/rp2_common/hardware_claim/claim.c.obj
                0x10000720                hw_claim_or_assert
 *fill*         0x10000756        0x2 
 .text.spin_locks_reset
                0x10000758       0x20 CMakeFiles/Studienarbeit_Display.dir/D_/Pico/pico-sdk/src/rp2_common/hardware_sync/sync.c.obj
                0x10000758                spin_locks_reset
 .text.next_striped_spin_lock_num
                0x10000778       0x1c CMakeFiles/Studienarbeit_Display.dir/D_/Pico/pico-sdk/src/rp2_common/hardware_sync/sync.c.obj
                0x10000778                next_striped_spin_lock_num
 .text.running_on_fpga
                0x10000794       0x14 CMakeFiles/Studienarbeit_Display.dir/D_/Pico/pico-sdk/src/rp2_common/pico_platform/platform.c.obj
                0x10000794                running_on_fpga
 .text.sev_callback
                0x100007a8        0x8 CMakeFiles/Studienarbeit_Display.dir/D_/Pico/pico-sdk/src/common/pico_time/time.c.obj
 .text.alarm_pool_post_alloc_init
                0x100007b0       0x40 CMakeFiles/Studienarbeit_Display.dir/D_/Pico/pico-sdk/src/common/pico_time/time.c.obj
 .text.timer_pool_entry_comparator
                0x100007f0       0x78 CMakeFiles/Studienarbeit_Display.dir/D_/Pico/pico-sdk/src/common/pico_time/time.c.obj
                0x100007f0                timer_pool_entry_comparator
 .text.ph_add_child_node
                0x10000868       0xa4 CMakeFiles/Studienarbeit_Display.dir/D_/Pico/pico-sdk/src/common/pico_time/time.c.obj
 .text.ph_merge_nodes
                0x1000090c       0x3e CMakeFiles/Studienarbeit_Display.dir/D_/Pico/pico-sdk/src/common/pico_time/time.c.obj
 *fill*         0x1000094a        0x2 
 .text.add_alarm_under_lock
                0x1000094c      0x174 CMakeFiles/Studienarbeit_Display.dir/D_/Pico/pico-sdk/src/common/pico_time/time.c.obj
 .text.alarm_pool_alarm_callback
                0x10000ac0      0x308 CMakeFiles/Studienarbeit_Display.dir/D_/Pico/pico-sdk/src/common/pico_time/time.c.obj
 .text.alarm_pool_init_default
                0x10000dc8       0x2c CMakeFiles/Studienarbeit_Display.dir/D_/Pico/pico-sdk/src/common/pico_time/time.c.obj
                0x10000dc8                alarm_pool_init_default
 .text.alarm_pool_get_default
                0x10000df4       0x2c CMakeFiles/Studienarbeit_Display.dir/D_/Pico/pico-sdk/src/common/pico_time/time.c.obj
                0x10000df4                alarm_pool_get_default
 .text.alarm_pool_add_alarm_at
                0x10000e20      0x140 CMakeFiles/Studienarbeit_Display.dir/D_/Pico/pico-sdk/src/common/pico_time/time.c.obj
                0x10000e20                alarm_pool_add_alarm_at
 .text.sleep_until
                0x10000f60       0xa0 CMakeFiles/Studienarbeit_Display.dir/D_/Pico/pico-sdk/src/common/pico_time/time.c.obj
                0x10000f60                sleep_until
 .text.sleep_us
                0x10001000       0x2e CMakeFiles/Studienarbeit_Display.dir/D_/Pico/pico-sdk/src/common/pico_time/time.c.obj
                0x10001000                sleep_us
 .text.sleep_ms
                0x1000102e       0x14 CMakeFiles/Studienarbeit_Display.dir/D_/Pico/pico-sdk/src/common/pico_time/time.c.obj
                0x1000102e                sleep_ms
 *fill*         0x10001042        0x2 
 .text.hardware_alarm_irq_handler
                0x10001044       0x8c CMakeFiles/Studienarbeit_Display.dir/D_/Pico/pico-sdk/src/rp2_common/hardware_timer/timer.c.obj
 .text.hardware_alarm_claim
                0x100010d0       0x18 CMakeFiles/Studienarbeit_Display.dir/D_/Pico/pico-sdk/src/rp2_common/hardware_timer/timer.c.obj
                0x100010d0                hardware_alarm_claim
 .text.time_us_64
                0x100010e8       0x18 CMakeFiles/Studienarbeit_Display.dir/D_/Pico/pico-sdk/src/rp2_common/hardware_timer/timer.c.obj
                0x100010e8                time_us_64
 .text.busy_wait_until
                0x10001100       0x28 CMakeFiles/Studienarbeit_Display.dir/D_/Pico/pico-sdk/src/rp2_common/hardware_timer/timer.c.obj
                0x10001100                busy_wait_until
 .text.hardware_alarm_set_callback
                0x10001128       0x90 CMakeFiles/Studienarbeit_Display.dir/D_/Pico/pico-sdk/src/rp2_common/hardware_timer/timer.c.obj
                0x10001128                hardware_alarm_set_callback
 .text.hardware_alarm_set_target
                0x100011b8       0xc8 CMakeFiles/Studienarbeit_Display.dir/D_/Pico/pico-sdk/src/rp2_common/hardware_timer/timer.c.obj
                0x100011b8                hardware_alarm_set_target
 .text.hardware_alarm_cancel
                0x10001280       0x40 CMakeFiles/Studienarbeit_Display.dir/D_/Pico/pico-sdk/src/rp2_common/hardware_timer/timer.c.obj
                0x10001280                hardware_alarm_cancel
 .text.lock_init
                0x100012c0       0x10 CMakeFiles/Studienarbeit_Display.dir/D_/Pico/pico-sdk/src/common/pico_sync/lock_core.c.obj
                0x100012c0                lock_init
 .text.mutex_init
                0x100012d0       0x1a CMakeFiles/Studienarbeit_Display.dir/D_/Pico/pico-sdk/src/common/pico_sync/mutex.c.obj
                0x100012d0                mutex_init
 *fill*         0x100012ea        0x2 
 .text.ph_add_child_node
                0x100012ec       0xa4 CMakeFiles/Studienarbeit_Display.dir/D_/Pico/pico-sdk/src/common/pico_util/pheap.c.obj
 .text.ph_merge_nodes
                0x10001390       0x3e CMakeFiles/Studienarbeit_Display.dir/D_/Pico/pico-sdk/src/common/pico_util/pheap.c.obj
 *fill*         0x100013ce        0x2 
 .text.ph_clear
                0x100013d0       0x70 CMakeFiles/Studienarbeit_Display.dir/D_/Pico/pico-sdk/src/common/pico_util/pheap.c.obj
                0x100013d0                ph_clear
 .text.ph_post_alloc_init
                0x10001440        0xe CMakeFiles/Studienarbeit_Display.dir/D_/Pico/pico-sdk/src/common/pico_util/pheap.c.obj
                0x10001440                ph_post_alloc_init
 *fill*         0x1000144e        0x2 
 .text.ph_merge_two_pass
                0x10001450       0xa8 CMakeFiles/Studienarbeit_Display.dir/D_/Pico/pico-sdk/src/common/pico_util/pheap.c.obj
                0x10001450                ph_merge_two_pass
 .text.ph_remove_any_head
                0x100014f8      0x108 CMakeFiles/Studienarbeit_Display.dir/D_/Pico/pico-sdk/src/common/pico_util/pheap.c.obj
 .text.ph_remove_head
                0x10001600       0x14 CMakeFiles/Studienarbeit_Display.dir/D_/Pico/pico-sdk/src/common/pico_util/pheap.c.obj
                0x10001600                ph_remove_head
 .text.ph_remove_and_free_node
                0x10001614       0xf8 CMakeFiles/Studienarbeit_Display.dir/D_/Pico/pico-sdk/src/common/pico_util/pheap.c.obj
                0x10001614                ph_remove_and_free_node
 .text.runtime_init
                0x1000170c       0xcc CMakeFiles/Studienarbeit_Display.dir/D_/Pico/pico-sdk/src/rp2_common/pico_runtime/runtime.c.obj
                0x1000170c                runtime_init
 .text._exit    0x100017d8        0x4 CMakeFiles/Studienarbeit_Display.dir/D_/Pico/pico-sdk/src/rp2_common/pico_runtime/runtime.c.obj
                0x100017d8                _exit
 .text.exit     0x100017dc        0x6 CMakeFiles/Studienarbeit_Display.dir/D_/Pico/pico-sdk/src/rp2_common/pico_runtime/runtime.c.obj
                0x100017dc                exit
 *fill*         0x100017e2        0x2 
 .text.__assert_func
                0x100017e4       0x3c CMakeFiles/Studienarbeit_Display.dir/D_/Pico/pico-sdk/src/rp2_common/pico_runtime/runtime.c.obj
                0x100017e4                __assert_func
 .text.panic    0x10001820       0x30 CMakeFiles/Studienarbeit_Display.dir/D_/Pico/pico-sdk/src/rp2_common/pico_runtime/runtime.c.obj
                0x10001820                panic
 .text.clock_configure
                0x10001850       0xe8 CMakeFiles/Studienarbeit_Display.dir/D_/Pico/pico-sdk/src/rp2_common/hardware_clocks/clocks.c.obj
                0x10001850                clock_configure
 .text.clocks_init
                0x10001938      0x124 CMakeFiles/Studienarbeit_Display.dir/D_/Pico/pico-sdk/src/rp2_common/hardware_clocks/clocks.c.obj
                0x10001938                clocks_init
 .text.clock_get_hz
                0x10001a5c        0xc CMakeFiles/Studienarbeit_Display.dir/D_/Pico/pico-sdk/src/rp2_common/hardware_clocks/clocks.c.obj
                0x10001a5c                clock_get_hz
 .text.watchdog_start_tick
                0x10001a68       0x10 CMakeFiles/Studienarbeit_Display.dir/D_/Pico/pico-sdk/src/rp2_common/hardware_watchdog/watchdog.c.obj
                0x10001a68                watchdog_start_tick
 .text.xosc_init
                0x10001a78       0x28 CMakeFiles/Studienarbeit_Display.dir/D_/Pico/pico-sdk/src/rp2_common/hardware_xosc/xosc.c.obj
                0x10001a78                xosc_init
 .text.pll_init
                0x10001aa0       0xd0 CMakeFiles/Studienarbeit_Display.dir/D_/Pico/pico-sdk/src/rp2_common/hardware_pll/pll.c.obj
                0x10001aa0                pll_init
 .text.set_raw_irq_handler_and_unlock
                0x10001b70       0x28 CMakeFiles/Studienarbeit_Display.dir/D_/Pico/pico-sdk/src/rp2_common/hardware_irq/irq.c.obj
 .text.make_branch
                0x10001b98       0x34 CMakeFiles/Studienarbeit_Display.dir/D_/Pico/pico-sdk/src/rp2_common/hardware_irq/irq.c.obj
 .text.insert_branch_and_link
                0x10001bcc       0x40 CMakeFiles/Studienarbeit_Display.dir/D_/Pico/pico-sdk/src/rp2_common/hardware_irq/irq.c.obj
 .text.irq_is_enabled
                0x10001c0c       0x18 CMakeFiles/Studienarbeit_Display.dir/D_/Pico/pico-sdk/src/rp2_common/hardware_irq/irq.c.obj
                0x10001c0c                irq_is_enabled
 .text.irq_set_mask_enabled
                0x10001c24       0x20 CMakeFiles/Studienarbeit_Display.dir/D_/Pico/pico-sdk/src/rp2_common/hardware_irq/irq.c.obj
                0x10001c24                irq_set_mask_enabled
 .text.irq_set_enabled
                0x10001c44        0xe CMakeFiles/Studienarbeit_Display.dir/D_/Pico/pico-sdk/src/rp2_common/hardware_irq/irq.c.obj
                0x10001c44                irq_set_enabled
 *fill*         0x10001c52        0x2 
 .text.irq_get_vtable_handler
                0x10001c54       0x10 CMakeFiles/Studienarbeit_Display.dir/D_/Pico/pico-sdk/src/rp2_common/hardware_irq/irq.c.obj
                0x10001c54                irq_get_vtable_handler
 .text.irq_set_exclusive_handler
                0x10001c64       0x54 CMakeFiles/Studienarbeit_Display.dir/D_/Pico/pico-sdk/src/rp2_common/hardware_irq/irq.c.obj
                0x10001c64                irq_set_exclusive_handler
 .text.irq_remove_handler
                0x10001cb8      0x1ac CMakeFiles/Studienarbeit_Display.dir/D_/Pico/pico-sdk/src/rp2_common/hardware_irq/irq.c.obj
                0x10001cb8                irq_remove_handler
 .text.irq_set_priority
                0x10001e64       0x28 CMakeFiles/Studienarbeit_Display.dir/D_/Pico/pico-sdk/src/rp2_common/hardware_irq/irq.c.obj
                0x10001e64                irq_set_priority
 .text.irq_add_tail_to_free_list
                0x10001e8c       0xf0 CMakeFiles/Studienarbeit_Display.dir/D_/Pico/pico-sdk/src/rp2_common/hardware_irq/irq.c.obj
                0x10001e8c                irq_add_tail_to_free_list
 .text.irq_init_priorities
                0x10001f7c       0x16 CMakeFiles/Studienarbeit_Display.dir/D_/Pico/pico-sdk/src/rp2_common/hardware_irq/irq.c.obj
                0x10001f7c                irq_init_priorities
 .text._out_buffer
                0x10001f92        0x8 CMakeFiles/Studienarbeit_Display.dir/D_/Pico/pico-sdk/src/rp2_common/pico_printf/printf.c.obj
 .text._out_null
                0x10001f9a        0x2 CMakeFiles/Studienarbeit_Display.dir/D_/Pico/pico-sdk/src/rp2_common/pico_printf/printf.c.obj
 .text._out_fct
                0x10001f9c        0xe CMakeFiles/Studienarbeit_Display.dir/D_/Pico/pico-sdk/src/rp2_common/pico_printf/printf.c.obj
 .text._atoi    0x10001faa       0x24 CMakeFiles/Studienarbeit_Display.dir/D_/Pico/pico-sdk/src/rp2_common/pico_printf/printf.c.obj
 .text._out_rev
                0x10001fce       0xae CMakeFiles/Studienarbeit_Display.dir/D_/Pico/pico-sdk/src/rp2_common/pico_printf/printf.c.obj
 .text._ntoa_format
                0x1000207c      0x112 CMakeFiles/Studienarbeit_Display.dir/D_/Pico/pico-sdk/src/rp2_common/pico_printf/printf.c.obj
 .text._ntoa_long
                0x1000218e       0xbc CMakeFiles/Studienarbeit_Display.dir/D_/Pico/pico-sdk/src/rp2_common/pico_printf/printf.c.obj
 .text._ntoa_long_long
                0x1000224a       0xe2 CMakeFiles/Studienarbeit_Display.dir/D_/Pico/pico-sdk/src/rp2_common/pico_printf/printf.c.obj
 .text._etoa    0x1000232c      0x414 CMakeFiles/Studienarbeit_Display.dir/D_/Pico/pico-sdk/src/rp2_common/pico_printf/printf.c.obj
 .text._ftoa    0x10002740      0x354 CMakeFiles/Studienarbeit_Display.dir/D_/Pico/pico-sdk/src/rp2_common/pico_printf/printf.c.obj
 .text._vsnprintf
                0x10002a94      0x624 CMakeFiles/Studienarbeit_Display.dir/D_/Pico/pico-sdk/src/rp2_common/pico_printf/printf.c.obj
 .text.__wrap_sprintf
                0x100030b8       0x28 CMakeFiles/Studienarbeit_Display.dir/D_/Pico/pico-sdk/src/rp2_common/pico_printf/printf.c.obj
                0x100030b8                __wrap_sprintf
 .text.vfctprintf
                0x100030e0       0x20 CMakeFiles/Studienarbeit_Display.dir/D_/Pico/pico-sdk/src/rp2_common/pico_printf/printf.c.obj
                0x100030e0                vfctprintf
 .text          0x10003100       0x10 CMakeFiles/Studienarbeit_Display.dir/D_/Pico/pico-sdk/src/rp2_common/pico_bit_ops/bit_ops_aeabi.S.obj
 .text.rom_func_lookup
                0x10003110       0x10 CMakeFiles/Studienarbeit_Display.dir/D_/Pico/pico-sdk/src/rp2_common/pico_bootrom/bootrom.c.obj
                0x10003110                rom_func_lookup
 .text.rom_data_lookup
                0x10003120       0x10 CMakeFiles/Studienarbeit_Display.dir/D_/Pico/pico-sdk/src/rp2_common/pico_bootrom/bootrom.c.obj
                0x10003120                rom_data_lookup
 .text.rom_funcs_lookup
                0x10003130       0x36 CMakeFiles/Studienarbeit_Display.dir/D_/Pico/pico-sdk/src/rp2_common/pico_bootrom/bootrom.c.obj
                0x10003130                rom_funcs_lookup
 *fill*         0x10003166        0x2 
 .text.__wrap___aeabi_idiv
                0x10003168       0x58 CMakeFiles/Studienarbeit_Display.dir/D_/Pico/pico-sdk/src/rp2_common/pico_divider/divider.S.obj
                0x10003168                __wrap___aeabi_idivmod
                0x10003168                divmod_s32s32
                0x10003168                div_s32s32
                0x10003168                __wrap___aeabi_idiv
                0x10003170                divmod_s32s32_unsafe
                0x1000319c                divmod_s32s32_savestate
 .text.__wrap___aeabi_uidiv
                0x100031c0       0x54 CMakeFiles/Studienarbeit_Display.dir/D_/Pico/pico-sdk/src/rp2_common/pico_divider/divider.S.obj
                0x100031c0                __wrap___aeabi_uidiv
                0x100031c0                __wrap___aeabi_uidivmod
                0x100031c0                div_u32u32
                0x100031c0                divmod_u32u32
                0x100031c8                divmod_u32u32_unsafe
                0x100031f0                divmod_u32u32_savestate
 .text.__wrap___aeabi_ldiv
                0x10003214      0x430 CMakeFiles/Studienarbeit_Display.dir/D_/Pico/pico-sdk/src/rp2_common/pico_divider/divider.S.obj
                0x10003214                div_s64s64
                0x10003214                divmod_s64s64
                0x10003214                __wrap___aeabi_ldivmod
                0x1000324c                divmod_u64u64
                0x1000324c                div_u64u64
                0x1000324c                __wrap___aeabi_uldivmod
                0x1000325c                divmod_u64u64_savestate
                0x10003284                divmod_s64s64_unsafe
                0x1000330c                divmod_u64u64_unsafe
 .text.__wrap___aeabi_darithmetic
                0x10003644       0x54 CMakeFiles/Studienarbeit_Display.dir/D_/Pico/pico-sdk/src/rp2_common/pico_double/double_aeabi.S.obj
                0x10003644                __wrap___aeabi_drsub
                0x1000364a                __wrap___aeabi_dsub
                0x1000365c                __wrap___aeabi_dadd
                0x1000366e                __wrap___aeabi_ddiv
                0x10003680                __wrap___aeabi_dmul
 .text.__wrap___aeabi_cdcmple
                0x10003698       0x6c CMakeFiles/Studienarbeit_Display.dir/D_/Pico/pico-sdk/src/rp2_common/pico_double/double_aeabi.S.obj
                0x10003698                __wrap___aeabi_cdrcmple
                0x100036a8                __wrap___aeabi_cdcmpeq
                0x100036a8                __wrap___aeabi_cdcmple
 .text.__wrap___aeabi_dcmplt
                0x10003704        0xc CMakeFiles/Studienarbeit_Display.dir/D_/Pico/pico-sdk/src/rp2_common/pico_double/double_aeabi.S.obj
                0x10003704                __wrap___aeabi_dcmplt
 .text.__wrap___aeabi_dcmple
                0x10003710       0x10 CMakeFiles/Studienarbeit_Display.dir/D_/Pico/pico-sdk/src/rp2_common/pico_double/double_aeabi.S.obj
                0x10003710                __wrap___aeabi_dcmple
 .text.__wrap___aeabi_dcmpge
                0x10003720       0x10 CMakeFiles/Studienarbeit_Display.dir/D_/Pico/pico-sdk/src/rp2_common/pico_double/double_aeabi.S.obj
                0x10003720                __wrap___aeabi_dcmpge
 .text.__wrap___aeabi_dcmpgt
                0x10003730        0xa CMakeFiles/Studienarbeit_Display.dir/D_/Pico/pico-sdk/src/rp2_common/pico_double/double_aeabi.S.obj
                0x10003730                __wrap___aeabi_dcmpgt
 .text.__wrap___aeabi_dcmpun
                0x1000373a       0x1c CMakeFiles/Studienarbeit_Display.dir/D_/Pico/pico-sdk/src/rp2_common/pico_double/double_aeabi.S.obj
                0x1000373a                __wrap___aeabi_dcmpun
 *fill*         0x10003756        0x2 
 .text.__wrap___aeabi_i2d
                0x10003758       0x38 CMakeFiles/Studienarbeit_Display.dir/D_/Pico/pico-sdk/src/rp2_common/pico_double/double_aeabi.S.obj
                0x10003758                __wrap___aeabi_ui2d
                0x10003760                __wrap___aeabi_i2d
 .text.__wrap___aeabi_d2iz
                0x10003790       0x48 CMakeFiles/Studienarbeit_Display.dir/D_/Pico/pico-sdk/src/rp2_common/pico_double/double_aeabi.S.obj
                0x10003790                double2int_z
                0x10003790                __wrap___aeabi_d2iz
 .text.__wrap___aeabi_d2uiz
                0x100037d8       0x18 CMakeFiles/Studienarbeit_Display.dir/D_/Pico/pico-sdk/src/rp2_common/pico_double/double_aeabi.S.obj
                0x100037d8                __wrap___aeabi_d2uiz
                0x100037d8                double2uint
 .text.__aeabi_double_init
                0x100037f0       0xb8 CMakeFiles/Studienarbeit_Display.dir/D_/Pico/pico-sdk/src/rp2_common/pico_double/double_init_rom.c.obj
                0x100037f0                __aeabi_double_init
 .text.double_table_shim_on_use_helper
                0x100038a8       0x34 CMakeFiles/Studienarbeit_Display.dir/D_/Pico/pico-sdk/src/rp2_common/pico_double/double_v1_rom_shim.S.obj
                0x100038a8                double_table_shim_on_use_helper
 .text.__wrap___aeabi_dsub
                0x100038dc       0x10 CMakeFiles/Studienarbeit_Display.dir/D_/Pico/pico-sdk/src/rp2_common/pico_double/double_v1_rom_shim.S.obj
                0x100038dc                drsub_shim
                0x100038e2                dsub_shim
 .text.dadd_shim
                0x100038ec      0x15c CMakeFiles/Studienarbeit_Display.dir/D_/Pico/pico-sdk/src/rp2_common/pico_double/double_v1_rom_shim.S.obj
                0x100038ec                dadd_shim
 .text.dmul_shim
                0x10003a48      0x15c CMakeFiles/Studienarbeit_Display.dir/D_/Pico/pico-sdk/src/rp2_common/pico_double/double_v1_rom_shim.S.obj
                0x10003a48                dmul_shim
 .text.ddiv_shim
                0x10003ba4      0x1b0 CMakeFiles/Studienarbeit_Display.dir/D_/Pico/pico-sdk/src/rp2_common/pico_double/double_v1_rom_shim.S.obj
                0x10003ba4                ddiv_shim
 .text.dcordic_rot_step
                0x10003d54       0x7c CMakeFiles/Studienarbeit_Display.dir/D_/Pico/pico-sdk/src/rp2_common/pico_double/double_v1_rom_shim.S.obj
                0x10003d54                dcordic_rot_step
 .text.double2uint_shim
                0x10003dd0        0xe CMakeFiles/Studienarbeit_Display.dir/D_/Pico/pico-sdk/src/rp2_common/pico_double/double_v1_rom_shim.S.obj
                0x10003dd0                double2uint_shim
                0x10003dd2                double2ufix_shim
 *fill*         0x10003dde        0x2 
 .text.double2uint64_shim
                0x10003de0       0x6c CMakeFiles/Studienarbeit_Display.dir/D_/Pico/pico-sdk/src/rp2_common/pico_double/double_v1_rom_shim.S.obj
                0x10003de0                double2uint64_shim
                0x10003de2                double2ufix64_shim
                0x10003dfc                d2fix_a
 .text.dunpacks
                0x10003e4c       0x3c CMakeFiles/Studienarbeit_Display.dir/D_/Pico/pico-sdk/src/rp2_common/pico_double/double_v1_rom_shim.S.obj
                0x10003e4c                dunpacks
 .text.__aeabi_lmul
                0x10003e88       0x32 CMakeFiles/Studienarbeit_Display.dir/D_/Pico/pico-sdk/src/rp2_common/pico_int64_ops/pico_int64_ops_aeabi.S.obj
                0x10003e88                __wrap___aeabi_lmul
 *fill*         0x10003eba        0x2 
 .text.__aeabi_float_init
                0x10003ebc       0xfc CMakeFiles/Studienarbeit_Display.dir/D_/Pico/pico-sdk/src/rp2_common/pico_float/float_init_rom.c.obj
                0x10003ebc                __aeabi_float_init
 .text.float_table_shim_on_use_helper
                0x10003fb8       0x34 CMakeFiles/Studienarbeit_Display.dir/D_/Pico/pico-sdk/src/rp2_common/pico_float/float_v1_rom_shim.S.obj
                0x10003fb8                float_table_shim_on_use_helper
 .text          0x10003fec       0x10 CMakeFiles/Studienarbeit_Display.dir/D_/Pico/pico-sdk/src/rp2_common/pico_mem_ops/mem_ops_aeabi.S.obj
                0x10003fec                __aeabi_mem_init
 .text.memset   0x10003ffc        0xc CMakeFiles/Studienarbeit_Display.dir/D_/Pico/pico-sdk/src/rp2_common/pico_mem_ops/mem_ops_aeabi.S.obj
                0x10003ffc                __wrap_memset
 .text.memcpy   0x10004008        0xc CMakeFiles/Studienarbeit_Display.dir/D_/Pico/pico-sdk/src/rp2_common/pico_mem_ops/mem_ops_aeabi.S.obj
                0x10004008                __wrap_memcpy
                0x10004008                __wrap___aeabi_memcpy
 .text.stdio_out_chars_crlf
                0x10004014       0x80 CMakeFiles/Studienarbeit_Display.dir/D_/Pico/pico-sdk/src/rp2_common/pico_stdio/stdio.c.obj
 .text.stdio_stack_buffer_flush
                0x10004094       0x44 CMakeFiles/Studienarbeit_Display.dir/D_/Pico/pico-sdk/src/rp2_common/pico_stdio/stdio.c.obj
 .text.stdio_buffered_printer
                0x100040d8       0x20 CMakeFiles/Studienarbeit_Display.dir/D_/Pico/pico-sdk/src/rp2_common/pico_stdio/stdio.c.obj
 .text.stdout_serialize_begin
                0x100040f8       0x2c CMakeFiles/Studienarbeit_Display.dir/D_/Pico/pico-sdk/src/rp2_common/pico_stdio/stdio.c.obj
                0x100040f8                stdout_serialize_begin
 .text.stdout_serialize_end
                0x10004124       0x10 CMakeFiles/Studienarbeit_Display.dir/D_/Pico/pico-sdk/src/rp2_common/pico_stdio/stdio.c.obj
                0x10004124                stdout_serialize_end
 .text.stdio_put_string
                0x10004134       0x84 CMakeFiles/Studienarbeit_Display.dir/D_/Pico/pico-sdk/src/rp2_common/pico_stdio/stdio.c.obj
 .text.stdio_flush
                0x100041b8       0x20 CMakeFiles/Studienarbeit_Display.dir/D_/Pico/pico-sdk/src/rp2_common/pico_stdio/stdio.c.obj
                0x100041b8                stdio_flush
 .text.__wrap_puts
                0x100041d8       0x1c CMakeFiles/Studienarbeit_Display.dir/D_/Pico/pico-sdk/src/rp2_common/pico_stdio/stdio.c.obj
                0x100041d8                __wrap_puts
 .text.__wrap_vprintf
                0x100041f4       0x44 CMakeFiles/Studienarbeit_Display.dir/D_/Pico/pico-sdk/src/rp2_common/pico_stdio/stdio.c.obj
                0x100041f4                __wrap_vprintf
 .text.__wrap_printf
                0x10004238       0x18 CMakeFiles/Studienarbeit_Display.dir/D_/Pico/pico-sdk/src/rp2_common/pico_stdio/stdio.c.obj
                0x10004238                __wrap_printf
 .text.i2c_write_blocking_internal
                0x10004250       0xfa CMakeFiles/Studienarbeit_Display.dir/D_/Pico/pico-sdk/src/rp2_common/hardware_i2c/i2c.c.obj
 .text.i2c_set_baudrate
                0x1000434a       0x68 CMakeFiles/Studienarbeit_Display.dir/D_/Pico/pico-sdk/src/rp2_common/hardware_i2c/i2c.c.obj
                0x1000434a                i2c_set_baudrate
 *fill*         0x100043b2        0x2 
 .text.i2c_init
                0x100043b4       0x54 CMakeFiles/Studienarbeit_Display.dir/D_/Pico/pico-sdk/src/rp2_common/hardware_i2c/i2c.c.obj
                0x100043b4                i2c_init
 .text.i2c_write_blocking
                0x10004408       0x18 CMakeFiles/Studienarbeit_Display.dir/D_/Pico/pico-sdk/src/rp2_common/hardware_i2c/i2c.c.obj
                0x10004408                i2c_write_blocking
 .text.strcat   0x10004420       0x4c c:/progra~2/gnuarm~1/102020~1/bin/../lib/gcc/arm-none-eabi/10.2.1/../../../../arm-none-eabi/lib/thumb/v6-m/nofp\libg.a(lib_a-strcat.o)
                0x10004420                strcat
 .text.strcpy   0x1000446c       0x10 c:/progra~2/gnuarm~1/102020~1/bin/../lib/gcc/arm-none-eabi/10.2.1/../../../../arm-none-eabi/lib/thumb/v6-m/nofp\libg.a(lib_a-strcpy.o)
                0x1000446c                strcpy
 .text.strlen   0x1000447c       0x5c c:/progra~2/gnuarm~1/102020~1/bin/../lib/gcc/arm-none-eabi/10.2.1/../../../../arm-none-eabi/lib/thumb/v6-m/nofp\libg.a(lib_a-strlen-stub.o)
                0x1000447c                strlen
 *(.fini)
 .fini          0x100044d8        0x4 c:/progra~2/gnuarm~1/102020~1/bin/../lib/gcc/arm-none-eabi/10.2.1/thumb/v6-m/nofp/crti.o
                0x100044d8                _fini
 *fill*         0x100044dc        0x4 
 .fini.__stub   0x100044e0       0x50 linker stubs
 *crtbegin.o(.ctors)
 *crtbegin?.o(.ctors)
 *(EXCLUDE_FILE(*crtend.o *crtend?.o) .ctors)
 *(SORT_BY_NAME(.ctors.*))
 *(.ctors)
 *crtbegin.o(.dtors)
 *crtbegin?.o(.dtors)
 *(EXCLUDE_FILE(*crtend.o *crtend?.o) .dtors)
 *(SORT_BY_NAME(.dtors.*))
 *(.dtors)
 *(.eh_frame*)
 .eh_frame      0x10004530        0x0 c:/progra~2/gnuarm~1/102020~1/bin/../lib/gcc/arm-none-eabi/10.2.1/thumb/v6-m/nofp/crtbegin.o
                0x10004530                . = ALIGN (0x4)

.glue_7         0x10004530        0x0
 .glue_7        0x10004530        0x0 linker stubs

.glue_7t        0x10004530        0x0
 .glue_7t       0x10004530        0x0 linker stubs

.vfp11_veneer   0x10004530        0x0
 .vfp11_veneer  0x10004530        0x0 linker stubs

.v4_bx          0x10004530        0x0
 .v4_bx         0x10004530        0x0 linker stubs

.iplt           0x10004530        0x0
 .iplt          0x10004530        0x0 c:/progra~2/gnuarm~1/102020~1/bin/../lib/gcc/arm-none-eabi/10.2.1/thumb/v6-m/nofp/crtbegin.o

.rodata         0x10004530     0x1104
 *(EXCLUDE_FILE(*libm.a: *libc.a:*lib_a-mem*.o *libgcc.a:) .rodata*)
 .rodata.main.str1.4
                0x10004530       0x17 CMakeFiles/Studienarbeit_Display.dir/Studienarbeit_Display.c.obj
 *fill*         0x10004547        0x1 
 .rodata.cmds.0
                0x10004548       0x19 CMakeFiles/Studienarbeit_Display.dir/Studienarbeit_Display.c.obj
 *fill*         0x10004561        0x3 
 .rodata.splash1_data
                0x10004564      0x200 CMakeFiles/Studienarbeit_Display.dir/Studienarbeit_Display.c.obj
                0x10004564                splash1_data
 .rodata.ssd1306_font6x8
                0x10004764      0x245 CMakeFiles/Studienarbeit_Display.dir/Studienarbeit_Display.c.obj
                0x10004764                ssd1306_font6x8
 *fill*         0x100049a9        0x3 
 .rodata.repeating_timer_callback.str1.4
                0x100049ac       0x41 CMakeFiles/Studienarbeit_Display.dir/D_/Pico/pico-sdk/src/common/pico_time/time.c.obj
 *fill*         0x100049ed        0x3 
 .rodata.timer_pool_entry_comparator.str1.4
                0x100049f0       0x22 CMakeFiles/Studienarbeit_Display.dir/D_/Pico/pico-sdk/src/common/pico_time/time.c.obj
 *fill*         0x10004a12        0x2 
 .rodata.ph_add_child_node.str1.4
                0x10004a14       0x8a CMakeFiles/Studienarbeit_Display.dir/D_/Pico/pico-sdk/src/common/pico_time/time.c.obj
 *fill*         0x10004a9e        0x2 
 .rodata.add_alarm_under_lock.str1.4
                0x10004aa0       0x28 CMakeFiles/Studienarbeit_Display.dir/D_/Pico/pico-sdk/src/common/pico_time/time.c.obj
                                 0x2b (size before relaxing)
 .rodata.alarm_pool_alarm_callback.str1.4
                0x10004ac8       0x82 CMakeFiles/Studienarbeit_Display.dir/D_/Pico/pico-sdk/src/common/pico_time/time.c.obj
 *fill*         0x10004b4a        0x2 
 .rodata.alarm_pool_get_default.str1.4
                0x10004b4c       0x21 CMakeFiles/Studienarbeit_Display.dir/D_/Pico/pico-sdk/src/common/pico_time/time.c.obj
 *fill*         0x10004b6d        0x3 
 .rodata.sleep_until.str1.4
                0x10004b70       0x4d CMakeFiles/Studienarbeit_Display.dir/D_/Pico/pico-sdk/src/common/pico_time/time.c.obj
 *fill*         0x10004bbd        0x3 
 .rodata.__func__.10
                0x10004bc0       0x1a CMakeFiles/Studienarbeit_Display.dir/D_/Pico/pico-sdk/src/common/pico_time/time.c.obj
 *fill*         0x10004bda        0x2 
 .rodata.__func__.11
                0x10004bdc        0xa CMakeFiles/Studienarbeit_Display.dir/D_/Pico/pico-sdk/src/common/pico_time/time.c.obj
 *fill*         0x10004be6        0x2 
 .rodata.__func__.3
                0x10004be8       0x17 CMakeFiles/Studienarbeit_Display.dir/D_/Pico/pico-sdk/src/common/pico_time/time.c.obj
 *fill*         0x10004bff        0x1 
 .rodata.__func__.4
                0x10004c00       0x12 CMakeFiles/Studienarbeit_Display.dir/D_/Pico/pico-sdk/src/common/pico_time/time.c.obj
 *fill*         0x10004c12        0x2 
 .rodata.__func__.5
                0x10004c14        0xd CMakeFiles/Studienarbeit_Display.dir/D_/Pico/pico-sdk/src/common/pico_time/time.c.obj
 *fill*         0x10004c21        0x3 
 .rodata.__func__.6
                0x10004c24       0x12 CMakeFiles/Studienarbeit_Display.dir/D_/Pico/pico-sdk/src/common/pico_time/time.c.obj
 *fill*         0x10004c36        0x2 
 .rodata.__func__.7
                0x10004c38        0xf CMakeFiles/Studienarbeit_Display.dir/D_/Pico/pico-sdk/src/common/pico_time/time.c.obj
 *fill*         0x10004c47        0x1 
 .rodata.__func__.8
                0x10004c48        0xc CMakeFiles/Studienarbeit_Display.dir/D_/Pico/pico-sdk/src/common/pico_time/time.c.obj
 .rodata.__func__.9
                0x10004c54       0x15 CMakeFiles/Studienarbeit_Display.dir/D_/Pico/pico-sdk/src/common/pico_time/time.c.obj
 *fill*         0x10004c69        0x3 
 .rodata.hardware_alarm_claim.str1.4
                0x10004c6c       0x22 CMakeFiles/Studienarbeit_Display.dir/D_/Pico/pico-sdk/src/rp2_common/hardware_timer/timer.c.obj
 *fill*         0x10004c8e        0x2 
 .rodata.hardware_alarm_set_target.str1.4
                0x10004c90       0x5b CMakeFiles/Studienarbeit_Display.dir/D_/Pico/pico-sdk/src/rp2_common/hardware_timer/timer.c.obj
 *fill*         0x10004ceb        0x1 
 .rodata.__func__.0
                0x10004cec       0x1a CMakeFiles/Studienarbeit_Display.dir/D_/Pico/pico-sdk/src/rp2_common/hardware_timer/timer.c.obj
 *fill*         0x10004d06        0x2 
 .rodata.str1.4
                0x10004d08       0x54 CMakeFiles/Studienarbeit_Display.dir/D_/Pico/pico-sdk/src/common/pico_sync/mutex.c.obj
 .rodata.__func__.0
                0x10004d5c        0xb CMakeFiles/Studienarbeit_Display.dir/D_/Pico/pico-sdk/src/common/pico_sync/mutex.c.obj
 *fill*         0x10004d67        0x1 
 .rodata.__func__.2
                0x10004d68       0x15 CMakeFiles/Studienarbeit_Display.dir/D_/Pico/pico-sdk/src/common/pico_sync/mutex.c.obj
 .rodata.ph_add_child_node.str1.4
                0x10004d7d       0x8a CMakeFiles/Studienarbeit_Display.dir/D_/Pico/pico-sdk/src/common/pico_util/pheap.c.obj
 *fill*         0x10004d7d        0x3 
 .rodata.ph_remove_any_head.str1.4
                0x10004d80       0x84 CMakeFiles/Studienarbeit_Display.dir/D_/Pico/pico-sdk/src/common/pico_util/pheap.c.obj
 .rodata.ph_remove_and_free_node.str1.4
                0x10004e04       0x26 CMakeFiles/Studienarbeit_Display.dir/D_/Pico/pico-sdk/src/common/pico_util/pheap.c.obj
 *fill*         0x10004e2a        0x2 
 .rodata.__func__.0
                0x10004e2c       0x18 CMakeFiles/Studienarbeit_Display.dir/D_/Pico/pico-sdk/src/common/pico_util/pheap.c.obj
 .rodata.__func__.1
                0x10004e44       0x13 CMakeFiles/Studienarbeit_Display.dir/D_/Pico/pico-sdk/src/common/pico_util/pheap.c.obj
 *fill*         0x10004e57        0x1 
 .rodata.__func__.2
                0x10004e58       0x12 CMakeFiles/Studienarbeit_Display.dir/D_/Pico/pico-sdk/src/common/pico_util/pheap.c.obj
 *fill*         0x10004e6a        0x2 
 .rodata.__func__.3
                0x10004e6c        0xc CMakeFiles/Studienarbeit_Display.dir/D_/Pico/pico-sdk/src/common/pico_util/pheap.c.obj
 .rodata.__assert_func.str1.4
                0x10004e78       0x3f CMakeFiles/Studienarbeit_Display.dir/D_/Pico/pico-sdk/src/rp2_common/pico_runtime/runtime.c.obj
                                 0x43 (size before relaxing)
 *fill*         0x10004eb7        0x1 
 .rodata.panic.str1.4
                0x10004eb8       0x12 CMakeFiles/Studienarbeit_Display.dir/D_/Pico/pico-sdk/src/rp2_common/pico_runtime/runtime.c.obj
 *fill*         0x10004eca        0x2 
 .rodata.clock_configure.str1.4
                0x10004ecc       0x4d CMakeFiles/Studienarbeit_Display.dir/D_/Pico/pico-sdk/src/rp2_common/hardware_clocks/clocks.c.obj
 *fill*         0x10004f19        0x3 
 .rodata.__func__.1
                0x10004f1c       0x10 CMakeFiles/Studienarbeit_Display.dir/D_/Pico/pico-sdk/src/rp2_common/hardware_clocks/clocks.c.obj
 .rodata.pll_init.str1.4
                0x10004f2c       0xcf CMakeFiles/Studienarbeit_Display.dir/D_/Pico/pico-sdk/src/rp2_common/hardware_pll/pll.c.obj
 *fill*         0x10004ffb        0x1 
 .rodata.__func__.0
                0x10004ffc        0x9 CMakeFiles/Studienarbeit_Display.dir/D_/Pico/pico-sdk/src/rp2_common/hardware_pll/pll.c.obj
 *fill*         0x10005005        0x3 
 .rodata.make_branch.str1.4
                0x10005008       0x43 CMakeFiles/Studienarbeit_Display.dir/D_/Pico/pico-sdk/src/rp2_common/hardware_irq/irq.c.obj
 *fill*         0x1000504b        0x1 
 .rodata.irq_set_exclusive_handler.str1.4
                0x1000504c       0x36 CMakeFiles/Studienarbeit_Display.dir/D_/Pico/pico-sdk/src/rp2_common/hardware_irq/irq.c.obj
 *fill*         0x10005082        0x2 
 .rodata.irq_add_shared_handler.str1.4
                0x10005084       0xd9 CMakeFiles/Studienarbeit_Display.dir/D_/Pico/pico-sdk/src/rp2_common/hardware_irq/irq.c.obj
 *fill*         0x1000515d        0x3 
 .rodata.irq_remove_handler.str1.4
                0x10005160       0x2a CMakeFiles/Studienarbeit_Display.dir/D_/Pico/pico-sdk/src/rp2_common/hardware_irq/irq.c.obj
 *fill*         0x1000518a        0x2 
 .rodata.irq_add_tail_to_free_list.str1.4
                0x1000518c       0x32 CMakeFiles/Studienarbeit_Display.dir/D_/Pico/pico-sdk/src/rp2_common/hardware_irq/irq.c.obj
                                 0x3a (size before relaxing)
 *fill*         0x100051be        0x2 
 .rodata.__func__.0
                0x100051c0       0x1a CMakeFiles/Studienarbeit_Display.dir/D_/Pico/pico-sdk/src/rp2_common/hardware_irq/irq.c.obj
 *fill*         0x100051da        0x2 
 .rodata.__func__.1
                0x100051dc       0x17 CMakeFiles/Studienarbeit_Display.dir/D_/Pico/pico-sdk/src/rp2_common/hardware_irq/irq.c.obj
 *fill*         0x100051f3        0x1 
 .rodata.__func__.2
                0x100051f4       0x13 CMakeFiles/Studienarbeit_Display.dir/D_/Pico/pico-sdk/src/rp2_common/hardware_irq/irq.c.obj
 *fill*         0x10005207        0x1 
 .rodata.__func__.3
                0x10005208        0xc CMakeFiles/Studienarbeit_Display.dir/D_/Pico/pico-sdk/src/rp2_common/hardware_irq/irq.c.obj
 .rodata.__func__.4
                0x10005214        0xf CMakeFiles/Studienarbeit_Display.dir/D_/Pico/pico-sdk/src/rp2_common/hardware_irq/irq.c.obj
 *fill*         0x10005223        0x1 
 .rodata.__func__.6
                0x10005224       0x1a CMakeFiles/Studienarbeit_Display.dir/D_/Pico/pico-sdk/src/rp2_common/hardware_irq/irq.c.obj
 *fill*         0x1000523e        0x2 
 .rodata._ftoa.str1.4
                0x10005240       0x15 CMakeFiles/Studienarbeit_Display.dir/D_/Pico/pico-sdk/src/rp2_common/pico_printf/printf.c.obj
 *fill*         0x10005255        0x3 
 .rodata._vsnprintf
                0x10005258      0x1e0 CMakeFiles/Studienarbeit_Display.dir/D_/Pico/pico-sdk/src/rp2_common/pico_printf/printf.c.obj
 .rodata.pow10.0
                0x10005438       0x50 CMakeFiles/Studienarbeit_Display.dir/D_/Pico/pico-sdk/src/rp2_common/pico_printf/printf.c.obj
 .rodata.__aeabi_double_init.str1.4
                0x10005488       0x9e CMakeFiles/Studienarbeit_Display.dir/D_/Pico/pico-sdk/src/rp2_common/pico_double/double_init_rom.c.obj
 *fill*         0x10005526        0x2 
 .rodata.__func__.0
                0x10005528       0x14 CMakeFiles/Studienarbeit_Display.dir/D_/Pico/pico-sdk/src/rp2_common/pico_double/double_init_rom.c.obj
 .rodata.__aeabi_float_init.str1.4
                0x1000553c       0x70 CMakeFiles/Studienarbeit_Display.dir/D_/Pico/pico-sdk/src/rp2_common/pico_float/float_init_rom.c.obj
                                 0x74 (size before relaxing)
 .rodata.__func__.0
                0x100055ac       0x13 CMakeFiles/Studienarbeit_Display.dir/D_/Pico/pico-sdk/src/rp2_common/pico_float/float_init_rom.c.obj
 *fill*         0x100055bf        0x1 
 .rodata.str1.4
                0x100055c0       0x4c CMakeFiles/Studienarbeit_Display.dir/D_/Pico/pico-sdk/src/rp2_common/pico_standard_link/binary_info.c.obj
 .rodata.__bi_40
                0x1000560c        0xc CMakeFiles/Studienarbeit_Display.dir/D_/Pico/pico-sdk/src/rp2_common/pico_standard_link/binary_info.c.obj
 .rodata.__bi_71
                0x10005618        0xc CMakeFiles/Studienarbeit_Display.dir/D_/Pico/pico-sdk/src/rp2_common/pico_standard_link/binary_info.c.obj
 .rodata.__bi_77
                0x10005624        0xc CMakeFiles/Studienarbeit_Display.dir/D_/Pico/pico-sdk/src/rp2_common/pico_standard_link/binary_info.c.obj
 .rodata.crlf_str.1
                0x10005630        0x2 CMakeFiles/Studienarbeit_Display.dir/D_/Pico/pico-sdk/src/rp2_common/pico_stdio/stdio.c.obj
                0x10005634                . = ALIGN (0x4)
 *fill*         0x10005632        0x2 
 *(SORT_BY_ALIGNMENT(SORT_BY_NAME(.flashdata*)))
                0x10005634                . = ALIGN (0x4)

.rel.dyn        0x10005634        0x0
 .rel.iplt      0x10005634        0x0 c:/progra~2/gnuarm~1/102020~1/bin/../lib/gcc/arm-none-eabi/10.2.1/thumb/v6-m/nofp/crtbegin.o

.ARM.extab
 *(.ARM.extab* .gnu.linkonce.armextab.*)
                0x10005634                __exidx_start = .

.ARM.exidx
 *(.ARM.exidx* .gnu.linkonce.armexidx.*)
                0x10005634                __exidx_end = .
                0x10005634                . = ALIGN (0x4)
                0x10005634                __binary_info_start = .

.binary_info    0x10005634       0x1c
 *(.binary_info.keep.*)
 .binary_info.keep.__bi_ptr18
                0x10005634        0x4 CMakeFiles/Studienarbeit_Display.dir/D_/Pico/pico-sdk/src/rp2_common/pico_standard_link/binary_info.c.obj
 .binary_info.keep.__bi_ptr26
                0x10005638        0x4 CMakeFiles/Studienarbeit_Display.dir/D_/Pico/pico-sdk/src/rp2_common/pico_standard_link/binary_info.c.obj
 .binary_info.keep.__bi_ptr34
                0x1000563c        0x4 CMakeFiles/Studienarbeit_Display.dir/D_/Pico/pico-sdk/src/rp2_common/pico_standard_link/binary_info.c.obj
 .binary_info.keep.__bi_ptr40
                0x10005640        0x4 CMakeFiles/Studienarbeit_Display.dir/D_/Pico/pico-sdk/src/rp2_common/pico_standard_link/binary_info.c.obj
 .binary_info.keep.__bi_ptr46
                0x10005644        0x4 CMakeFiles/Studienarbeit_Display.dir/D_/Pico/pico-sdk/src/rp2_common/pico_standard_link/binary_info.c.obj
 .binary_info.keep.__bi_ptr71
                0x10005648        0x4 CMakeFiles/Studienarbeit_Display.dir/D_/Pico/pico-sdk/src/rp2_common/pico_standard_link/binary_info.c.obj
 .binary_info.keep.__bi_ptr77
                0x1000564c        0x4 CMakeFiles/Studienarbeit_Display.dir/D_/Pico/pico-sdk/src/rp2_common/pico_standard_link/binary_info.c.obj
 *(.binary_info.*)
                0x10005650                __binary_info_end = .
                0x10005650                . = ALIGN (0x4)
                0x10005650                __etext = .

.ram_vector_table
                0x20000000       0xc0
 *(.ram_vector_table)
 .ram_vector_table
                0x20000000       0xc0 CMakeFiles/Studienarbeit_Display.dir/D_/Pico/pico-sdk/src/rp2_common/pico_runtime/runtime.c.obj
                0x20000000                ram_vector_table

.data           0x200000c0      0x1d4 load address 0x10005650
                0x200000c0                __data_start__ = .
 *(vtable)
 *(.time_critical*)
 .time_critical.mutex_enter_blocking
                0x200000c0       0x64 CMakeFiles/Studienarbeit_Display.dir/D_/Pico/pico-sdk/src/common/pico_sync/mutex.c.obj
                0x200000c0                mutex_enter_blocking
 .time_critical.mutex_try_enter
                0x20000124       0x46 CMakeFiles/Studienarbeit_Display.dir/D_/Pico/pico-sdk/src/common/pico_sync/mutex.c.obj
                0x20000124                mutex_try_enter
 *fill*         0x2000016a        0x2 
 .time_critical.mutex_exit
                0x2000016c       0x4c CMakeFiles/Studienarbeit_Display.dir/D_/Pico/pico-sdk/src/common/pico_sync/mutex.c.obj
                0x2000016c                mutex_exit
 *(.text*)
 .text          0x200001b8        0x4 c:/progra~2/gnuarm~1/102020~1/bin/../lib/gcc/arm-none-eabi/10.2.1/thumb/v6-m/nofp\libgcc.a(_dvmd_tls.o)
                0x200001b8                __aeabi_idiv0
                0x200001b8                __aeabi_ldiv0
 *fill*         0x200001bc        0x4 
 .text.__stub   0x200001c0       0x10 linker stubs
                0x200001d0                . = ALIGN (0x4)
 *(.rodata*)
                0x200001d0                . = ALIGN (0x4)
 *(.data*)
 .data.height   0x200001d0        0x1 CMakeFiles/Studienarbeit_Display.dir/Studienarbeit_Display.c.obj
 .data.striped_spin_lock_num
                0x200001d1        0x1 CMakeFiles/Studienarbeit_Display.dir/D_/Pico/pico-sdk/src/rp2_common/hardware_sync/sync.c.obj
 *fill*         0x200001d2        0x2 
 .data.default_alarm_pool
                0x200001d4       0x18 CMakeFiles/Studienarbeit_Display.dir/D_/Pico/pico-sdk/src/common/pico_time/time.c.obj
 .data.default_alarm_pool_heap
                0x200001ec       0x10 CMakeFiles/Studienarbeit_Display.dir/D_/Pico/pico-sdk/src/common/pico_time/time.c.obj
 .data          0x200001fc       0x48 CMakeFiles/Studienarbeit_Display.dir/D_/Pico/pico-sdk/src/rp2_common/hardware_irq/irq_handler_chain.S.obj
                0x200001fc                irq_handler_chain_slots
                0x2000022c                irq_handler_chain_first_slot
                0x20000236                irq_handler_chain_remove_tail
 *fill*         0x20000244        0xc 
 .data.aeabi_bits_funcs
                0x20000250       0x10 CMakeFiles/Studienarbeit_Display.dir/D_/Pico/pico-sdk/src/rp2_common/pico_bit_ops/bit_ops_aeabi.S.obj
                0x20000250                aeabi_bits_funcs
                0x20000260                aeabi_bits_funcs_end
 .data.aeabi_mem_funcs
                0x20000260       0x10 CMakeFiles/Studienarbeit_Display.dir/D_/Pico/pico-sdk/src/rp2_common/pico_mem_ops/mem_ops_aeabi.S.obj
                0x20000260                aeabi_mem_funcs
                0x20000270                aeabi_mem_funcs_end
 .data.i2c0_inst
                0x20000270        0x8 CMakeFiles/Studienarbeit_Display.dir/D_/Pico/pico-sdk/src/rp2_common/hardware_i2c/i2c.c.obj
                0x20000270                i2c0_inst
                0x20000278                . = ALIGN (0x4)
 *(.after_data.*)
                0x20000278                . = ALIGN (0x4)
                0x20000278                PROVIDE (__mutex_array_start = .)
 *(SORT_BY_NAME(.mutex_array.*))
 *(.mutex_array)
 .mutex_array   0x20000278        0x8 CMakeFiles/Studienarbeit_Display.dir/D_/Pico/pico-sdk/src/rp2_common/pico_stdio/stdio.c.obj
                0x20000280                PROVIDE (__mutex_array_end = .)
                0x20000280                . = ALIGN (0x4)
                0x20000280                PROVIDE (__preinit_array_start = .)
 *(SORT_BY_NAME(.preinit_array.*))
 .preinit_array.00001
                0x20000280        0x4 CMakeFiles/Studienarbeit_Display.dir/D_/Pico/pico-sdk/src/rp2_common/pico_mem_ops/mem_ops_aeabi.S.obj
 .preinit_array.00010
                0x20000284        0x4 CMakeFiles/Studienarbeit_Display.dir/D_/Pico/pico-sdk/src/rp2_common/pico_bit_ops/bit_ops_aeabi.S.obj
 .preinit_array.00020
                0x20000288        0x4 CMakeFiles/Studienarbeit_Display.dir/D_/Pico/pico-sdk/src/rp2_common/pico_double/double_aeabi.S.obj
 .preinit_array.00020
                0x2000028c        0x4 CMakeFiles/Studienarbeit_Display.dir/D_/Pico/pico-sdk/src/rp2_common/pico_float/float_aeabi.S.obj
 *(.preinit_array)
                0x20000290                PROVIDE (__preinit_array_end = .)
                0x20000290                . = ALIGN (0x4)
                0x20000290                PROVIDE (__init_array_start = .)
 *(SORT_BY_NAME(.init_array.*))
 *(.init_array)
 .init_array    0x20000290        0x4 c:/progra~2/gnuarm~1/102020~1/bin/../lib/gcc/arm-none-eabi/10.2.1/thumb/v6-m/nofp/crtbegin.o
                0x20000294                PROVIDE (__init_array_end = .)
                0x20000294                . = ALIGN (0x4)
                [!provide]                PROVIDE (__fini_array_start = .)
 *(SORT_BY_NAME(.fini_array.*))
 *(.fini_array)
                [!provide]                PROVIDE (__fini_array_end = .)
 *(.jcr)
                0x20000294                . = ALIGN (0x4)
                0x20000294                __data_end__ = .

.igot.plt       0x20000294        0x0 load address 0x10005824
 .igot.plt      0x20000294        0x0 c:/progra~2/gnuarm~1/102020~1/bin/../lib/gcc/arm-none-eabi/10.2.1/thumb/v6-m/nofp/crtbegin.o

.uninitialized_data
                0x20000294        0x0 load address 0x10005824
                0x20000294                . = ALIGN (0x4)
 *(.uninitialized_data*)

.scratch_x      0x20040000        0x0 load address 0x10005824
                0x20040000                __scratch_x_start__ = .
 *(.scratch_x.*)
                0x20040000                . = ALIGN (0x4)
                0x20040000                __scratch_x_end__ = .
                0x10005824                __scratch_x_source__ = LOADADDR (.scratch_x)

.scratch_y      0x20041000        0x0 load address 0x10005824
                0x20041000                __scratch_y_start__ = .
 *(.scratch_y.*)
                0x20041000                . = ALIGN (0x4)
                0x20041000                __scratch_y_end__ = .
                0x10005824                __scratch_y_source__ = LOADADDR (.scratch_y)

.bss            0x20000298      0x7d0
                0x20000298                . = ALIGN (0x4)
                0x20000298                __bss_start__ = .
 *(SORT_BY_ALIGNMENT(SORT_BY_NAME(.bss*)))
 .bss.default_alarm_pool_entries
                0x20000298      0x100 CMakeFiles/Studienarbeit_Display.dir/D_/Pico/pico-sdk/src/common/pico_time/time.c.obj
 .bss           0x20000398       0x1c c:/progra~2/gnuarm~1/102020~1/bin/../lib/gcc/arm-none-eabi/10.2.1/thumb/v6-m/nofp/crtbegin.o
 .bss.alarm_callbacks
                0x200003b4       0x10 CMakeFiles/Studienarbeit_Display.dir/D_/Pico/pico-sdk/src/rp2_common/hardware_timer/timer.c.obj
 .bss.configured_freq
                0x200003c4       0x28 CMakeFiles/Studienarbeit_Display.dir/D_/Pico/pico-sdk/src/rp2_common/hardware_clocks/clocks.c.obj
 .bss.cursorx   0x200003ec        0x4 CMakeFiles/Studienarbeit_Display.dir/Studienarbeit_Display.c.obj
 .bss.cursory   0x200003f0        0x4 CMakeFiles/Studienarbeit_Display.dir/Studienarbeit_Display.c.obj
 .bss.default_alarm_pool_entry_ids_high
                0x200003f4       0x10 CMakeFiles/Studienarbeit_Display.dir/D_/Pico/pico-sdk/src/common/pico_time/time.c.obj
 .bss.default_alarm_pool_heap_nodes
                0x20000404       0x30 CMakeFiles/Studienarbeit_Display.dir/D_/Pico/pico-sdk/src/common/pico_time/time.c.obj
 .bss.drivers   0x20000434        0x4 CMakeFiles/Studienarbeit_Display.dir/D_/Pico/pico-sdk/src/rp2_common/pico_stdio/stdio.c.obj
 .bss.filter    0x20000438        0x4 CMakeFiles/Studienarbeit_Display.dir/D_/Pico/pico-sdk/src/rp2_common/pico_stdio/stdio.c.obj
 .bss.pools     0x2000043c       0x10 CMakeFiles/Studienarbeit_Display.dir/D_/Pico/pico-sdk/src/common/pico_time/time.c.obj
 .bss.scr       0x2000044c      0x401 CMakeFiles/Studienarbeit_Display.dir/Studienarbeit_Display.c.obj
                0x2000044c                scr
 *fill*         0x2000084d        0x3 
 .bss.sd_table  0x20000850      0x100 CMakeFiles/Studienarbeit_Display.dir/D_/Pico/pico-sdk/src/rp2_common/pico_double/double_init_rom.c.obj
                0x20000850                sd_table
 .bss.sf_clz_func
                0x20000950        0x4 CMakeFiles/Studienarbeit_Display.dir/D_/Pico/pico-sdk/src/rp2_common/pico_float/float_init_rom.c.obj
                0x20000950                sf_clz_func
 .bss.sf_table  0x20000954      0x100 CMakeFiles/Studienarbeit_Display.dir/D_/Pico/pico-sdk/src/rp2_common/pico_float/float_init_rom.c.obj
                0x20000954                sf_table
 .bss.target_hi
                0x20000a54       0x10 CMakeFiles/Studienarbeit_Display.dir/D_/Pico/pico-sdk/src/rp2_common/hardware_timer/timer.c.obj
 .bss.claimed   0x20000a64        0x1 CMakeFiles/Studienarbeit_Display.dir/D_/Pico/pico-sdk/src/rp2_common/hardware_timer/timer.c.obj
 .bss.irq_hander_chain_free_slot_head
                0x20000a65        0x1 CMakeFiles/Studienarbeit_Display.dir/D_/Pico/pico-sdk/src/rp2_common/hardware_irq/irq.c.obj
 .bss.timer_callbacks_pending
                0x20000a66        0x1 CMakeFiles/Studienarbeit_Display.dir/D_/Pico/pico-sdk/src/rp2_common/hardware_timer/timer.c.obj
 *(COMMON)
                0x20000a68                . = ALIGN (0x4)
 *fill*         0x20000a67        0x1 
                0x20000a68                __bss_end__ = .

.heap           0x20000a68      0x800
                0x20000a68                __end__ = .
                0x20000a68                end = __end__
 *(.heap*)
 .heap          0x20000a68      0x800 CMakeFiles/Studienarbeit_Display.dir/D_/Pico/pico-sdk/src/rp2_common/pico_standard_link/crt0.S.obj
                0x20001268                __HeapLimit = .

.stack1_dummy   0x20040000        0x0
 *(.stack1*)

.stack_dummy    0x20041000      0x800
 *(.stack*)
 .stack         0x20041000      0x800 CMakeFiles/Studienarbeit_Display.dir/D_/Pico/pico-sdk/src/rp2_common/pico_standard_link/crt0.S.obj

.flash_end      0x10005824        0x0
                0x10005824                __flash_binary_end = .
                0x20040000                __StackLimit = (ORIGIN (RAM) + LENGTH (RAM))
                0x20041000                __StackOneTop = (ORIGIN (SCRATCH_X) + LENGTH (SCRATCH_X))
                0x20042000                __StackTop = (ORIGIN (SCRATCH_Y) + LENGTH (SCRATCH_Y))
                0x20041000                __StackOneBottom = (__StackOneTop - SIZEOF (.stack1_dummy))
                0x20041800                __StackBottom = (__StackTop - SIZEOF (.stack_dummy))
                0x20042000                PROVIDE (__stack = __StackTop)
                0x00000001                ASSERT ((__StackLimit >= __HeapLimit), region RAM overflowed)
                0x00000001                ASSERT (((__binary_info_header_end - __logical_binary_start) <= 0x100), Binary info must be in first 256 bytes of the binary)
LOAD CMakeFiles/Studienarbeit_Display.dir/Studienarbeit_Display.c.obj
LOAD CMakeFiles/Studienarbeit_Display.dir/D_/Pico/pico-sdk/src/rp2_common/pico_stdlib/stdlib.c.obj
LOAD CMakeFiles/Studienarbeit_Display.dir/D_/Pico/pico-sdk/src/rp2_common/hardware_gpio/gpio.c.obj
LOAD CMakeFiles/Studienarbeit_Display.dir/D_/Pico/pico-sdk/src/rp2_common/hardware_claim/claim.c.obj
LOAD CMakeFiles/Studienarbeit_Display.dir/D_/Pico/pico-sdk/src/rp2_common/hardware_sync/sync.c.obj
LOAD CMakeFiles/Studienarbeit_Display.dir/D_/Pico/pico-sdk/src/rp2_common/pico_platform/platform.c.obj
LOAD CMakeFiles/Studienarbeit_Display.dir/D_/Pico/pico-sdk/src/rp2_common/hardware_uart/uart.c.obj
LOAD CMakeFiles/Studienarbeit_Display.dir/D_/Pico/pico-sdk/src/rp2_common/hardware_divider/divider.S.obj
LOAD CMakeFiles/Studienarbeit_Display.dir/D_/Pico/pico-sdk/src/common/pico_time/time.c.obj
LOAD CMakeFiles/Studienarbeit_Display.dir/D_/Pico/pico-sdk/src/common/pico_time/timeout_helper.c.obj
LOAD CMakeFiles/Studienarbeit_Display.dir/D_/Pico/pico-sdk/src/rp2_common/hardware_timer/timer.c.obj
LOAD CMakeFiles/Studienarbeit_Display.dir/D_/Pico/pico-sdk/src/common/pico_sync/sem.c.obj
LOAD CMakeFiles/Studienarbeit_Display.dir/D_/Pico/pico-sdk/src/common/pico_sync/lock_core.c.obj
LOAD CMakeFiles/Studienarbeit_Display.dir/D_/Pico/pico-sdk/src/common/pico_sync/mutex.c.obj
LOAD CMakeFiles/Studienarbeit_Display.dir/D_/Pico/pico-sdk/src/common/pico_sync/critical_section.c.obj
LOAD CMakeFiles/Studienarbeit_Display.dir/D_/Pico/pico-sdk/src/common/pico_util/datetime.c.obj
LOAD CMakeFiles/Studienarbeit_Display.dir/D_/Pico/pico-sdk/src/common/pico_util/pheap.c.obj
LOAD CMakeFiles/Studienarbeit_Display.dir/D_/Pico/pico-sdk/src/common/pico_util/queue.c.obj
LOAD CMakeFiles/Studienarbeit_Display.dir/D_/Pico/pico-sdk/src/rp2_common/pico_runtime/runtime.c.obj
LOAD CMakeFiles/Studienarbeit_Display.dir/D_/Pico/pico-sdk/src/rp2_common/hardware_clocks/clocks.c.obj
LOAD CMakeFiles/Studienarbeit_Display.dir/D_/Pico/pico-sdk/src/rp2_common/hardware_watchdog/watchdog.c.obj
LOAD CMakeFiles/Studienarbeit_Display.dir/D_/Pico/pico-sdk/src/rp2_common/hardware_xosc/xosc.c.obj
LOAD CMakeFiles/Studienarbeit_Display.dir/D_/Pico/pico-sdk/src/rp2_common/hardware_pll/pll.c.obj
LOAD CMakeFiles/Studienarbeit_Display.dir/D_/Pico/pico-sdk/src/rp2_common/hardware_vreg/vreg.c.obj
LOAD CMakeFiles/Studienarbeit_Display.dir/D_/Pico/pico-sdk/src/rp2_common/hardware_irq/irq.c.obj
LOAD CMakeFiles/Studienarbeit_Display.dir/D_/Pico/pico-sdk/src/rp2_common/hardware_irq/irq_handler_chain.S.obj
LOAD CMakeFiles/Studienarbeit_Display.dir/D_/Pico/pico-sdk/src/rp2_common/pico_printf/printf.c.obj
LOAD CMakeFiles/Studienarbeit_Display.dir/D_/Pico/pico-sdk/src/rp2_common/pico_bit_ops/bit_ops_aeabi.S.obj
LOAD CMakeFiles/Studienarbeit_Display.dir/D_/Pico/pico-sdk/src/rp2_common/pico_bootrom/bootrom.c.obj
LOAD CMakeFiles/Studienarbeit_Display.dir/D_/Pico/pico-sdk/src/rp2_common/pico_divider/divider.S.obj
LOAD CMakeFiles/Studienarbeit_Display.dir/D_/Pico/pico-sdk/src/rp2_common/pico_double/double_aeabi.S.obj
LOAD CMakeFiles/Studienarbeit_Display.dir/D_/Pico/pico-sdk/src/rp2_common/pico_double/double_init_rom.c.obj
LOAD CMakeFiles/Studienarbeit_Display.dir/D_/Pico/pico-sdk/src/rp2_common/pico_double/double_math.c.obj
LOAD CMakeFiles/Studienarbeit_Display.dir/D_/Pico/pico-sdk/src/rp2_common/pico_double/double_v1_rom_shim.S.obj
LOAD CMakeFiles/Studienarbeit_Display.dir/D_/Pico/pico-sdk/src/rp2_common/pico_int64_ops/pico_int64_ops_aeabi.S.obj
LOAD CMakeFiles/Studienarbeit_Display.dir/D_/Pico/pico-sdk/src/rp2_common/pico_float/float_aeabi.S.obj
LOAD CMakeFiles/Studienarbeit_Display.dir/D_/Pico/pico-sdk/src/rp2_common/pico_float/float_init_rom.c.obj
LOAD CMakeFiles/Studienarbeit_Display.dir/D_/Pico/pico-sdk/src/rp2_common/pico_float/float_math.c.obj
LOAD CMakeFiles/Studienarbeit_Display.dir/D_/Pico/pico-sdk/src/rp2_common/pico_float/float_v1_rom_shim.S.obj
LOAD CMakeFiles/Studienarbeit_Display.dir/D_/Pico/pico-sdk/src/rp2_common/pico_malloc/pico_malloc.c.obj
LOAD CMakeFiles/Studienarbeit_Display.dir/D_/Pico/pico-sdk/src/rp2_common/pico_mem_ops/mem_ops_aeabi.S.obj
LOAD CMakeFiles/Studienarbeit_Display.dir/D_/Pico/pico-sdk/src/rp2_common/pico_standard_link/crt0.S.obj
LOAD CMakeFiles/Studienarbeit_Display.dir/D_/Pico/pico-sdk/src/rp2_common/pico_standard_link/new_delete.cpp.obj
LOAD CMakeFiles/Studienarbeit_Display.dir/D_/Pico/pico-sdk/src/rp2_common/pico_standard_link/binary_info.c.obj
LOAD CMakeFiles/Studienarbeit_Display.dir/D_/Pico/pico-sdk/src/rp2_common/pico_stdio/stdio.c.obj
LOAD CMakeFiles/Studienarbeit_Display.dir/D_/Pico/pico-sdk/src/rp2_common/pico_stdio_uart/stdio_uart.c.obj
LOAD CMakeFiles/Studienarbeit_Display.dir/D_/Pico/pico-sdk/src/rp2_common/hardware_pio/pio.c.obj
LOAD CMakeFiles/Studienarbeit_Display.dir/D_/Pico/pico-sdk/src/rp2_common/hardware_i2c/i2c.c.obj
LOAD C:\Users\Niklas\AppData\Local\Temp\ccS8GMRD.o
LOAD c:/progra~2/gnuarm~1/102020~1/bin/../lib/gcc/arm-none-eabi/10.2.1/../../../../arm-none-eabi/lib/thumb/v6-m/nofp\libstdc++.a
LOAD c:/progra~2/gnuarm~1/102020~1/bin/../lib/gcc/arm-none-eabi/10.2.1/../../../../arm-none-eabi/lib/thumb/v6-m/nofp\libm.a
START GROUP
LOAD c:/progra~2/gnuarm~1/102020~1/bin/../lib/gcc/arm-none-eabi/10.2.1/thumb/v6-m/nofp\libgcc.a
LOAD c:/progra~2/gnuarm~1/102020~1/bin/../lib/gcc/arm-none-eabi/10.2.1/../../../../arm-none-eabi/lib/thumb/v6-m/nofp\libg.a
LOAD c:/progra~2/gnuarm~1/102020~1/bin/../lib/gcc/arm-none-eabi/10.2.1/../../../../arm-none-eabi/lib/thumb/v6-m/nofp\libc.a
END GROUP
START GROUP
LOAD c:/progra~2/gnuarm~1/102020~1/bin/../lib/gcc/arm-none-eabi/10.2.1/thumb/v6-m/nofp\libgcc.a
LOAD c:/progra~2/gnuarm~1/102020~1/bin/../lib/gcc/arm-none-eabi/10.2.1/../../../../arm-none-eabi/lib/thumb/v6-m/nofp\libc.a
LOAD c:/progra~2/gnuarm~1/102020~1/bin/../lib/gcc/arm-none-eabi/10.2.1/../../../../arm-none-eabi/lib/thumb/v6-m/nofp\libnosys.a
END GROUP
LOAD c:/progra~2/gnuarm~1/102020~1/bin/../lib/gcc/arm-none-eabi/10.2.1/thumb/v6-m/nofp/crtend.o
LOAD c:/progra~2/gnuarm~1/102020~1/bin/../lib/gcc/arm-none-eabi/10.2.1/thumb/v6-m/nofp/crtn.o
OUTPUT(Studienarbeit_Display.elf elf32-littlearm)
LOAD linker stubs

.ARM.attributes
                0x00000000       0x28
 .ARM.attributes
                0x00000000       0x1e c:/progra~2/gnuarm~1/102020~1/bin/../lib/gcc/arm-none-eabi/10.2.1/thumb/v6-m/nofp/crti.o
 .ARM.attributes
                0x0000001e       0x2c c:/progra~2/gnuarm~1/102020~1/bin/../lib/gcc/arm-none-eabi/10.2.1/thumb/v6-m/nofp/crtbegin.o
 .ARM.attributes
                0x0000004a       0x2b CMakeFiles/Studienarbeit_Display.dir/Studienarbeit_Display.c.obj
 .ARM.attributes
                0x00000075       0x2b CMakeFiles/Studienarbeit_Display.dir/D_/Pico/pico-sdk/src/rp2_common/hardware_gpio/gpio.c.obj
 .ARM.attributes
                0x000000a0       0x2b CMakeFiles/Studienarbeit_Display.dir/D_/Pico/pico-sdk/src/rp2_common/hardware_claim/claim.c.obj
 .ARM.attributes
                0x000000cb       0x2b CMakeFiles/Studienarbeit_Display.dir/D_/Pico/pico-sdk/src/rp2_common/hardware_sync/sync.c.obj
 .ARM.attributes
                0x000000f6       0x2b CMakeFiles/Studienarbeit_Display.dir/D_/Pico/pico-sdk/src/rp2_common/pico_platform/platform.c.obj
 .ARM.attributes
                0x00000121       0x2b CMakeFiles/Studienarbeit_Display.dir/D_/Pico/pico-sdk/src/common/pico_time/time.c.obj
 .ARM.attributes
                0x0000014c       0x2b CMakeFiles/Studienarbeit_Display.dir/D_/Pico/pico-sdk/src/rp2_common/hardware_timer/timer.c.obj
 .ARM.attributes
                0x00000177       0x2b CMakeFiles/Studienarbeit_Display.dir/D_/Pico/pico-sdk/src/common/pico_sync/lock_core.c.obj
 .ARM.attributes
                0x000001a2       0x2b CMakeFiles/Studienarbeit_Display.dir/D_/Pico/pico-sdk/src/common/pico_sync/mutex.c.obj
 .ARM.attributes
                0x000001cd       0x2b CMakeFiles/Studienarbeit_Display.dir/D_/Pico/pico-sdk/src/common/pico_util/pheap.c.obj
 .ARM.attributes
                0x000001f8       0x2b CMakeFiles/Studienarbeit_Display.dir/D_/Pico/pico-sdk/src/rp2_common/pico_runtime/runtime.c.obj
 .ARM.attributes
                0x00000223       0x2b CMakeFiles/Studienarbeit_Display.dir/D_/Pico/pico-sdk/src/rp2_common/hardware_clocks/clocks.c.obj
 .ARM.attributes
                0x0000024e       0x2b CMakeFiles/Studienarbeit_Display.dir/D_/Pico/pico-sdk/src/rp2_common/hardware_watchdog/watchdog.c.obj
 .ARM.attributes
                0x00000279       0x2b CMakeFiles/Studienarbeit_Display.dir/D_/Pico/pico-sdk/src/rp2_common/hardware_xosc/xosc.c.obj
 .ARM.attributes
                0x000002a4       0x2b CMakeFiles/Studienarbeit_Display.dir/D_/Pico/pico-sdk/src/rp2_common/hardware_pll/pll.c.obj
 .ARM.attributes
                0x000002cf       0x2b CMakeFiles/Studienarbeit_Display.dir/D_/Pico/pico-sdk/src/rp2_common/hardware_irq/irq.c.obj
 .ARM.attributes
                0x000002fa       0x22 CMakeFiles/Studienarbeit_Display.dir/D_/Pico/pico-sdk/src/rp2_common/hardware_irq/irq_handler_chain.S.obj
 .ARM.attributes
                0x0000031c       0x2b CMakeFiles/Studienarbeit_Display.dir/D_/Pico/pico-sdk/src/rp2_common/pico_printf/printf.c.obj
 .ARM.attributes
                0x00000347       0x22 CMakeFiles/Studienarbeit_Display.dir/D_/Pico/pico-sdk/src/rp2_common/pico_bit_ops/bit_ops_aeabi.S.obj
 .ARM.attributes
                0x00000369       0x2b CMakeFiles/Studienarbeit_Display.dir/D_/Pico/pico-sdk/src/rp2_common/pico_bootrom/bootrom.c.obj
 .ARM.attributes
                0x00000394       0x22 CMakeFiles/Studienarbeit_Display.dir/D_/Pico/pico-sdk/src/rp2_common/pico_divider/divider.S.obj
 .ARM.attributes
                0x000003b6       0x22 CMakeFiles/Studienarbeit_Display.dir/D_/Pico/pico-sdk/src/rp2_common/pico_double/double_aeabi.S.obj
 .ARM.attributes
                0x000003d8       0x2b CMakeFiles/Studienarbeit_Display.dir/D_/Pico/pico-sdk/src/rp2_common/pico_double/double_init_rom.c.obj
 .ARM.attributes
                0x00000403       0x22 CMakeFiles/Studienarbeit_Display.dir/D_/Pico/pico-sdk/src/rp2_common/pico_double/double_v1_rom_shim.S.obj
 .ARM.attributes
                0x00000425       0x22 CMakeFiles/Studienarbeit_Display.dir/D_/Pico/pico-sdk/src/rp2_common/pico_int64_ops/pico_int64_ops_aeabi.S.obj
 .ARM.attributes
                0x00000447       0x22 CMakeFiles/Studienarbeit_Display.dir/D_/Pico/pico-sdk/src/rp2_common/pico_float/float_aeabi.S.obj
 .ARM.attributes
                0x00000469       0x2b CMakeFiles/Studienarbeit_Display.dir/D_/Pico/pico-sdk/src/rp2_common/pico_float/float_init_rom.c.obj
 .ARM.attributes
                0x00000494       0x22 CMakeFiles/Studienarbeit_Display.dir/D_/Pico/pico-sdk/src/rp2_common/pico_float/float_v1_rom_shim.S.obj
 .ARM.attributes
                0x000004b6       0x22 CMakeFiles/Studienarbeit_Display.dir/D_/Pico/pico-sdk/src/rp2_common/pico_mem_ops/mem_ops_aeabi.S.obj
 .ARM.attributes
                0x000004d8       0x22 CMakeFiles/Studienarbeit_Display.dir/D_/Pico/pico-sdk/src/rp2_common/pico_standard_link/crt0.S.obj
 .ARM.attributes
                0x000004fa       0x32 CMakeFiles/Studienarbeit_Display.dir/D_/Pico/pico-sdk/src/rp2_common/pico_standard_link/binary_info.c.obj
 .ARM.attributes
                0x0000052c       0x2b CMakeFiles/Studienarbeit_Display.dir/D_/Pico/pico-sdk/src/rp2_common/pico_stdio/stdio.c.obj
 .ARM.attributes
                0x00000557       0x2b CMakeFiles/Studienarbeit_Display.dir/D_/Pico/pico-sdk/src/rp2_common/hardware_i2c/i2c.c.obj
 .ARM.attributes
                0x00000582       0x22 C:\Users\Niklas\AppData\Local\Temp\ccS8GMRD.o
 .ARM.attributes
                0x000005a4       0x1e c:/progra~2/gnuarm~1/102020~1/bin/../lib/gcc/arm-none-eabi/10.2.1/thumb/v6-m/nofp\libgcc.a(_dvmd_tls.o)
 .ARM.attributes
                0x000005c2       0x2c c:/progra~2/gnuarm~1/102020~1/bin/../lib/gcc/arm-none-eabi/10.2.1/../../../../arm-none-eabi/lib/thumb/v6-m/nofp\libg.a(lib_a-strcat.o)
 .ARM.attributes
                0x000005ee       0x2c c:/progra~2/gnuarm~1/102020~1/bin/../lib/gcc/arm-none-eabi/10.2.1/../../../../arm-none-eabi/lib/thumb/v6-m/nofp\libg.a(lib_a-strcpy.o)
 .ARM.attributes
                0x0000061a       0x2c c:/progra~2/gnuarm~1/102020~1/bin/../lib/gcc/arm-none-eabi/10.2.1/../../../../arm-none-eabi/lib/thumb/v6-m/nofp\libg.a(lib_a-strlen-stub.o)

.comment        0x00000000       0x4d
 .comment       0x00000000       0x4d CMakeFiles/Studienarbeit_Display.dir/Studienarbeit_Display.c.obj
                                 0x4e (size before relaxing)
 .comment       0x0000004d       0x4e CMakeFiles/Studienarbeit_Display.dir/D_/Pico/pico-sdk/src/rp2_common/hardware_gpio/gpio.c.obj
 .comment       0x0000004d       0x4e CMakeFiles/Studienarbeit_Display.dir/D_/Pico/pico-sdk/src/rp2_common/hardware_claim/claim.c.obj
 .comment       0x0000004d       0x4e CMakeFiles/Studienarbeit_Display.dir/D_/Pico/pico-sdk/src/rp2_common/hardware_sync/sync.c.obj
 .comment       0x0000004d       0x4e CMakeFiles/Studienarbeit_Display.dir/D_/Pico/pico-sdk/src/rp2_common/pico_platform/platform.c.obj
 .comment       0x0000004d       0x4e CMakeFiles/Studienarbeit_Display.dir/D_/Pico/pico-sdk/src/common/pico_time/time.c.obj
 .comment       0x0000004d       0x4e CMakeFiles/Studienarbeit_Display.dir/D_/Pico/pico-sdk/src/rp2_common/hardware_timer/timer.c.obj
 .comment       0x0000004d       0x4e CMakeFiles/Studienarbeit_Display.dir/D_/Pico/pico-sdk/src/common/pico_sync/lock_core.c.obj
 .comment       0x0000004d       0x4e CMakeFiles/Studienarbeit_Display.dir/D_/Pico/pico-sdk/src/common/pico_sync/mutex.c.obj
 .comment       0x0000004d       0x4e CMakeFiles/Studienarbeit_Display.dir/D_/Pico/pico-sdk/src/common/pico_util/pheap.c.obj
 .comment       0x0000004d       0x4e CMakeFiles/Studienarbeit_Display.dir/D_/Pico/pico-sdk/src/rp2_common/pico_runtime/runtime.c.obj
 .comment       0x0000004d       0x4e CMakeFiles/Studienarbeit_Display.dir/D_/Pico/pico-sdk/src/rp2_common/hardware_clocks/clocks.c.obj
 .comment       0x0000004d       0x4e CMakeFiles/Studienarbeit_Display.dir/D_/Pico/pico-sdk/src/rp2_common/hardware_watchdog/watchdog.c.obj
 .comment       0x0000004d       0x4e CMakeFiles/Studienarbeit_Display.dir/D_/Pico/pico-sdk/src/rp2_common/hardware_xosc/xosc.c.obj
 .comment       0x0000004d       0x4e CMakeFiles/Studienarbeit_Display.dir/D_/Pico/pico-sdk/src/rp2_common/hardware_pll/pll.c.obj
 .comment       0x0000004d       0x4e CMakeFiles/Studienarbeit_Display.dir/D_/Pico/pico-sdk/src/rp2_common/hardware_irq/irq.c.obj
 .comment       0x0000004d       0x4e CMakeFiles/Studienarbeit_Display.dir/D_/Pico/pico-sdk/src/rp2_common/pico_printf/printf.c.obj
 .comment       0x0000004d       0x4e CMakeFiles/Studienarbeit_Display.dir/D_/Pico/pico-sdk/src/rp2_common/pico_bootrom/bootrom.c.obj
 .comment       0x0000004d       0x4e CMakeFiles/Studienarbeit_Display.dir/D_/Pico/pico-sdk/src/rp2_common/pico_double/double_init_rom.c.obj
 .comment       0x0000004d       0x4e CMakeFiles/Studienarbeit_Display.dir/D_/Pico/pico-sdk/src/rp2_common/pico_float/float_init_rom.c.obj
 .comment       0x0000004d       0x4e CMakeFiles/Studienarbeit_Display.dir/D_/Pico/pico-sdk/src/rp2_common/pico_standard_link/binary_info.c.obj
 .comment       0x0000004d       0x4e CMakeFiles/Studienarbeit_Display.dir/D_/Pico/pico-sdk/src/rp2_common/pico_stdio/stdio.c.obj
 .comment       0x0000004d       0x4e CMakeFiles/Studienarbeit_Display.dir/D_/Pico/pico-sdk/src/rp2_common/hardware_i2c/i2c.c.obj

.debug_info     0x00000000    0x12163
 .debug_info    0x00000000     0x1b09 CMakeFiles/Studienarbeit_Display.dir/Studienarbeit_Display.c.obj
 .debug_info    0x00001b09     0x1141 CMakeFiles/Studienarbeit_Display.dir/D_/Pico/pico-sdk/src/rp2_common/hardware_gpio/gpio.c.obj
 .debug_info    0x00002c4a      0x620 CMakeFiles/Studienarbeit_Display.dir/D_/Pico/pico-sdk/src/rp2_common/hardware_claim/claim.c.obj
 .debug_info    0x0000326a      0x4a5 CMakeFiles/Studienarbeit_Display.dir/D_/Pico/pico-sdk/src/rp2_common/hardware_sync/sync.c.obj
 .debug_info    0x0000370f      0x1e3 CMakeFiles/Studienarbeit_Display.dir/D_/Pico/pico-sdk/src/rp2_common/pico_platform/platform.c.obj
 .debug_info    0x000038f2     0x31b4 CMakeFiles/Studienarbeit_Display.dir/D_/Pico/pico-sdk/src/common/pico_time/time.c.obj
 .debug_info    0x00006aa6      0xf23 CMakeFiles/Studienarbeit_Display.dir/D_/Pico/pico-sdk/src/rp2_common/hardware_timer/timer.c.obj
 .debug_info    0x000079c9      0x17b CMakeFiles/Studienarbeit_Display.dir/D_/Pico/pico-sdk/src/common/pico_sync/lock_core.c.obj
 .debug_info    0x00007b44      0xcca CMakeFiles/Studienarbeit_Display.dir/D_/Pico/pico-sdk/src/common/pico_sync/mutex.c.obj
 .debug_info    0x0000880e     0x120c CMakeFiles/Studienarbeit_Display.dir/D_/Pico/pico-sdk/src/common/pico_util/pheap.c.obj
 .debug_info    0x00009a1a      0x975 CMakeFiles/Studienarbeit_Display.dir/D_/Pico/pico-sdk/src/rp2_common/pico_runtime/runtime.c.obj
 .debug_info    0x0000a38f     0x1068 CMakeFiles/Studienarbeit_Display.dir/D_/Pico/pico-sdk/src/rp2_common/hardware_clocks/clocks.c.obj
 .debug_info    0x0000b3f7      0x49c CMakeFiles/Studienarbeit_Display.dir/D_/Pico/pico-sdk/src/rp2_common/hardware_watchdog/watchdog.c.obj
 .debug_info    0x0000b893      0x214 CMakeFiles/Studienarbeit_Display.dir/D_/Pico/pico-sdk/src/rp2_common/hardware_xosc/xosc.c.obj
 .debug_info    0x0000baa7      0x3b0 CMakeFiles/Studienarbeit_Display.dir/D_/Pico/pico-sdk/src/rp2_common/hardware_pll/pll.c.obj
 .debug_info    0x0000be57     0x18ff CMakeFiles/Studienarbeit_Display.dir/D_/Pico/pico-sdk/src/rp2_common/hardware_irq/irq.c.obj
 .debug_info    0x0000d756       0x26 CMakeFiles/Studienarbeit_Display.dir/D_/Pico/pico-sdk/src/rp2_common/hardware_irq/irq_handler_chain.S.obj
 .debug_info    0x0000d77c     0x1a5f CMakeFiles/Studienarbeit_Display.dir/D_/Pico/pico-sdk/src/rp2_common/pico_printf/printf.c.obj
 .debug_info    0x0000f1db       0x22 CMakeFiles/Studienarbeit_Display.dir/D_/Pico/pico-sdk/src/rp2_common/pico_bit_ops/bit_ops_aeabi.S.obj
 .debug_info    0x0000f1fd      0x231 CMakeFiles/Studienarbeit_Display.dir/D_/Pico/pico-sdk/src/rp2_common/pico_bootrom/bootrom.c.obj
 .debug_info    0x0000f42e       0x22 CMakeFiles/Studienarbeit_Display.dir/D_/Pico/pico-sdk/src/rp2_common/pico_divider/divider.S.obj
 .debug_info    0x0000f450       0x22 CMakeFiles/Studienarbeit_Display.dir/D_/Pico/pico-sdk/src/rp2_common/pico_double/double_aeabi.S.obj
 .debug_info    0x0000f472      0x2a0 CMakeFiles/Studienarbeit_Display.dir/D_/Pico/pico-sdk/src/rp2_common/pico_double/double_init_rom.c.obj
 .debug_info    0x0000f712       0x22 CMakeFiles/Studienarbeit_Display.dir/D_/Pico/pico-sdk/src/rp2_common/pico_double/double_v1_rom_shim.S.obj
 .debug_info    0x0000f734       0x26 CMakeFiles/Studienarbeit_Display.dir/D_/Pico/pico-sdk/src/rp2_common/pico_int64_ops/pico_int64_ops_aeabi.S.obj
 .debug_info    0x0000f75a       0x22 CMakeFiles/Studienarbeit_Display.dir/D_/Pico/pico-sdk/src/rp2_common/pico_float/float_aeabi.S.obj
 .debug_info    0x0000f77c      0x2e9 CMakeFiles/Studienarbeit_Display.dir/D_/Pico/pico-sdk/src/rp2_common/pico_float/float_init_rom.c.obj
 .debug_info    0x0000fa65       0x22 CMakeFiles/Studienarbeit_Display.dir/D_/Pico/pico-sdk/src/rp2_common/pico_float/float_v1_rom_shim.S.obj
 .debug_info    0x0000fa87       0x22 CMakeFiles/Studienarbeit_Display.dir/D_/Pico/pico-sdk/src/rp2_common/pico_mem_ops/mem_ops_aeabi.S.obj
 .debug_info    0x0000faa9       0x22 CMakeFiles/Studienarbeit_Display.dir/D_/Pico/pico-sdk/src/rp2_common/pico_standard_link/crt0.S.obj
 .debug_info    0x0000facb      0x2f6 CMakeFiles/Studienarbeit_Display.dir/D_/Pico/pico-sdk/src/rp2_common/pico_standard_link/binary_info.c.obj
 .debug_info    0x0000fdc1      0xfc9 CMakeFiles/Studienarbeit_Display.dir/D_/Pico/pico-sdk/src/rp2_common/pico_stdio/stdio.c.obj
 .debug_info    0x00010d8a     0x13d9 CMakeFiles/Studienarbeit_Display.dir/D_/Pico/pico-sdk/src/rp2_common/hardware_i2c/i2c.c.obj

.debug_abbrev   0x00000000     0x3c46
 .debug_abbrev  0x00000000      0x4b4 CMakeFiles/Studienarbeit_Display.dir/Studienarbeit_Display.c.obj
 .debug_abbrev  0x000004b4      0x2f1 CMakeFiles/Studienarbeit_Display.dir/D_/Pico/pico-sdk/src/rp2_common/hardware_gpio/gpio.c.obj
 .debug_abbrev  0x000007a5      0x249 CMakeFiles/Studienarbeit_Display.dir/D_/Pico/pico-sdk/src/rp2_common/hardware_claim/claim.c.obj
 .debug_abbrev  0x000009ee      0x1f8 CMakeFiles/Studienarbeit_Display.dir/D_/Pico/pico-sdk/src/rp2_common/hardware_sync/sync.c.obj
 .debug_abbrev  0x00000be6       0xeb CMakeFiles/Studienarbeit_Display.dir/D_/Pico/pico-sdk/src/rp2_common/pico_platform/platform.c.obj
 .debug_abbrev  0x00000cd1      0x522 CMakeFiles/Studienarbeit_Display.dir/D_/Pico/pico-sdk/src/common/pico_time/time.c.obj
 .debug_abbrev  0x000011f3      0x308 CMakeFiles/Studienarbeit_Display.dir/D_/Pico/pico-sdk/src/rp2_common/hardware_timer/timer.c.obj
 .debug_abbrev  0x000014fb      0x114 CMakeFiles/Studienarbeit_Display.dir/D_/Pico/pico-sdk/src/common/pico_sync/lock_core.c.obj
 .debug_abbrev  0x0000160f      0x2e9 CMakeFiles/Studienarbeit_Display.dir/D_/Pico/pico-sdk/src/common/pico_sync/mutex.c.obj
 .debug_abbrev  0x000018f8      0x297 CMakeFiles/Studienarbeit_Display.dir/D_/Pico/pico-sdk/src/common/pico_util/pheap.c.obj
 .debug_abbrev  0x00001b8f      0x32d CMakeFiles/Studienarbeit_Display.dir/D_/Pico/pico-sdk/src/rp2_common/pico_runtime/runtime.c.obj
 .debug_abbrev  0x00001ebc      0x388 CMakeFiles/Studienarbeit_Display.dir/D_/Pico/pico-sdk/src/rp2_common/hardware_clocks/clocks.c.obj
 .debug_abbrev  0x00002244      0x1b1 CMakeFiles/Studienarbeit_Display.dir/D_/Pico/pico-sdk/src/rp2_common/hardware_watchdog/watchdog.c.obj
 .debug_abbrev  0x000023f5      0x12c CMakeFiles/Studienarbeit_Display.dir/D_/Pico/pico-sdk/src/rp2_common/hardware_xosc/xosc.c.obj
 .debug_abbrev  0x00002521      0x1cf CMakeFiles/Studienarbeit_Display.dir/D_/Pico/pico-sdk/src/rp2_common/hardware_pll/pll.c.obj
 .debug_abbrev  0x000026f0      0x47c CMakeFiles/Studienarbeit_Display.dir/D_/Pico/pico-sdk/src/rp2_common/hardware_irq/irq.c.obj
 .debug_abbrev  0x00002b6c       0x14 CMakeFiles/Studienarbeit_Display.dir/D_/Pico/pico-sdk/src/rp2_common/hardware_irq/irq_handler_chain.S.obj
 .debug_abbrev  0x00002b80      0x384 CMakeFiles/Studienarbeit_Display.dir/D_/Pico/pico-sdk/src/rp2_common/pico_printf/printf.c.obj
 .debug_abbrev  0x00002f04       0x12 CMakeFiles/Studienarbeit_Display.dir/D_/Pico/pico-sdk/src/rp2_common/pico_bit_ops/bit_ops_aeabi.S.obj
 .debug_abbrev  0x00002f16       0xf8 CMakeFiles/Studienarbeit_Display.dir/D_/Pico/pico-sdk/src/rp2_common/pico_bootrom/bootrom.c.obj
 .debug_abbrev  0x0000300e       0x12 CMakeFiles/Studienarbeit_Display.dir/D_/Pico/pico-sdk/src/rp2_common/pico_divider/divider.S.obj
 .debug_abbrev  0x00003020       0x12 CMakeFiles/Studienarbeit_Display.dir/D_/Pico/pico-sdk/src/rp2_common/pico_double/double_aeabi.S.obj
 .debug_abbrev  0x00003032      0x166 CMakeFiles/Studienarbeit_Display.dir/D_/Pico/pico-sdk/src/rp2_common/pico_double/double_init_rom.c.obj
 .debug_abbrev  0x00003198       0x12 CMakeFiles/Studienarbeit_Display.dir/D_/Pico/pico-sdk/src/rp2_common/pico_double/double_v1_rom_shim.S.obj
 .debug_abbrev  0x000031aa       0x14 CMakeFiles/Studienarbeit_Display.dir/D_/Pico/pico-sdk/src/rp2_common/pico_int64_ops/pico_int64_ops_aeabi.S.obj
 .debug_abbrev  0x000031be       0x12 CMakeFiles/Studienarbeit_Display.dir/D_/Pico/pico-sdk/src/rp2_common/pico_float/float_aeabi.S.obj
 .debug_abbrev  0x000031d0      0x179 CMakeFiles/Studienarbeit_Display.dir/D_/Pico/pico-sdk/src/rp2_common/pico_float/float_init_rom.c.obj
 .debug_abbrev  0x00003349       0x12 CMakeFiles/Studienarbeit_Display.dir/D_/Pico/pico-sdk/src/rp2_common/pico_float/float_v1_rom_shim.S.obj
 .debug_abbrev  0x0000335b       0x12 CMakeFiles/Studienarbeit_Display.dir/D_/Pico/pico-sdk/src/rp2_common/pico_mem_ops/mem_ops_aeabi.S.obj
 .debug_abbrev  0x0000336d       0x12 CMakeFiles/Studienarbeit_Display.dir/D_/Pico/pico-sdk/src/rp2_common/pico_standard_link/crt0.S.obj
 .debug_abbrev  0x0000337f       0xad CMakeFiles/Studienarbeit_Display.dir/D_/Pico/pico-sdk/src/rp2_common/pico_standard_link/binary_info.c.obj
 .debug_abbrev  0x0000342c      0x46b CMakeFiles/Studienarbeit_Display.dir/D_/Pico/pico-sdk/src/rp2_common/pico_stdio/stdio.c.obj
 .debug_abbrev  0x00003897      0x3af CMakeFiles/Studienarbeit_Display.dir/D_/Pico/pico-sdk/src/rp2_common/hardware_i2c/i2c.c.obj

.debug_loc      0x00000000     0xcfed
 .debug_loc     0x00000000      0xc24 CMakeFiles/Studienarbeit_Display.dir/Studienarbeit_Display.c.obj
 .debug_loc     0x00000c24      0xafe CMakeFiles/Studienarbeit_Display.dir/D_/Pico/pico-sdk/src/rp2_common/hardware_gpio/gpio.c.obj
 .debug_loc     0x00001722      0x457 CMakeFiles/Studienarbeit_Display.dir/D_/Pico/pico-sdk/src/rp2_common/hardware_claim/claim.c.obj
 .debug_loc     0x00001b79      0x1d7 CMakeFiles/Studienarbeit_Display.dir/D_/Pico/pico-sdk/src/rp2_common/hardware_sync/sync.c.obj
 .debug_loc     0x00001d50       0xe9 CMakeFiles/Studienarbeit_Display.dir/D_/Pico/pico-sdk/src/rp2_common/pico_platform/platform.c.obj
 .debug_loc     0x00001e39     0x2c8f CMakeFiles/Studienarbeit_Display.dir/D_/Pico/pico-sdk/src/common/pico_time/time.c.obj
 .debug_loc     0x00004ac8      0x7ed CMakeFiles/Studienarbeit_Display.dir/D_/Pico/pico-sdk/src/rp2_common/hardware_timer/timer.c.obj
 .debug_loc     0x000052b5       0x60 CMakeFiles/Studienarbeit_Display.dir/D_/Pico/pico-sdk/src/common/pico_sync/lock_core.c.obj
 .debug_loc     0x00005315      0x6a3 CMakeFiles/Studienarbeit_Display.dir/D_/Pico/pico-sdk/src/common/pico_sync/mutex.c.obj
 .debug_loc     0x000059b8     0x1439 CMakeFiles/Studienarbeit_Display.dir/D_/Pico/pico-sdk/src/common/pico_util/pheap.c.obj
 .debug_loc     0x00006df1      0x3b3 CMakeFiles/Studienarbeit_Display.dir/D_/Pico/pico-sdk/src/rp2_common/pico_runtime/runtime.c.obj
 .debug_loc     0x000071a4      0x890 CMakeFiles/Studienarbeit_Display.dir/D_/Pico/pico-sdk/src/rp2_common/hardware_clocks/clocks.c.obj
 .debug_loc     0x00007a34      0x267 CMakeFiles/Studienarbeit_Display.dir/D_/Pico/pico-sdk/src/rp2_common/hardware_watchdog/watchdog.c.obj
 .debug_loc     0x00007c9b       0x71 CMakeFiles/Studienarbeit_Display.dir/D_/Pico/pico-sdk/src/rp2_common/hardware_xosc/xosc.c.obj
 .debug_loc     0x00007d0c      0x228 CMakeFiles/Studienarbeit_Display.dir/D_/Pico/pico-sdk/src/rp2_common/hardware_pll/pll.c.obj
 .debug_loc     0x00007f34     0x1186 CMakeFiles/Studienarbeit_Display.dir/D_/Pico/pico-sdk/src/rp2_common/hardware_irq/irq.c.obj
 .debug_loc     0x000090ba     0x2095 CMakeFiles/Studienarbeit_Display.dir/D_/Pico/pico-sdk/src/rp2_common/pico_printf/printf.c.obj
 .debug_loc     0x0000b14f      0x16f CMakeFiles/Studienarbeit_Display.dir/D_/Pico/pico-sdk/src/rp2_common/pico_bootrom/bootrom.c.obj
 .debug_loc     0x0000b2be       0x59 CMakeFiles/Studienarbeit_Display.dir/D_/Pico/pico-sdk/src/rp2_common/pico_double/double_init_rom.c.obj
 .debug_loc     0x0000b317       0x73 CMakeFiles/Studienarbeit_Display.dir/D_/Pico/pico-sdk/src/rp2_common/pico_float/float_init_rom.c.obj
 .debug_loc     0x0000b38a      0xa31 CMakeFiles/Studienarbeit_Display.dir/D_/Pico/pico-sdk/src/rp2_common/pico_stdio/stdio.c.obj
 .debug_loc     0x0000bdbb     0x1232 CMakeFiles/Studienarbeit_Display.dir/D_/Pico/pico-sdk/src/rp2_common/hardware_i2c/i2c.c.obj

.debug_aranges  0x00000000      0xd60
 .debug_aranges
                0x00000000       0xc8 CMakeFiles/Studienarbeit_Display.dir/Studienarbeit_Display.c.obj
 .debug_aranges
                0x000000c8       0xa0 CMakeFiles/Studienarbeit_Display.dir/D_/Pico/pico-sdk/src/rp2_common/hardware_gpio/gpio.c.obj
 .debug_aranges
                0x00000168       0x48 CMakeFiles/Studienarbeit_Display.dir/D_/Pico/pico-sdk/src/rp2_common/hardware_claim/claim.c.obj
 .debug_aranges
                0x000001b0       0x50 CMakeFiles/Studienarbeit_Display.dir/D_/Pico/pico-sdk/src/rp2_common/hardware_sync/sync.c.obj
 .debug_aranges
                0x00000200       0x28 CMakeFiles/Studienarbeit_Display.dir/D_/Pico/pico-sdk/src/rp2_common/pico_platform/platform.c.obj
 .debug_aranges
                0x00000228       0xd0 CMakeFiles/Studienarbeit_Display.dir/D_/Pico/pico-sdk/src/common/pico_time/time.c.obj
 .debug_aranges
                0x000002f8       0x68 CMakeFiles/Studienarbeit_Display.dir/D_/Pico/pico-sdk/src/rp2_common/hardware_timer/timer.c.obj
 .debug_aranges
                0x00000360       0x20 CMakeFiles/Studienarbeit_Display.dir/D_/Pico/pico-sdk/src/common/pico_sync/lock_core.c.obj
 .debug_aranges
                0x00000380       0x48 CMakeFiles/Studienarbeit_Display.dir/D_/Pico/pico-sdk/src/common/pico_sync/mutex.c.obj
 .debug_aranges
                0x000003c8       0x78 CMakeFiles/Studienarbeit_Display.dir/D_/Pico/pico-sdk/src/common/pico_util/pheap.c.obj
 .debug_aranges
                0x00000440       0x60 CMakeFiles/Studienarbeit_Display.dir/D_/Pico/pico-sdk/src/rp2_common/pico_runtime/runtime.c.obj
 .debug_aranges
                0x000004a0       0x70 CMakeFiles/Studienarbeit_Display.dir/D_/Pico/pico-sdk/src/rp2_common/hardware_clocks/clocks.c.obj
 .debug_aranges
                0x00000510       0x50 CMakeFiles/Studienarbeit_Display.dir/D_/Pico/pico-sdk/src/rp2_common/hardware_watchdog/watchdog.c.obj
 .debug_aranges
                0x00000560       0x30 CMakeFiles/Studienarbeit_Display.dir/D_/Pico/pico-sdk/src/rp2_common/hardware_xosc/xosc.c.obj
 .debug_aranges
                0x00000590       0x28 CMakeFiles/Studienarbeit_Display.dir/D_/Pico/pico-sdk/src/rp2_common/hardware_pll/pll.c.obj
 .debug_aranges
                0x000005b8       0x90 CMakeFiles/Studienarbeit_Display.dir/D_/Pico/pico-sdk/src/rp2_common/hardware_irq/irq.c.obj
 .debug_aranges
                0x00000648       0x20 CMakeFiles/Studienarbeit_Display.dir/D_/Pico/pico-sdk/src/rp2_common/hardware_irq/irq_handler_chain.S.obj
 .debug_aranges
                0x00000668       0x90 CMakeFiles/Studienarbeit_Display.dir/D_/Pico/pico-sdk/src/rp2_common/pico_printf/printf.c.obj
 .debug_aranges
                0x000006f8       0x68 CMakeFiles/Studienarbeit_Display.dir/D_/Pico/pico-sdk/src/rp2_common/pico_bit_ops/bit_ops_aeabi.S.obj
 .debug_aranges
                0x00000760       0x30 CMakeFiles/Studienarbeit_Display.dir/D_/Pico/pico-sdk/src/rp2_common/pico_bootrom/bootrom.c.obj
 .debug_aranges
                0x00000790       0x40 CMakeFiles/Studienarbeit_Display.dir/D_/Pico/pico-sdk/src/rp2_common/pico_divider/divider.S.obj
 .debug_aranges
                0x000007d0      0x140 CMakeFiles/Studienarbeit_Display.dir/D_/Pico/pico-sdk/src/rp2_common/pico_double/double_aeabi.S.obj
 .debug_aranges
                0x00000910       0x20 CMakeFiles/Studienarbeit_Display.dir/D_/Pico/pico-sdk/src/rp2_common/pico_double/double_init_rom.c.obj
 .debug_aranges
                0x00000930       0xc8 CMakeFiles/Studienarbeit_Display.dir/D_/Pico/pico-sdk/src/rp2_common/pico_double/double_v1_rom_shim.S.obj
 .debug_aranges
                0x000009f8       0x20 CMakeFiles/Studienarbeit_Display.dir/D_/Pico/pico-sdk/src/rp2_common/pico_int64_ops/pico_int64_ops_aeabi.S.obj
 .debug_aranges
                0x00000a18      0x130 CMakeFiles/Studienarbeit_Display.dir/D_/Pico/pico-sdk/src/rp2_common/pico_float/float_aeabi.S.obj
 .debug_aranges
                0x00000b48       0x20 CMakeFiles/Studienarbeit_Display.dir/D_/Pico/pico-sdk/src/rp2_common/pico_float/float_init_rom.c.obj
 .debug_aranges
                0x00000b68       0x50 CMakeFiles/Studienarbeit_Display.dir/D_/Pico/pico-sdk/src/rp2_common/pico_float/float_v1_rom_shim.S.obj
 .debug_aranges
                0x00000bb8       0x38 CMakeFiles/Studienarbeit_Display.dir/D_/Pico/pico-sdk/src/rp2_common/pico_mem_ops/mem_ops_aeabi.S.obj
 .debug_aranges
                0x00000bf0       0x28 CMakeFiles/Studienarbeit_Display.dir/D_/Pico/pico-sdk/src/rp2_common/pico_standard_link/crt0.S.obj
 .debug_aranges
                0x00000c18       0x18 CMakeFiles/Studienarbeit_Display.dir/D_/Pico/pico-sdk/src/rp2_common/pico_standard_link/binary_info.c.obj
 .debug_aranges
                0x00000c30       0xb8 CMakeFiles/Studienarbeit_Display.dir/D_/Pico/pico-sdk/src/rp2_common/pico_stdio/stdio.c.obj
 .debug_aranges
                0x00000ce8       0x78 CMakeFiles/Studienarbeit_Display.dir/D_/Pico/pico-sdk/src/rp2_common/hardware_i2c/i2c.c.obj

.debug_ranges   0x00000000     0x2588
 .debug_ranges  0x00000000      0x178 CMakeFiles/Studienarbeit_Display.dir/Studienarbeit_Display.c.obj
 .debug_ranges  0x00000178       0xa8 CMakeFiles/Studienarbeit_Display.dir/D_/Pico/pico-sdk/src/rp2_common/hardware_gpio/gpio.c.obj
 .debug_ranges  0x00000220       0xd8 CMakeFiles/Studienarbeit_Display.dir/D_/Pico/pico-sdk/src/rp2_common/hardware_claim/claim.c.obj
 .debug_ranges  0x000002f8       0xb8 CMakeFiles/Studienarbeit_Display.dir/D_/Pico/pico-sdk/src/rp2_common/hardware_sync/sync.c.obj